[0.058s] Invoking command in '/home/fabiocar/fabiocar/build/vesc_msgs': CMAKE_PREFIX_PATH=${CMAKE_PREFIX_PATH}:/home/fabiocar/roboracer_ws/install/f1tenth_stack:/home/fabiocar/roboracer_ws/install/mpc_controller:/home/fabiocar/roboracer_ws/install/llm_mpc_tuner:/opt/ros/humble /usr/bin/cmake --build /home/fabiocar/fabiocar/build/vesc_msgs -- -j12 -l12
[1.111s] [35m[1mConsolidate compiler generated dependencies of target vesc_msgs__rosidl_generator_c[0m
[1.112s] [  2%] Built target vesc_msgs__cpp
[1.113s] [ 12%] Built target vesc_msgs__rosidl_generator_c
[1.114s] [ 12%] Built target ament_cmake_python_symlink_vesc_msgs
[1.114s] [35m[1mConsolidate compiler generated dependencies of target vesc_msgs__rosidl_typesupport_cpp[0m
[1.114s] [35m[1mConsolidate compiler generated dependencies of target vesc_msgs__rosidl_typesupport_introspection_cpp[0m
[1.114s] [35m[1mConsolidate compiler generated dependencies of target vesc_msgs__rosidl_typesupport_fastrtps_cpp[0m
[1.115s] [35m[1mConsolidate compiler generated dependencies of target vesc_msgs__rosidl_typesupport_c[0m
[1.115s] [35m[1mConsolidate compiler generated dependencies of target vesc_msgs__rosidl_typesupport_introspection_c[0m
[1.115s] [35m[1mConsolidate compiler generated dependencies of target vesc_msgs__rosidl_typesupport_fastrtps_c[0m
[1.115s] [ 61%] Built target vesc_msgs__rosidl_typesupport_cpp
[1.115s] [ 64%] Built target vesc_msgs__rosidl_typesupport_introspection_c
[1.115s] [ 61%] Built target vesc_msgs__rosidl_typesupport_fastrtps_cpp
[1.115s] [ 61%] Built target vesc_msgs__rosidl_typesupport_c
[1.116s] [ 64%] Built target vesc_msgs__rosidl_typesupport_introspection_cpp
[1.116s] [ 74%] Built target vesc_msgs__rosidl_typesupport_fastrtps_c
[1.116s] [ 74%] Built target vesc_msgs
[1.116s] [ 76%] Built target vesc_msgs__py
[1.116s] [35m[1mConsolidate compiler generated dependencies of target vesc_msgs__rosidl_generator_py[0m
[1.116s] [ 84%] Built target vesc_msgs__rosidl_generator_py
[1.116s] [35m[1mConsolidate compiler generated dependencies of target vesc_msgs__rosidl_typesupport_fastrtps_c__pyext[0m
[1.117s] [35m[1mConsolidate compiler generated dependencies of target vesc_msgs__rosidl_typesupport_c__pyext[0m
[1.117s] [35m[1mConsolidate compiler generated dependencies of target vesc_msgs__rosidl_typesupport_introspection_c__pyext[0m
[1.117s] [ 94%] Built target vesc_msgs__rosidl_typesupport_c__pyext
[1.117s] [ 94%] Built target vesc_msgs__rosidl_typesupport_introspection_c__pyext
[1.117s] [100%] Built target vesc_msgs__rosidl_typesupport_fastrtps_c__pyext
[1.117s] running egg_info
[1.117s] writing vesc_msgs.egg-info/PKG-INFO
[1.117s] writing dependency_links to vesc_msgs.egg-info/dependency_links.txt
[1.118s] writing top-level names to vesc_msgs.egg-info/top_level.txt
[1.118s] reading manifest file 'vesc_msgs.egg-info/SOURCES.txt'
[1.118s] writing manifest file 'vesc_msgs.egg-info/SOURCES.txt'
[1.118s] [100%] Built target ament_cmake_python_build_vesc_msgs_egg
[1.451s] Invoked command in '/home/fabiocar/fabiocar/build/vesc_msgs' returned '0': CMAKE_PREFIX_PATH=${CMAKE_PREFIX_PATH}:/home/fabiocar/roboracer_ws/install/f1tenth_stack:/home/fabiocar/roboracer_ws/install/mpc_controller:/home/fabiocar/roboracer_ws/install/llm_mpc_tuner:/opt/ros/humble /usr/bin/cmake --build /home/fabiocar/fabiocar/build/vesc_msgs -- -j12 -l12
[1.468s] Invoking command in '/home/fabiocar/fabiocar/build/vesc_msgs': CMAKE_PREFIX_PATH=${CMAKE_PREFIX_PATH}:/home/fabiocar/roboracer_ws/install/f1tenth_stack:/home/fabiocar/roboracer_ws/install/mpc_controller:/home/fabiocar/roboracer_ws/install/llm_mpc_tuner:/opt/ros/humble /usr/bin/cmake --install /home/fabiocar/fabiocar/build/vesc_msgs
[1.482s] -- Install configuration: ""
[1.483s] -- Execute custom install script
[1.484s] -- Up-to-date symlink: /home/fabiocar/fabiocar/install/vesc_msgs/share/ament_index/resource_index/rosidl_interfaces/vesc_msgs
[1.486s] -- Up-to-date symlink: /home/fabiocar/fabiocar/install/vesc_msgs/include/vesc_msgs/vesc_msgs/msg/detail/vesc_state__functions.h
[1.487s] -- Up-to-date symlink: /home/fabiocar/fabiocar/install/vesc_msgs/include/vesc_msgs/vesc_msgs/msg/detail/vesc_state__struct.h
[1.488s] -- Up-to-date symlink: /home/fabiocar/fabiocar/install/vesc_msgs/include/vesc_msgs/vesc_msgs/msg/detail/vesc_state__type_support.h
[1.489s] -- Up-to-date symlink: /home/fabiocar/fabiocar/install/vesc_msgs/include/vesc_msgs/vesc_msgs/msg/detail/vesc_state_stamped__functions.h
[1.489s] -- Up-to-date symlink: /home/fabiocar/fabiocar/install/vesc_msgs/include/vesc_msgs/vesc_msgs/msg/detail/vesc_state_stamped__struct.h
[1.489s] -- Up-to-date symlink: /home/fabiocar/fabiocar/install/vesc_msgs/include/vesc_msgs/vesc_msgs/msg/detail/vesc_state_stamped__type_support.h
[1.489s] -- Up-to-date symlink: /home/fabiocar/fabiocar/install/vesc_msgs/include/vesc_msgs/vesc_msgs/msg/rosidl_generator_c__visibility_control.h
[1.489s] -- Up-to-date symlink: /home/fabiocar/fabiocar/install/vesc_msgs/include/vesc_msgs/vesc_msgs/msg/vesc_state.h
[1.489s] -- Up-to-date symlink: /home/fabiocar/fabiocar/install/vesc_msgs/include/vesc_msgs/vesc_msgs/msg/vesc_state_stamped.h
[1.490s] -- Up-to-date symlink: /home/fabiocar/fabiocar/install/vesc_msgs/share/vesc_msgs/environment/library_path.sh
[1.490s] -- Up-to-date symlink: /home/fabiocar/fabiocar/install/vesc_msgs/share/vesc_msgs/environment/library_path.dsv
[1.490s] -- Up-to-date symlink: /home/fabiocar/fabiocar/install/vesc_msgs/include/vesc_msgs/vesc_msgs/msg/detail/vesc_state__rosidl_typesupport_fastrtps_c.h
[1.490s] -- Up-to-date symlink: /home/fabiocar/fabiocar/install/vesc_msgs/include/vesc_msgs/vesc_msgs/msg/detail/vesc_state_stamped__rosidl_typesupport_fastrtps_c.h
[1.490s] -- Up-to-date symlink: /home/fabiocar/fabiocar/install/vesc_msgs/include/vesc_msgs/vesc_msgs/msg/rosidl_typesupport_fastrtps_c__visibility_control.h
[1.490s] -- Up-to-date symlink: /home/fabiocar/fabiocar/install/vesc_msgs/include/vesc_msgs/vesc_msgs/msg/detail/vesc_state__rosidl_typesupport_introspection_c.h
[1.491s] -- Up-to-date symlink: /home/fabiocar/fabiocar/install/vesc_msgs/include/vesc_msgs/vesc_msgs/msg/detail/vesc_state_stamped__rosidl_typesupport_introspection_c.h
[1.491s] -- Up-to-date symlink: /home/fabiocar/fabiocar/install/vesc_msgs/include/vesc_msgs/vesc_msgs/msg/rosidl_typesupport_introspection_c__visibility_control.h
[1.491s] -- Up-to-date symlink: /home/fabiocar/fabiocar/install/vesc_msgs/include/vesc_msgs/vesc_msgs/msg/detail/vesc_state__builder.hpp
[1.491s] -- Up-to-date symlink: /home/fabiocar/fabiocar/install/vesc_msgs/include/vesc_msgs/vesc_msgs/msg/detail/vesc_state__struct.hpp
[1.491s] -- Up-to-date symlink: /home/fabiocar/fabiocar/install/vesc_msgs/include/vesc_msgs/vesc_msgs/msg/detail/vesc_state__traits.hpp
[1.491s] -- Up-to-date symlink: /home/fabiocar/fabiocar/install/vesc_msgs/include/vesc_msgs/vesc_msgs/msg/detail/vesc_state__type_support.hpp
[1.491s] -- Up-to-date symlink: /home/fabiocar/fabiocar/install/vesc_msgs/include/vesc_msgs/vesc_msgs/msg/detail/vesc_state_stamped__builder.hpp
[1.492s] -- Up-to-date symlink: /home/fabiocar/fabiocar/install/vesc_msgs/include/vesc_msgs/vesc_msgs/msg/detail/vesc_state_stamped__struct.hpp
[1.492s] -- Up-to-date symlink: /home/fabiocar/fabiocar/install/vesc_msgs/include/vesc_msgs/vesc_msgs/msg/detail/vesc_state_stamped__traits.hpp
[1.492s] -- Up-to-date symlink: /home/fabiocar/fabiocar/install/vesc_msgs/include/vesc_msgs/vesc_msgs/msg/detail/vesc_state_stamped__type_support.hpp
[1.492s] -- Up-to-date symlink: /home/fabiocar/fabiocar/install/vesc_msgs/include/vesc_msgs/vesc_msgs/msg/rosidl_generator_cpp__visibility_control.hpp
[1.492s] -- Up-to-date symlink: /home/fabiocar/fabiocar/install/vesc_msgs/include/vesc_msgs/vesc_msgs/msg/vesc_state.hpp
[1.493s] -- Up-to-date symlink: /home/fabiocar/fabiocar/install/vesc_msgs/include/vesc_msgs/vesc_msgs/msg/vesc_state_stamped.hpp
[1.493s] -- Up-to-date symlink: /home/fabiocar/fabiocar/install/vesc_msgs/include/vesc_msgs/vesc_msgs/msg/detail/vesc_state__rosidl_typesupport_fastrtps_cpp.hpp
[1.493s] -- Up-to-date symlink: /home/fabiocar/fabiocar/install/vesc_msgs/include/vesc_msgs/vesc_msgs/msg/detail/vesc_state_stamped__rosidl_typesupport_fastrtps_cpp.hpp
[1.493s] -- Up-to-date symlink: /home/fabiocar/fabiocar/install/vesc_msgs/include/vesc_msgs/vesc_msgs/msg/rosidl_typesupport_fastrtps_cpp__visibility_control.h
[1.493s] -- Up-to-date symlink: /home/fabiocar/fabiocar/install/vesc_msgs/include/vesc_msgs/vesc_msgs/msg/detail/vesc_state__rosidl_typesupport_introspection_cpp.hpp
[1.493s] -- Up-to-date symlink: /home/fabiocar/fabiocar/install/vesc_msgs/include/vesc_msgs/vesc_msgs/msg/detail/vesc_state_stamped__rosidl_typesupport_introspection_cpp.hpp
[1.494s] -- Up-to-date symlink: /home/fabiocar/fabiocar/install/vesc_msgs/share/vesc_msgs/environment/pythonpath.sh
[1.494s] -- Up-to-date symlink: /home/fabiocar/fabiocar/install/vesc_msgs/share/vesc_msgs/environment/pythonpath.dsv
[1.494s] -- Up-to-date symlink: /home/fabiocar/fabiocar/install/vesc_msgs/local/lib/python3.10/dist-packages/vesc_msgs-1.1.0-py3.10.egg-info/PKG-INFO
[1.494s] -- Up-to-date symlink: /home/fabiocar/fabiocar/install/vesc_msgs/local/lib/python3.10/dist-packages/vesc_msgs-1.1.0-py3.10.egg-info/SOURCES.txt
[1.494s] -- Up-to-date symlink: /home/fabiocar/fabiocar/install/vesc_msgs/local/lib/python3.10/dist-packages/vesc_msgs-1.1.0-py3.10.egg-info/dependency_links.txt
[1.494s] -- Up-to-date symlink: /home/fabiocar/fabiocar/install/vesc_msgs/local/lib/python3.10/dist-packages/vesc_msgs-1.1.0-py3.10.egg-info/top_level.txt
[1.495s] -- Up-to-date symlink: /home/fabiocar/fabiocar/install/vesc_msgs/local/lib/python3.10/dist-packages/vesc_msgs/__init__.py
[1.495s] -- Up-to-date symlink: /home/fabiocar/fabiocar/install/vesc_msgs/local/lib/python3.10/dist-packages/vesc_msgs/_vesc_msgs_s.ep.rosidl_typesupport_c.c
[1.495s] -- Up-to-date symlink: /home/fabiocar/fabiocar/install/vesc_msgs/local/lib/python3.10/dist-packages/vesc_msgs/_vesc_msgs_s.ep.rosidl_typesupport_fastrtps_c.c
[1.496s] -- Up-to-date symlink: /home/fabiocar/fabiocar/install/vesc_msgs/local/lib/python3.10/dist-packages/vesc_msgs/_vesc_msgs_s.ep.rosidl_typesupport_introspection_c.c
[1.496s] -- Up-to-date symlink: /home/fabiocar/fabiocar/install/vesc_msgs/local/lib/python3.10/dist-packages/vesc_msgs/libvesc_msgs__rosidl_generator_py.so
[1.496s] -- Up-to-date symlink: /home/fabiocar/fabiocar/install/vesc_msgs/local/lib/python3.10/dist-packages/vesc_msgs/msg/__init__.py
[1.496s] -- Up-to-date symlink: /home/fabiocar/fabiocar/install/vesc_msgs/local/lib/python3.10/dist-packages/vesc_msgs/msg/_vesc_state.py
[1.497s] -- Up-to-date symlink: /home/fabiocar/fabiocar/install/vesc_msgs/local/lib/python3.10/dist-packages/vesc_msgs/msg/_vesc_state_s.c
[1.497s] -- Up-to-date symlink: /home/fabiocar/fabiocar/install/vesc_msgs/local/lib/python3.10/dist-packages/vesc_msgs/msg/_vesc_state_stamped.py
[1.497s] -- Up-to-date symlink: /home/fabiocar/fabiocar/install/vesc_msgs/local/lib/python3.10/dist-packages/vesc_msgs/msg/_vesc_state_stamped_s.c
[1.497s] -- Up-to-date symlink: /home/fabiocar/fabiocar/install/vesc_msgs/local/lib/python3.10/dist-packages/vesc_msgs/vesc_msgs_s__rosidl_typesupport_c.cpython-310-aarch64-linux-gnu.so
[1.497s] -- Up-to-date symlink: /home/fabiocar/fabiocar/install/vesc_msgs/local/lib/python3.10/dist-packages/vesc_msgs/vesc_msgs_s__rosidl_typesupport_fastrtps_c.cpython-310-aarch64-linux-gnu.so
[1.497s] -- Up-to-date symlink: /home/fabiocar/fabiocar/install/vesc_msgs/local/lib/python3.10/dist-packages/vesc_msgs/vesc_msgs_s__rosidl_typesupport_introspection_c.cpython-310-aarch64-linux-gnu.so
[1.498s] -- Up-to-date symlink: /home/fabiocar/fabiocar/install/vesc_msgs/local/lib/python3.10/dist-packages/vesc_msgs/vesc_msgs_s__rosidl_typesupport_fastrtps_c.cpython-310-aarch64-linux-gnu.so
[1.498s] -- Up-to-date symlink: /home/fabiocar/fabiocar/install/vesc_msgs/local/lib/python3.10/dist-packages/vesc_msgs/vesc_msgs_s__rosidl_typesupport_introspection_c.cpython-310-aarch64-linux-gnu.so
[1.498s] -- Up-to-date symlink: /home/fabiocar/fabiocar/install/vesc_msgs/local/lib/python3.10/dist-packages/vesc_msgs/vesc_msgs_s__rosidl_typesupport_c.cpython-310-aarch64-linux-gnu.so
[1.498s] -- Up-to-date symlink: /home/fabiocar/fabiocar/install/vesc_msgs/share/vesc_msgs/msg/VescState.idl
[1.499s] -- Up-to-date symlink: /home/fabiocar/fabiocar/install/vesc_msgs/share/vesc_msgs/msg/VescStateStamped.idl
[1.499s] -- Up-to-date symlink: /home/fabiocar/fabiocar/install/vesc_msgs/share/vesc_msgs/msg/VescState.msg
[1.500s] -- Up-to-date symlink: /home/fabiocar/fabiocar/install/vesc_msgs/share/vesc_msgs/msg/VescStateStamped.msg
[1.500s] -- Up-to-date symlink: /home/fabiocar/fabiocar/install/vesc_msgs/share/ament_index/resource_index/package_run_dependencies/vesc_msgs
[1.500s] -- Up-to-date symlink: /home/fabiocar/fabiocar/install/vesc_msgs/share/ament_index/resource_index/parent_prefix_path/vesc_msgs
[1.501s] -- Up-to-date symlink: /home/fabiocar/fabiocar/install/vesc_msgs/share/vesc_msgs/environment/ament_prefix_path.sh
[1.501s] -- Up-to-date symlink: /home/fabiocar/fabiocar/install/vesc_msgs/share/vesc_msgs/environment/ament_prefix_path.dsv
[1.501s] -- Up-to-date symlink: /home/fabiocar/fabiocar/install/vesc_msgs/share/vesc_msgs/environment/path.sh
[1.501s] -- Up-to-date symlink: /home/fabiocar/fabiocar/install/vesc_msgs/share/vesc_msgs/environment/path.dsv
[1.502s] -- Up-to-date symlink: /home/fabiocar/fabiocar/install/vesc_msgs/share/vesc_msgs/local_setup.bash
[1.502s] -- Up-to-date symlink: /home/fabiocar/fabiocar/install/vesc_msgs/share/vesc_msgs/local_setup.sh
[1.502s] -- Up-to-date symlink: /home/fabiocar/fabiocar/install/vesc_msgs/share/vesc_msgs/local_setup.zsh
[1.502s] -- Up-to-date symlink: /home/fabiocar/fabiocar/install/vesc_msgs/share/vesc_msgs/local_setup.dsv
[1.502s] -- Symlinking: /home/fabiocar/fabiocar/install/vesc_msgs/share/vesc_msgs/package.dsv
[1.516s] -- Up-to-date symlink: /home/fabiocar/fabiocar/install/vesc_msgs/share/ament_index/resource_index/packages/vesc_msgs
[1.516s] -- Up-to-date symlink: /home/fabiocar/fabiocar/install/vesc_msgs/share/vesc_msgs/cmake/rosidl_cmake-extras.cmake
[1.516s] -- Up-to-date symlink: /home/fabiocar/fabiocar/install/vesc_msgs/share/vesc_msgs/cmake/ament_cmake_export_dependencies-extras.cmake
[1.517s] -- Up-to-date symlink: /home/fabiocar/fabiocar/install/vesc_msgs/share/vesc_msgs/cmake/ament_cmake_export_include_directories-extras.cmake
[1.517s] -- Up-to-date symlink: /home/fabiocar/fabiocar/install/vesc_msgs/share/vesc_msgs/cmake/ament_cmake_export_libraries-extras.cmake
[1.517s] -- Up-to-date symlink: /home/fabiocar/fabiocar/install/vesc_msgs/share/vesc_msgs/cmake/ament_cmake_export_targets-extras.cmake
[1.517s] -- Up-to-date symlink: /home/fabiocar/fabiocar/install/vesc_msgs/share/vesc_msgs/cmake/rosidl_cmake_export_typesupport_targets-extras.cmake
[1.517s] -- Up-to-date symlink: /home/fabiocar/fabiocar/install/vesc_msgs/share/vesc_msgs/cmake/rosidl_cmake_export_typesupport_libraries-extras.cmake
[1.517s] -- Up-to-date symlink: /home/fabiocar/fabiocar/install/vesc_msgs/share/vesc_msgs/cmake/vesc_msgsConfig.cmake
[1.517s] -- Up-to-date symlink: /home/fabiocar/fabiocar/install/vesc_msgs/share/vesc_msgs/cmake/vesc_msgsConfig-version.cmake
[1.518s] -- Up-to-date symlink: /home/fabiocar/fabiocar/install/vesc_msgs/share/vesc_msgs/package.xml
[1.518s] -- Up-to-date: /home/fabiocar/fabiocar/install/vesc_msgs/lib/libvesc_msgs__rosidl_generator_c.so
[1.518s] -- Up-to-date: /home/fabiocar/fabiocar/install/vesc_msgs/lib/libvesc_msgs__rosidl_typesupport_fastrtps_c.so
[1.519s] -- Up-to-date: /home/fabiocar/fabiocar/install/vesc_msgs/lib/libvesc_msgs__rosidl_typesupport_introspection_c.so
[1.519s] -- Up-to-date: /home/fabiocar/fabiocar/install/vesc_msgs/lib/libvesc_msgs__rosidl_typesupport_c.so
[1.519s] -- Up-to-date: /home/fabiocar/fabiocar/install/vesc_msgs/lib/libvesc_msgs__rosidl_typesupport_fastrtps_cpp.so
[1.520s] -- Up-to-date: /home/fabiocar/fabiocar/install/vesc_msgs/lib/libvesc_msgs__rosidl_typesupport_introspection_cpp.so
[1.520s] -- Up-to-date: /home/fabiocar/fabiocar/install/vesc_msgs/lib/libvesc_msgs__rosidl_typesupport_cpp.so
[1.573s] Listing '/home/fabiocar/fabiocar/install/vesc_msgs/local/lib/python3.10/dist-packages/vesc_msgs'...
[1.573s] Listing '/home/fabiocar/fabiocar/install/vesc_msgs/local/lib/python3.10/dist-packages/vesc_msgs/msg'...
[1.582s] -- Up-to-date: /home/fabiocar/fabiocar/install/vesc_msgs/lib/libvesc_msgs__rosidl_generator_py.so
[1.582s] -- Up-to-date: /home/fabiocar/fabiocar/install/vesc_msgs/share/vesc_msgs/cmake/export_vesc_msgs__rosidl_generator_cExport.cmake
[1.582s] -- Up-to-date: /home/fabiocar/fabiocar/install/vesc_msgs/share/vesc_msgs/cmake/export_vesc_msgs__rosidl_generator_cExport-noconfig.cmake
[1.582s] -- Up-to-date: /home/fabiocar/fabiocar/install/vesc_msgs/share/vesc_msgs/cmake/export_vesc_msgs__rosidl_typesupport_fastrtps_cExport.cmake
[1.583s] -- Up-to-date: /home/fabiocar/fabiocar/install/vesc_msgs/share/vesc_msgs/cmake/export_vesc_msgs__rosidl_typesupport_fastrtps_cExport-noconfig.cmake
[1.583s] -- Up-to-date: /home/fabiocar/fabiocar/install/vesc_msgs/share/vesc_msgs/cmake/vesc_msgs__rosidl_typesupport_introspection_cExport.cmake
[1.583s] -- Up-to-date: /home/fabiocar/fabiocar/install/vesc_msgs/share/vesc_msgs/cmake/vesc_msgs__rosidl_typesupport_introspection_cExport-noconfig.cmake
[1.583s] -- Up-to-date: /home/fabiocar/fabiocar/install/vesc_msgs/share/vesc_msgs/cmake/vesc_msgs__rosidl_typesupport_cExport.cmake
[1.583s] -- Up-to-date: /home/fabiocar/fabiocar/install/vesc_msgs/share/vesc_msgs/cmake/vesc_msgs__rosidl_typesupport_cExport-noconfig.cmake
[1.583s] -- Up-to-date: /home/fabiocar/fabiocar/install/vesc_msgs/share/vesc_msgs/cmake/export_vesc_msgs__rosidl_generator_cppExport.cmake
[1.583s] -- Up-to-date: /home/fabiocar/fabiocar/install/vesc_msgs/share/vesc_msgs/cmake/export_vesc_msgs__rosidl_typesupport_fastrtps_cppExport.cmake
[1.583s] -- Up-to-date: /home/fabiocar/fabiocar/install/vesc_msgs/share/vesc_msgs/cmake/export_vesc_msgs__rosidl_typesupport_fastrtps_cppExport-noconfig.cmake
[1.584s] -- Up-to-date: /home/fabiocar/fabiocar/install/vesc_msgs/share/vesc_msgs/cmake/vesc_msgs__rosidl_typesupport_introspection_cppExport.cmake
[1.584s] -- Up-to-date: /home/fabiocar/fabiocar/install/vesc_msgs/share/vesc_msgs/cmake/vesc_msgs__rosidl_typesupport_introspection_cppExport-noconfig.cmake
[1.584s] -- Up-to-date: /home/fabiocar/fabiocar/install/vesc_msgs/share/vesc_msgs/cmake/vesc_msgs__rosidl_typesupport_cppExport.cmake
[1.584s] -- Up-to-date: /home/fabiocar/fabiocar/install/vesc_msgs/share/vesc_msgs/cmake/vesc_msgs__rosidl_typesupport_cppExport-noconfig.cmake
[1.584s] -- Up-to-date: /home/fabiocar/fabiocar/install/vesc_msgs/share/vesc_msgs/cmake/export_vesc_msgs__rosidl_generator_pyExport.cmake
[1.584s] -- Up-to-date: /home/fabiocar/fabiocar/install/vesc_msgs/share/vesc_msgs/cmake/export_vesc_msgs__rosidl_generator_pyExport-noconfig.cmake
[1.589s] Invoked command in '/home/fabiocar/fabiocar/build/vesc_msgs' returned '0': CMAKE_PREFIX_PATH=${CMAKE_PREFIX_PATH}:/home/fabiocar/roboracer_ws/install/f1tenth_stack:/home/fabiocar/roboracer_ws/install/mpc_controller:/home/fabiocar/roboracer_ws/install/llm_mpc_tuner:/opt/ros/humble /usr/bin/cmake --install /home/fabiocar/fabiocar/build/vesc_msgs
