[0.017s] Invoking command in '/home/fabiocar/fabiocar/build/vesc_msgs': CMAKE_PREFIX_PATH=${CMAKE_PREFIX_PATH}:/home/fabiocar/roboracer_ws/install/f1tenth_stack:/home/fabiocar/roboracer_ws/install/mpc_controller:/home/fabiocar/roboracer_ws/install/llm_mpc_tuner:/opt/ros/humble /usr/bin/cmake /home/fabiocar/fabiocar/src/f1tenth_system/vesc/vesc_msgs -DAMENT_CMAKE_SYMLINK_INSTALL=1 -DCMAKE_INSTALL_PREFIX=/home/fabiocar/fabiocar/install/vesc_msgs
[0.112s] -- The C compiler identification is GNU 11.4.0
[0.205s] -- The CXX compiler identification is GNU 11.4.0
[0.227s] -- Detecting C compiler ABI info
[0.352s] -- Detecting C compiler ABI info - done
[0.377s] -- Check for working C compiler: /usr/bin/cc - skipped
[0.378s] -- Detecting C compile features
[0.379s] -- Detecting C compile features - done
[0.390s] -- Detecting CXX compiler ABI info
[0.538s] -- Detecting CXX compiler ABI info - done
[0.563s] -- Check for working CXX compiler: /usr/bin/c++ - skipped
[0.564s] -- Detecting CXX compile features
[0.566s] -- Detecting CXX compile features - done
[0.575s] -- Found ament_cmake_auto: 1.3.14 (/opt/ros/humble/share/ament_cmake_auto/cmake)
[1.191s] -- Found Python3: /usr/bin/python3 (found version "3.10.12") found components: Interpreter 
[1.299s] -- Override CMake install command with custom implementation using symlinks instead of copying resources
[1.506s] -- Using all available rosidl_typesupport_c: rosidl_typesupport_fastrtps_c;rosidl_typesupport_introspection_c
[1.528s] -- Found rosidl_adapter: 3.1.8 (/opt/ros/humble/share/rosidl_adapter/cmake)
[1.607s] -- Using all available rosidl_typesupport_cpp: rosidl_typesupport_fastrtps_cpp;rosidl_typesupport_introspection_cpp
[2.089s] -- Found ament_cmake_ros: 0.10.0 (/opt/ros/humble/share/ament_cmake_ros/cmake)
[2.545s] -- Using all available rosidl_typesupport_c: rosidl_typesupport_fastrtps_c;rosidl_typesupport_introspection_c
[3.140s] -- Using all available rosidl_typesupport_cpp: rosidl_typesupport_fastrtps_cpp;rosidl_typesupport_introspection_cpp
[3.187s] -- Found PythonInterp: /usr/bin/python3 (found suitable version "3.10.12", minimum required is "3.6") 
[3.190s] -- Found python_cmake_module: 0.10.0 (/opt/ros/humble/share/python_cmake_module/cmake)
[3.248s] -- Found PythonLibs: /usr/lib/aarch64-linux-gnu/libpython3.10.so (found suitable version "3.10.12", minimum required is "3.5") 
[3.249s] -- Using PYTHON_EXECUTABLE: /usr/bin/python3
[3.249s] -- Using PYTHON_INCLUDE_DIRS: /usr/include/python3.10
[3.249s] -- Using PYTHON_LIBRARIES: /usr/lib/aarch64-linux-gnu/libpython3.10.so
[3.290s] -- Found PythonExtra: .so  
[3.419s] -- Found ament_lint_auto: 0.12.15 (/opt/ros/humble/share/ament_lint_auto/cmake)
[3.466s] -- Added test 'copyright' to check source files copyright and LICENSE
[3.468s] -- Added test 'lint_cmake' to check CMake code style
[3.469s] -- Added test 'xmllint' to check XML markup files
[3.475s] -- Configuring done
[3.525s] -- Generating done
[3.540s] -- Build files have been written to: /home/fabiocar/fabiocar/build/vesc_msgs
[3.552s] Invoked command in '/home/fabiocar/fabiocar/build/vesc_msgs' returned '0': CMAKE_PREFIX_PATH=${CMAKE_PREFIX_PATH}:/home/fabiocar/roboracer_ws/install/f1tenth_stack:/home/fabiocar/roboracer_ws/install/mpc_controller:/home/fabiocar/roboracer_ws/install/llm_mpc_tuner:/opt/ros/humble /usr/bin/cmake /home/fabiocar/fabiocar/src/f1tenth_system/vesc/vesc_msgs -DAMENT_CMAKE_SYMLINK_INSTALL=1 -DCMAKE_INSTALL_PREFIX=/home/fabiocar/fabiocar/install/vesc_msgs
[3.556s] Invoking command in '/home/fabiocar/fabiocar/build/vesc_msgs': CMAKE_PREFIX_PATH=${CMAKE_PREFIX_PATH}:/home/fabiocar/roboracer_ws/install/f1tenth_stack:/home/fabiocar/roboracer_ws/install/mpc_controller:/home/fabiocar/roboracer_ws/install/llm_mpc_tuner:/opt/ros/humble /usr/bin/cmake --build /home/fabiocar/fabiocar/build/vesc_msgs -- -j12 -l12
[3.639s] [  2%] [34m[1mGenerating C code for ROS interfaces[0m
[3.654s] [  5%] [34m[1mGenerating C++ code for ROS interfaces[0m
[3.666s] [  5%] Built target ament_cmake_python_symlink_vesc_msgs
[3.982s] running egg_info
[4.006s] creating vesc_msgs.egg-info
[4.006s] writing vesc_msgs.egg-info/PKG-INFO
[4.007s] writing dependency_links to vesc_msgs.egg-info/dependency_links.txt
[4.008s] writing top-level names to vesc_msgs.egg-info/top_level.txt
[4.008s] writing manifest file 'vesc_msgs.egg-info/SOURCES.txt'
[4.077s] reading manifest file 'vesc_msgs.egg-info/SOURCES.txt'
[4.078s] writing manifest file 'vesc_msgs.egg-info/SOURCES.txt'
[4.131s] [  5%] Built target ament_cmake_python_build_vesc_msgs_egg
[4.323s] [ 10%] [32mBuilding C object CMakeFiles/vesc_msgs__rosidl_generator_c.dir/rosidl_generator_c/vesc_msgs/msg/detail/vesc_state_stamped__functions.c.o[0m
[4.323s] [ 10%] [32mBuilding C object CMakeFiles/vesc_msgs__rosidl_generator_c.dir/rosidl_generator_c/vesc_msgs/msg/detail/vesc_state__functions.c.o[0m
[4.342s] [ 10%] Built target vesc_msgs__cpp
[4.356s] [ 15%] [34m[1mGenerating C++ type support for eProsima Fast-RTPS[0m
[4.357s] [ 15%] [34m[1mGenerating C++ type support dispatch for ROS interfaces[0m
[4.357s] [ 17%] [34m[1mGenerating C++ introspection for ROS interfaces[0m
[4.413s] [ 20%] [32m[1mLinking C shared library libvesc_msgs__rosidl_generator_c.so[0m
[4.472s] [ 20%] Built target vesc_msgs__rosidl_generator_c
[4.487s] [ 28%] [34m[1mGenerating C introspection for ROS interfaces[0m
[4.487s] [ 28%] [34m[1mGenerating C type support dispatch for ROS interfaces[0m
[4.487s] [ 28%] [34m[1mGenerating C type support for eProsima Fast-RTPS[0m
[4.971s] [ 33%] [32mBuilding CXX object CMakeFiles/vesc_msgs__rosidl_typesupport_cpp.dir/rosidl_typesupport_cpp/vesc_msgs/msg/vesc_state_stamped__type_support.cpp.o[0m
[4.971s] [ 33%] [32mBuilding CXX object CMakeFiles/vesc_msgs__rosidl_typesupport_cpp.dir/rosidl_typesupport_cpp/vesc_msgs/msg/vesc_state__type_support.cpp.o[0m
[4.999s] [ 38%] [32mBuilding CXX object CMakeFiles/vesc_msgs__rosidl_typesupport_introspection_cpp.dir/rosidl_typesupport_introspection_cpp/vesc_msgs/msg/detail/vesc_state_stamped__type_support.cpp.o[0m
[5.000s] [ 38%] [32mBuilding CXX object CMakeFiles/vesc_msgs__rosidl_typesupport_introspection_cpp.dir/rosidl_typesupport_introspection_cpp/vesc_msgs/msg/detail/vesc_state__type_support.cpp.o[0m
[5.026s] [ 41%] [32mBuilding CXX object CMakeFiles/vesc_msgs__rosidl_typesupport_fastrtps_cpp.dir/rosidl_typesupport_fastrtps_cpp/vesc_msgs/msg/detail/dds_fastrtps/vesc_state__type_support.cpp.o[0m
[5.026s] [ 43%] [32mBuilding CXX object CMakeFiles/vesc_msgs__rosidl_typesupport_fastrtps_cpp.dir/rosidl_typesupport_fastrtps_cpp/vesc_msgs/msg/detail/dds_fastrtps/vesc_state_stamped__type_support.cpp.o[0m
[5.095s] [ 48%] [32mBuilding CXX object CMakeFiles/vesc_msgs__rosidl_typesupport_c.dir/rosidl_typesupport_c/vesc_msgs/msg/vesc_state__type_support.cpp.o[0m
[5.095s] [ 48%] [32mBuilding CXX object CMakeFiles/vesc_msgs__rosidl_typesupport_c.dir/rosidl_typesupport_c/vesc_msgs/msg/vesc_state_stamped__type_support.cpp.o[0m
[5.143s] [ 51%] [32m[1mLinking CXX shared library libvesc_msgs__rosidl_typesupport_c.so[0m
[5.144s] [ 53%] [32mBuilding C object CMakeFiles/vesc_msgs__rosidl_typesupport_introspection_c.dir/rosidl_typesupport_introspection_c/vesc_msgs/msg/detail/vesc_state__type_support.c.o[0m
[5.147s] [ 56%] [32mBuilding C object CMakeFiles/vesc_msgs__rosidl_typesupport_introspection_c.dir/rosidl_typesupport_introspection_c/vesc_msgs/msg/detail/vesc_state_stamped__type_support.c.o[0m
[5.175s] [ 58%] [32mBuilding CXX object CMakeFiles/vesc_msgs__rosidl_typesupport_fastrtps_c.dir/rosidl_typesupport_fastrtps_c/vesc_msgs/msg/detail/vesc_state_stamped__type_support_c.cpp.o[0m
[5.175s] [ 61%] [32mBuilding CXX object CMakeFiles/vesc_msgs__rosidl_typesupport_fastrtps_c.dir/rosidl_typesupport_fastrtps_c/vesc_msgs/msg/detail/vesc_state__type_support_c.cpp.o[0m
[5.200s] [ 64%] [32m[1mLinking C shared library libvesc_msgs__rosidl_typesupport_introspection_c.so[0m
[5.201s] [ 64%] Built target vesc_msgs__rosidl_typesupport_c
[5.243s] [ 64%] Built target vesc_msgs__rosidl_typesupport_introspection_c
[5.385s] [ 66%] [32m[1mLinking CXX shared library libvesc_msgs__rosidl_typesupport_cpp.so[0m
[5.438s] [ 66%] Built target vesc_msgs__rosidl_typesupport_cpp
[5.590s] [ 69%] [32m[1mLinking CXX shared library libvesc_msgs__rosidl_typesupport_introspection_cpp.so[0m
[5.646s] [ 71%] [32m[1mLinking CXX shared library libvesc_msgs__rosidl_typesupport_fastrtps_cpp.so[0m
[5.680s] [ 71%] Built target vesc_msgs__rosidl_typesupport_introspection_cpp
[5.711s] [ 74%] [32m[1mLinking CXX shared library libvesc_msgs__rosidl_typesupport_fastrtps_c.so[0m
[5.752s] [ 74%] Built target vesc_msgs__rosidl_typesupport_fastrtps_cpp
[5.825s] [ 74%] Built target vesc_msgs__rosidl_typesupport_fastrtps_c
[5.862s] [ 74%] Built target vesc_msgs
[5.898s] [ 76%] [34m[1mGenerating Python code for ROS interfaces[0m
[6.971s] [ 76%] Built target vesc_msgs__py
[7.005s] [ 79%] [32mBuilding C object CMakeFiles/vesc_msgs__rosidl_generator_py.dir/rosidl_generator_py/vesc_msgs/msg/_vesc_state_s.c.o[0m
[7.007s] [ 82%] [32mBuilding C object CMakeFiles/vesc_msgs__rosidl_generator_py.dir/rosidl_generator_py/vesc_msgs/msg/_vesc_state_stamped_s.c.o[0m
[7.186s] [ 84%] [32m[1mLinking C shared library rosidl_generator_py/vesc_msgs/libvesc_msgs__rosidl_generator_py.so[0m
[7.256s] [ 84%] Built target vesc_msgs__rosidl_generator_py
[7.286s] [ 87%] [32mBuilding C object CMakeFiles/vesc_msgs__rosidl_typesupport_introspection_c__pyext.dir/rosidl_generator_py/vesc_msgs/_vesc_msgs_s.ep.rosidl_typesupport_introspection_c.c.o[0m
[7.286s] [ 89%] [32mBuilding C object CMakeFiles/vesc_msgs__rosidl_typesupport_c__pyext.dir/rosidl_generator_py/vesc_msgs/_vesc_msgs_s.ep.rosidl_typesupport_c.c.o[0m
[7.291s] [ 92%] [32mBuilding C object CMakeFiles/vesc_msgs__rosidl_typesupport_fastrtps_c__pyext.dir/rosidl_generator_py/vesc_msgs/_vesc_msgs_s.ep.rosidl_typesupport_fastrtps_c.c.o[0m
[7.437s] [ 97%] [32m[1mLinking C shared library rosidl_generator_py/vesc_msgs/vesc_msgs_s__rosidl_typesupport_introspection_c.cpython-310-aarch64-linux-gnu.so[0m
[7.437s] [ 97%] [32m[1mLinking C shared library rosidl_generator_py/vesc_msgs/vesc_msgs_s__rosidl_typesupport_c.cpython-310-aarch64-linux-gnu.so[0m
[7.437s] [100%] [32m[1mLinking C shared library rosidl_generator_py/vesc_msgs/vesc_msgs_s__rosidl_typesupport_fastrtps_c.cpython-310-aarch64-linux-gnu.so[0m
[7.492s] [100%] Built target vesc_msgs__rosidl_typesupport_c__pyext
[7.494s] [100%] Built target vesc_msgs__rosidl_typesupport_introspection_c__pyext
[7.494s] [100%] Built target vesc_msgs__rosidl_typesupport_fastrtps_c__pyext
[7.515s] Invoked command in '/home/fabiocar/fabiocar/build/vesc_msgs' returned '0': CMAKE_PREFIX_PATH=${CMAKE_PREFIX_PATH}:/home/fabiocar/roboracer_ws/install/f1tenth_stack:/home/fabiocar/roboracer_ws/install/mpc_controller:/home/fabiocar/roboracer_ws/install/llm_mpc_tuner:/opt/ros/humble /usr/bin/cmake --build /home/fabiocar/fabiocar/build/vesc_msgs -- -j12 -l12
[7.533s] Invoking command in '/home/fabiocar/fabiocar/build/vesc_msgs': CMAKE_PREFIX_PATH=${CMAKE_PREFIX_PATH}:/home/fabiocar/roboracer_ws/install/f1tenth_stack:/home/fabiocar/roboracer_ws/install/mpc_controller:/home/fabiocar/roboracer_ws/install/llm_mpc_tuner:/opt/ros/humble /usr/bin/cmake --install /home/fabiocar/fabiocar/build/vesc_msgs
[7.545s] -- Install configuration: ""
[7.546s] -- Execute custom install script
[7.547s] -- Symlinking: /home/fabiocar/fabiocar/install/vesc_msgs/share/ament_index/resource_index/rosidl_interfaces/vesc_msgs
[7.562s] -- Symlinking: /home/fabiocar/fabiocar/install/vesc_msgs/include/vesc_msgs/vesc_msgs/msg/detail/vesc_state__functions.h
[7.576s] -- Symlinking: /home/fabiocar/fabiocar/install/vesc_msgs/include/vesc_msgs/vesc_msgs/msg/detail/vesc_state__struct.h
[7.592s] -- Symlinking: /home/fabiocar/fabiocar/install/vesc_msgs/include/vesc_msgs/vesc_msgs/msg/detail/vesc_state__type_support.h
[7.607s] -- Symlinking: /home/fabiocar/fabiocar/install/vesc_msgs/include/vesc_msgs/vesc_msgs/msg/detail/vesc_state_stamped__functions.h
[7.621s] -- Symlinking: /home/fabiocar/fabiocar/install/vesc_msgs/include/vesc_msgs/vesc_msgs/msg/detail/vesc_state_stamped__struct.h
[7.638s] -- Symlinking: /home/fabiocar/fabiocar/install/vesc_msgs/include/vesc_msgs/vesc_msgs/msg/detail/vesc_state_stamped__type_support.h
[7.652s] -- Symlinking: /home/fabiocar/fabiocar/install/vesc_msgs/include/vesc_msgs/vesc_msgs/msg/rosidl_generator_c__visibility_control.h
[7.667s] -- Symlinking: /home/fabiocar/fabiocar/install/vesc_msgs/include/vesc_msgs/vesc_msgs/msg/vesc_state.h
[7.680s] -- Symlinking: /home/fabiocar/fabiocar/install/vesc_msgs/include/vesc_msgs/vesc_msgs/msg/vesc_state_stamped.h
[7.695s] -- Symlinking: /home/fabiocar/fabiocar/install/vesc_msgs/share/vesc_msgs/environment/library_path.sh
[7.711s] -- Symlinking: /home/fabiocar/fabiocar/install/vesc_msgs/share/vesc_msgs/environment/library_path.dsv
[7.727s] -- Symlinking: /home/fabiocar/fabiocar/install/vesc_msgs/include/vesc_msgs/vesc_msgs/msg/detail/vesc_state__rosidl_typesupport_fastrtps_c.h
[7.742s] -- Symlinking: /home/fabiocar/fabiocar/install/vesc_msgs/include/vesc_msgs/vesc_msgs/msg/detail/vesc_state_stamped__rosidl_typesupport_fastrtps_c.h
[7.758s] -- Symlinking: /home/fabiocar/fabiocar/install/vesc_msgs/include/vesc_msgs/vesc_msgs/msg/rosidl_typesupport_fastrtps_c__visibility_control.h
[7.773s] -- Symlinking: /home/fabiocar/fabiocar/install/vesc_msgs/include/vesc_msgs/vesc_msgs/msg/detail/vesc_state__rosidl_typesupport_introspection_c.h
[7.787s] -- Symlinking: /home/fabiocar/fabiocar/install/vesc_msgs/include/vesc_msgs/vesc_msgs/msg/detail/vesc_state_stamped__rosidl_typesupport_introspection_c.h
[7.802s] -- Symlinking: /home/fabiocar/fabiocar/install/vesc_msgs/include/vesc_msgs/vesc_msgs/msg/rosidl_typesupport_introspection_c__visibility_control.h
[7.819s] -- Symlinking: /home/fabiocar/fabiocar/install/vesc_msgs/include/vesc_msgs/vesc_msgs/msg/detail/vesc_state__builder.hpp
[7.834s] -- Symlinking: /home/fabiocar/fabiocar/install/vesc_msgs/include/vesc_msgs/vesc_msgs/msg/detail/vesc_state__struct.hpp
[7.852s] -- Symlinking: /home/fabiocar/fabiocar/install/vesc_msgs/include/vesc_msgs/vesc_msgs/msg/detail/vesc_state__traits.hpp
[7.865s] -- Symlinking: /home/fabiocar/fabiocar/install/vesc_msgs/include/vesc_msgs/vesc_msgs/msg/detail/vesc_state__type_support.hpp
[7.879s] -- Symlinking: /home/fabiocar/fabiocar/install/vesc_msgs/include/vesc_msgs/vesc_msgs/msg/detail/vesc_state_stamped__builder.hpp
[7.895s] -- Symlinking: /home/fabiocar/fabiocar/install/vesc_msgs/include/vesc_msgs/vesc_msgs/msg/detail/vesc_state_stamped__struct.hpp
[7.908s] -- Symlinking: /home/fabiocar/fabiocar/install/vesc_msgs/include/vesc_msgs/vesc_msgs/msg/detail/vesc_state_stamped__traits.hpp
[7.923s] -- Symlinking: /home/fabiocar/fabiocar/install/vesc_msgs/include/vesc_msgs/vesc_msgs/msg/detail/vesc_state_stamped__type_support.hpp
[7.937s] -- Symlinking: /home/fabiocar/fabiocar/install/vesc_msgs/include/vesc_msgs/vesc_msgs/msg/rosidl_generator_cpp__visibility_control.hpp
[7.950s] -- Symlinking: /home/fabiocar/fabiocar/install/vesc_msgs/include/vesc_msgs/vesc_msgs/msg/vesc_state.hpp
[7.965s] -- Symlinking: /home/fabiocar/fabiocar/install/vesc_msgs/include/vesc_msgs/vesc_msgs/msg/vesc_state_stamped.hpp
[7.980s] -- Symlinking: /home/fabiocar/fabiocar/install/vesc_msgs/include/vesc_msgs/vesc_msgs/msg/detail/vesc_state__rosidl_typesupport_fastrtps_cpp.hpp
[8.000s] -- Symlinking: /home/fabiocar/fabiocar/install/vesc_msgs/include/vesc_msgs/vesc_msgs/msg/detail/vesc_state_stamped__rosidl_typesupport_fastrtps_cpp.hpp
[8.016s] -- Symlinking: /home/fabiocar/fabiocar/install/vesc_msgs/include/vesc_msgs/vesc_msgs/msg/rosidl_typesupport_fastrtps_cpp__visibility_control.h
[8.030s] -- Symlinking: /home/fabiocar/fabiocar/install/vesc_msgs/include/vesc_msgs/vesc_msgs/msg/detail/vesc_state__rosidl_typesupport_introspection_cpp.hpp
[8.046s] -- Symlinking: /home/fabiocar/fabiocar/install/vesc_msgs/include/vesc_msgs/vesc_msgs/msg/detail/vesc_state_stamped__rosidl_typesupport_introspection_cpp.hpp
[8.060s] -- Symlinking: /home/fabiocar/fabiocar/install/vesc_msgs/share/vesc_msgs/environment/pythonpath.sh
[8.075s] -- Symlinking: /home/fabiocar/fabiocar/install/vesc_msgs/share/vesc_msgs/environment/pythonpath.dsv
[8.089s] -- Symlinking: /home/fabiocar/fabiocar/install/vesc_msgs/local/lib/python3.10/dist-packages/vesc_msgs-1.1.0-py3.10.egg-info/PKG-INFO
[8.103s] -- Symlinking: /home/fabiocar/fabiocar/install/vesc_msgs/local/lib/python3.10/dist-packages/vesc_msgs-1.1.0-py3.10.egg-info/SOURCES.txt
[8.119s] -- Symlinking: /home/fabiocar/fabiocar/install/vesc_msgs/local/lib/python3.10/dist-packages/vesc_msgs-1.1.0-py3.10.egg-info/dependency_links.txt
[8.132s] -- Symlinking: /home/fabiocar/fabiocar/install/vesc_msgs/local/lib/python3.10/dist-packages/vesc_msgs-1.1.0-py3.10.egg-info/top_level.txt
[8.151s] -- Symlinking: /home/fabiocar/fabiocar/install/vesc_msgs/local/lib/python3.10/dist-packages/vesc_msgs/__init__.py
[8.166s] -- Symlinking: /home/fabiocar/fabiocar/install/vesc_msgs/local/lib/python3.10/dist-packages/vesc_msgs/_vesc_msgs_s.ep.rosidl_typesupport_c.c
[8.181s] -- Symlinking: /home/fabiocar/fabiocar/install/vesc_msgs/local/lib/python3.10/dist-packages/vesc_msgs/_vesc_msgs_s.ep.rosidl_typesupport_fastrtps_c.c
[8.197s] -- Symlinking: /home/fabiocar/fabiocar/install/vesc_msgs/local/lib/python3.10/dist-packages/vesc_msgs/_vesc_msgs_s.ep.rosidl_typesupport_introspection_c.c
[8.211s] -- Symlinking: /home/fabiocar/fabiocar/install/vesc_msgs/local/lib/python3.10/dist-packages/vesc_msgs/libvesc_msgs__rosidl_generator_py.so
[8.226s] -- Symlinking: /home/fabiocar/fabiocar/install/vesc_msgs/local/lib/python3.10/dist-packages/vesc_msgs/msg/__init__.py
[8.242s] -- Symlinking: /home/fabiocar/fabiocar/install/vesc_msgs/local/lib/python3.10/dist-packages/vesc_msgs/msg/_vesc_state.py
[8.256s] -- Symlinking: /home/fabiocar/fabiocar/install/vesc_msgs/local/lib/python3.10/dist-packages/vesc_msgs/msg/_vesc_state_s.c
[8.269s] -- Symlinking: /home/fabiocar/fabiocar/install/vesc_msgs/local/lib/python3.10/dist-packages/vesc_msgs/msg/_vesc_state_stamped.py
[8.283s] -- Symlinking: /home/fabiocar/fabiocar/install/vesc_msgs/local/lib/python3.10/dist-packages/vesc_msgs/msg/_vesc_state_stamped_s.c
[8.297s] -- Symlinking: /home/fabiocar/fabiocar/install/vesc_msgs/local/lib/python3.10/dist-packages/vesc_msgs/vesc_msgs_s__rosidl_typesupport_c.cpython-310-aarch64-linux-gnu.so
[8.310s] -- Symlinking: /home/fabiocar/fabiocar/install/vesc_msgs/local/lib/python3.10/dist-packages/vesc_msgs/vesc_msgs_s__rosidl_typesupport_fastrtps_c.cpython-310-aarch64-linux-gnu.so
[8.324s] -- Symlinking: /home/fabiocar/fabiocar/install/vesc_msgs/local/lib/python3.10/dist-packages/vesc_msgs/vesc_msgs_s__rosidl_typesupport_introspection_c.cpython-310-aarch64-linux-gnu.so
[8.342s] -- Up-to-date symlink: /home/fabiocar/fabiocar/install/vesc_msgs/local/lib/python3.10/dist-packages/vesc_msgs/vesc_msgs_s__rosidl_typesupport_fastrtps_c.cpython-310-aarch64-linux-gnu.so
[8.343s] -- Up-to-date symlink: /home/fabiocar/fabiocar/install/vesc_msgs/local/lib/python3.10/dist-packages/vesc_msgs/vesc_msgs_s__rosidl_typesupport_introspection_c.cpython-310-aarch64-linux-gnu.so
[8.343s] -- Up-to-date symlink: /home/fabiocar/fabiocar/install/vesc_msgs/local/lib/python3.10/dist-packages/vesc_msgs/vesc_msgs_s__rosidl_typesupport_c.cpython-310-aarch64-linux-gnu.so
[8.344s] -- Symlinking: /home/fabiocar/fabiocar/install/vesc_msgs/share/vesc_msgs/msg/VescState.idl
[8.359s] -- Symlinking: /home/fabiocar/fabiocar/install/vesc_msgs/share/vesc_msgs/msg/VescStateStamped.idl
[8.372s] -- Symlinking: /home/fabiocar/fabiocar/install/vesc_msgs/share/vesc_msgs/msg/VescState.msg
[8.387s] -- Symlinking: /home/fabiocar/fabiocar/install/vesc_msgs/share/vesc_msgs/msg/VescStateStamped.msg
[8.403s] -- Symlinking: /home/fabiocar/fabiocar/install/vesc_msgs/share/ament_index/resource_index/package_run_dependencies/vesc_msgs
[8.417s] -- Symlinking: /home/fabiocar/fabiocar/install/vesc_msgs/share/ament_index/resource_index/parent_prefix_path/vesc_msgs
[8.431s] -- Symlinking: /home/fabiocar/fabiocar/install/vesc_msgs/share/vesc_msgs/environment/ament_prefix_path.sh
[8.445s] -- Symlinking: /home/fabiocar/fabiocar/install/vesc_msgs/share/vesc_msgs/environment/ament_prefix_path.dsv
[8.459s] -- Symlinking: /home/fabiocar/fabiocar/install/vesc_msgs/share/vesc_msgs/environment/path.sh
[8.474s] -- Symlinking: /home/fabiocar/fabiocar/install/vesc_msgs/share/vesc_msgs/environment/path.dsv
[8.488s] -- Symlinking: /home/fabiocar/fabiocar/install/vesc_msgs/share/vesc_msgs/local_setup.bash
[8.503s] -- Symlinking: /home/fabiocar/fabiocar/install/vesc_msgs/share/vesc_msgs/local_setup.sh
[8.516s] -- Symlinking: /home/fabiocar/fabiocar/install/vesc_msgs/share/vesc_msgs/local_setup.zsh
[8.530s] -- Symlinking: /home/fabiocar/fabiocar/install/vesc_msgs/share/vesc_msgs/local_setup.dsv
[8.544s] -- Symlinking: /home/fabiocar/fabiocar/install/vesc_msgs/share/vesc_msgs/package.dsv
[8.559s] -- Symlinking: /home/fabiocar/fabiocar/install/vesc_msgs/share/ament_index/resource_index/packages/vesc_msgs
[8.573s] -- Symlinking: /home/fabiocar/fabiocar/install/vesc_msgs/share/vesc_msgs/cmake/rosidl_cmake-extras.cmake
[8.586s] -- Symlinking: /home/fabiocar/fabiocar/install/vesc_msgs/share/vesc_msgs/cmake/ament_cmake_export_dependencies-extras.cmake
[8.602s] -- Symlinking: /home/fabiocar/fabiocar/install/vesc_msgs/share/vesc_msgs/cmake/ament_cmake_export_include_directories-extras.cmake
[8.616s] -- Symlinking: /home/fabiocar/fabiocar/install/vesc_msgs/share/vesc_msgs/cmake/ament_cmake_export_libraries-extras.cmake
[8.631s] -- Symlinking: /home/fabiocar/fabiocar/install/vesc_msgs/share/vesc_msgs/cmake/ament_cmake_export_targets-extras.cmake
[8.644s] -- Symlinking: /home/fabiocar/fabiocar/install/vesc_msgs/share/vesc_msgs/cmake/rosidl_cmake_export_typesupport_targets-extras.cmake
[8.659s] -- Symlinking: /home/fabiocar/fabiocar/install/vesc_msgs/share/vesc_msgs/cmake/rosidl_cmake_export_typesupport_libraries-extras.cmake
[8.674s] -- Symlinking: /home/fabiocar/fabiocar/install/vesc_msgs/share/vesc_msgs/cmake/vesc_msgsConfig.cmake
[8.690s] -- Symlinking: /home/fabiocar/fabiocar/install/vesc_msgs/share/vesc_msgs/cmake/vesc_msgsConfig-version.cmake
[8.703s] -- Symlinking: /home/fabiocar/fabiocar/install/vesc_msgs/share/vesc_msgs/package.xml
[8.718s] -- Installing: /home/fabiocar/fabiocar/install/vesc_msgs/lib/libvesc_msgs__rosidl_generator_c.so
[8.720s] -- Set runtime path of "/home/fabiocar/fabiocar/install/vesc_msgs/lib/libvesc_msgs__rosidl_generator_c.so" to ""
[8.720s] -- Installing: /home/fabiocar/fabiocar/install/vesc_msgs/lib/libvesc_msgs__rosidl_typesupport_fastrtps_c.so
[8.721s] -- Set runtime path of "/home/fabiocar/fabiocar/install/vesc_msgs/lib/libvesc_msgs__rosidl_typesupport_fastrtps_c.so" to ""
[8.722s] -- Installing: /home/fabiocar/fabiocar/install/vesc_msgs/lib/libvesc_msgs__rosidl_typesupport_introspection_c.so
[8.723s] -- Set runtime path of "/home/fabiocar/fabiocar/install/vesc_msgs/lib/libvesc_msgs__rosidl_typesupport_introspection_c.so" to ""
[8.723s] -- Installing: /home/fabiocar/fabiocar/install/vesc_msgs/lib/libvesc_msgs__rosidl_typesupport_c.so
[8.724s] -- Set runtime path of "/home/fabiocar/fabiocar/install/vesc_msgs/lib/libvesc_msgs__rosidl_typesupport_c.so" to ""
[8.724s] -- Installing: /home/fabiocar/fabiocar/install/vesc_msgs/lib/libvesc_msgs__rosidl_typesupport_fastrtps_cpp.so
[8.726s] -- Set runtime path of "/home/fabiocar/fabiocar/install/vesc_msgs/lib/libvesc_msgs__rosidl_typesupport_fastrtps_cpp.so" to ""
[8.726s] -- Installing: /home/fabiocar/fabiocar/install/vesc_msgs/lib/libvesc_msgs__rosidl_typesupport_introspection_cpp.so
[8.727s] -- Set runtime path of "/home/fabiocar/fabiocar/install/vesc_msgs/lib/libvesc_msgs__rosidl_typesupport_introspection_cpp.so" to ""
[8.727s] -- Installing: /home/fabiocar/fabiocar/install/vesc_msgs/lib/libvesc_msgs__rosidl_typesupport_cpp.so
[8.728s] -- Set runtime path of "/home/fabiocar/fabiocar/install/vesc_msgs/lib/libvesc_msgs__rosidl_typesupport_cpp.so" to ""
[8.791s] Listing '/home/fabiocar/fabiocar/install/vesc_msgs/local/lib/python3.10/dist-packages/vesc_msgs'...
[8.792s] Compiling '/home/fabiocar/fabiocar/install/vesc_msgs/local/lib/python3.10/dist-packages/vesc_msgs/__init__.py'...
[8.792s] Listing '/home/fabiocar/fabiocar/install/vesc_msgs/local/lib/python3.10/dist-packages/vesc_msgs/msg'...
[8.792s] Compiling '/home/fabiocar/fabiocar/install/vesc_msgs/local/lib/python3.10/dist-packages/vesc_msgs/msg/__init__.py'...
[8.792s] Compiling '/home/fabiocar/fabiocar/install/vesc_msgs/local/lib/python3.10/dist-packages/vesc_msgs/msg/_vesc_state.py'...
[8.793s] Compiling '/home/fabiocar/fabiocar/install/vesc_msgs/local/lib/python3.10/dist-packages/vesc_msgs/msg/_vesc_state_stamped.py'...
[8.799s] -- Installing: /home/fabiocar/fabiocar/install/vesc_msgs/lib/libvesc_msgs__rosidl_generator_py.so
[8.800s] -- Set runtime path of "/home/fabiocar/fabiocar/install/vesc_msgs/lib/libvesc_msgs__rosidl_generator_py.so" to ""
[8.800s] -- Installing: /home/fabiocar/fabiocar/install/vesc_msgs/share/vesc_msgs/cmake/export_vesc_msgs__rosidl_generator_cExport.cmake
[8.800s] -- Installing: /home/fabiocar/fabiocar/install/vesc_msgs/share/vesc_msgs/cmake/export_vesc_msgs__rosidl_generator_cExport-noconfig.cmake
[8.801s] -- Installing: /home/fabiocar/fabiocar/install/vesc_msgs/share/vesc_msgs/cmake/export_vesc_msgs__rosidl_typesupport_fastrtps_cExport.cmake
[8.801s] -- Installing: /home/fabiocar/fabiocar/install/vesc_msgs/share/vesc_msgs/cmake/export_vesc_msgs__rosidl_typesupport_fastrtps_cExport-noconfig.cmake
[8.801s] -- Installing: /home/fabiocar/fabiocar/install/vesc_msgs/share/vesc_msgs/cmake/vesc_msgs__rosidl_typesupport_introspection_cExport.cmake
[8.802s] -- Installing: /home/fabiocar/fabiocar/install/vesc_msgs/share/vesc_msgs/cmake/vesc_msgs__rosidl_typesupport_introspection_cExport-noconfig.cmake
[8.802s] -- Installing: /home/fabiocar/fabiocar/install/vesc_msgs/share/vesc_msgs/cmake/vesc_msgs__rosidl_typesupport_cExport.cmake
[8.802s] -- Installing: /home/fabiocar/fabiocar/install/vesc_msgs/share/vesc_msgs/cmake/vesc_msgs__rosidl_typesupport_cExport-noconfig.cmake
[8.802s] -- Installing: /home/fabiocar/fabiocar/install/vesc_msgs/share/vesc_msgs/cmake/export_vesc_msgs__rosidl_generator_cppExport.cmake
[8.803s] -- Installing: /home/fabiocar/fabiocar/install/vesc_msgs/share/vesc_msgs/cmake/export_vesc_msgs__rosidl_typesupport_fastrtps_cppExport.cmake
[8.803s] -- Installing: /home/fabiocar/fabiocar/install/vesc_msgs/share/vesc_msgs/cmake/export_vesc_msgs__rosidl_typesupport_fastrtps_cppExport-noconfig.cmake
[8.804s] -- Installing: /home/fabiocar/fabiocar/install/vesc_msgs/share/vesc_msgs/cmake/vesc_msgs__rosidl_typesupport_introspection_cppExport.cmake
[8.804s] -- Installing: /home/fabiocar/fabiocar/install/vesc_msgs/share/vesc_msgs/cmake/vesc_msgs__rosidl_typesupport_introspection_cppExport-noconfig.cmake
[8.805s] -- Installing: /home/fabiocar/fabiocar/install/vesc_msgs/share/vesc_msgs/cmake/vesc_msgs__rosidl_typesupport_cppExport.cmake
[8.805s] -- Installing: /home/fabiocar/fabiocar/install/vesc_msgs/share/vesc_msgs/cmake/vesc_msgs__rosidl_typesupport_cppExport-noconfig.cmake
[8.806s] -- Installing: /home/fabiocar/fabiocar/install/vesc_msgs/share/vesc_msgs/cmake/export_vesc_msgs__rosidl_generator_pyExport.cmake
[8.806s] -- Installing: /home/fabiocar/fabiocar/install/vesc_msgs/share/vesc_msgs/cmake/export_vesc_msgs__rosidl_generator_pyExport-noconfig.cmake
[8.814s] Invoked command in '/home/fabiocar/fabiocar/build/vesc_msgs' returned '0': CMAKE_PREFIX_PATH=${CMAKE_PREFIX_PATH}:/home/fabiocar/roboracer_ws/install/f1tenth_stack:/home/fabiocar/roboracer_ws/install/mpc_controller:/home/fabiocar/roboracer_ws/install/llm_mpc_tuner:/opt/ros/humble /usr/bin/cmake --install /home/fabiocar/fabiocar/build/vesc_msgs
