[0.036s] Invoking command in '/home/fabiocar/fabiocar/build/vesc_ackermann': AMENT_PREFIX_PATH=/home/fabiocar/fabiocar/install/vesc_msgs:${AMENT_PREFIX_PATH} CMAKE_PREFIX_PATH=/home/fabiocar/fabiocar/install/vesc_msgs:/home/fabiocar/roboracer_ws/install/vesc:/home/fabiocar/roboracer_ws/install/vesc_driver:/home/fabiocar/roboracer_ws/install/vesc_ackermann:/home/fabiocar/roboracer_ws/install/vesc_msgs:/home/fabiocar/roboracer_ws/install/ackermann_mux:/home/fabiocar/roboracer_ws/install/f1tenth_stack:/home/fabiocar/roboracer_ws/install/mpc_controller:/home/fabiocar/roboracer_ws/install/llm_mpc_tuner:/opt/ros/humble LD_LIBRARY_PATH=/home/fabiocar/fabiocar/install/vesc_msgs/lib:${LD_LIBRARY_PATH} PYTHONPATH=/home/fabiocar/fabiocar/install/vesc_msgs/local/lib/python3.10/dist-packages:${PYTHONPATH} /usr/bin/cmake /home/fabiocar/fabiocar/src/f1tenth_system/vesc/vesc_ackermann -DAMENT_CMAKE_SYMLINK_INSTALL=1 -DCMAKE_INSTALL_PREFIX=/home/fabiocar/fabiocar/install/vesc_ackermann
[0.055s] -- Found ament_cmake_auto: 1.3.14 (/opt/ros/humble/share/ament_cmake_auto/cmake)
[0.261s] -- Override CMake install command with custom implementation using symlinks instead of copying resources
[0.413s] -- Found rosidl_generator_c: 3.1.8 (/opt/ros/humble/share/rosidl_generator_c/cmake)
[0.417s] -- Found rosidl_adapter: 3.1.8 (/opt/ros/humble/share/rosidl_adapter/cmake)
[0.428s] -- Found rosidl_generator_cpp: 3.1.8 (/opt/ros/humble/share/rosidl_generator_cpp/cmake)
[0.443s] -- Using all available rosidl_typesupport_c: rosidl_typesupport_fastrtps_c;rosidl_typesupport_introspection_c
[0.460s] -- Using all available rosidl_typesupport_cpp: rosidl_typesupport_fastrtps_cpp;rosidl_typesupport_introspection_cpp
[0.584s] -- Found rmw_implementation_cmake: 6.1.2 (/opt/ros/humble/share/rmw_implementation_cmake/cmake)
[0.586s] -- Found rmw_fastrtps_cpp: 6.2.10 (/opt/ros/humble/share/rmw_fastrtps_cpp/cmake)
[0.721s] -- Using RMW implementation 'rmw_fastrtps_cpp' as default
[0.972s] -- Found ament_lint_auto: 0.12.15 (/opt/ros/humble/share/ament_lint_auto/cmake)
[0.979s] [0mIn this package, headers install destination is set to `include` by ament_auto_package. It is recommended to install `include/vesc_ackermann` instead and will be the default behavior of ament_auto_package from ROS 2 Kilted Kaiju. On distributions before Kilted, ament_auto_package behaves the same way when you use USE_SCOPED_HEADER_INSTALL_DIR option.[0m
[0.987s] -- Added test 'copyright' to check source files copyright and LICENSE
[0.989s] -- Added test 'cppcheck' to perform static code analysis on C / C++ code
[0.989s] -- Configured cppcheck include dirs: /home/fabiocar/fabiocar/src/f1tenth_system/vesc/vesc_ackermann/include
[0.989s] -- Configured cppcheck exclude dirs and/or files: 
[0.990s] -- Added test 'cpplint' to check C / C++ code against the Google style
[0.990s] -- Configured cpplint exclude dirs and/or files: 
[0.991s] -- Added test 'lint_cmake' to check CMake code style
[0.992s] -- Added test 'uncrustify' to check C / C++ code style
[0.992s] -- Configured uncrustify additional arguments: 
[0.993s] -- Added test 'xmllint' to check XML markup files
[0.997s] -- Configuring done
[1.028s] -- Generating done
[1.038s] -- Build files have been written to: /home/fabiocar/fabiocar/build/vesc_ackermann
[1.054s] Invoked command in '/home/fabiocar/fabiocar/build/vesc_ackermann' returned '0': AMENT_PREFIX_PATH=/home/fabiocar/fabiocar/install/vesc_msgs:${AMENT_PREFIX_PATH} CMAKE_PREFIX_PATH=/home/fabiocar/fabiocar/install/vesc_msgs:/home/fabiocar/roboracer_ws/install/vesc:/home/fabiocar/roboracer_ws/install/vesc_driver:/home/fabiocar/roboracer_ws/install/vesc_ackermann:/home/fabiocar/roboracer_ws/install/vesc_msgs:/home/fabiocar/roboracer_ws/install/ackermann_mux:/home/fabiocar/roboracer_ws/install/f1tenth_stack:/home/fabiocar/roboracer_ws/install/mpc_controller:/home/fabiocar/roboracer_ws/install/llm_mpc_tuner:/opt/ros/humble LD_LIBRARY_PATH=/home/fabiocar/fabiocar/install/vesc_msgs/lib:${LD_LIBRARY_PATH} PYTHONPATH=/home/fabiocar/fabiocar/install/vesc_msgs/local/lib/python3.10/dist-packages:${PYTHONPATH} /usr/bin/cmake /home/fabiocar/fabiocar/src/f1tenth_system/vesc/vesc_ackermann -DAMENT_CMAKE_SYMLINK_INSTALL=1 -DCMAKE_INSTALL_PREFIX=/home/fabiocar/fabiocar/install/vesc_ackermann
[1.057s] Invoking command in '/home/fabiocar/fabiocar/build/vesc_ackermann': AMENT_PREFIX_PATH=/home/fabiocar/fabiocar/install/vesc_msgs:${AMENT_PREFIX_PATH} CMAKE_PREFIX_PATH=/home/fabiocar/fabiocar/install/vesc_msgs:/home/fabiocar/roboracer_ws/install/vesc:/home/fabiocar/roboracer_ws/install/vesc_driver:/home/fabiocar/roboracer_ws/install/vesc_ackermann:/home/fabiocar/roboracer_ws/install/vesc_msgs:/home/fabiocar/roboracer_ws/install/ackermann_mux:/home/fabiocar/roboracer_ws/install/f1tenth_stack:/home/fabiocar/roboracer_ws/install/mpc_controller:/home/fabiocar/roboracer_ws/install/llm_mpc_tuner:/opt/ros/humble LD_LIBRARY_PATH=/home/fabiocar/fabiocar/install/vesc_msgs/lib:${LD_LIBRARY_PATH} PYTHONPATH=/home/fabiocar/fabiocar/install/vesc_msgs/local/lib/python3.10/dist-packages:${PYTHONPATH} /usr/bin/cmake --build /home/fabiocar/fabiocar/build/vesc_ackermann -- -j12 -l12
[1.126s] [35m[1mConsolidate compiler generated dependencies of target ackermann_to_vesc_node[0m
[1.127s] [35m[1mConsolidate compiler generated dependencies of target vesc_ackermann[0m
[1.127s] [35m[1mConsolidate compiler generated dependencies of target vesc_to_odom_node[0m
[1.162s] [ 28%] Built target vesc_to_odom_node
[1.163s] [ 57%] Built target ackermann_to_vesc_node
[1.174s] [100%] Built target vesc_ackermann
[1.193s] Invoked command in '/home/fabiocar/fabiocar/build/vesc_ackermann' returned '0': AMENT_PREFIX_PATH=/home/fabiocar/fabiocar/install/vesc_msgs:${AMENT_PREFIX_PATH} CMAKE_PREFIX_PATH=/home/fabiocar/fabiocar/install/vesc_msgs:/home/fabiocar/roboracer_ws/install/vesc:/home/fabiocar/roboracer_ws/install/vesc_driver:/home/fabiocar/roboracer_ws/install/vesc_ackermann:/home/fabiocar/roboracer_ws/install/vesc_msgs:/home/fabiocar/roboracer_ws/install/ackermann_mux:/home/fabiocar/roboracer_ws/install/f1tenth_stack:/home/fabiocar/roboracer_ws/install/mpc_controller:/home/fabiocar/roboracer_ws/install/llm_mpc_tuner:/opt/ros/humble LD_LIBRARY_PATH=/home/fabiocar/fabiocar/install/vesc_msgs/lib:${LD_LIBRARY_PATH} PYTHONPATH=/home/fabiocar/fabiocar/install/vesc_msgs/local/lib/python3.10/dist-packages:${PYTHONPATH} /usr/bin/cmake --build /home/fabiocar/fabiocar/build/vesc_ackermann -- -j12 -l12
[1.197s] Invoking command in '/home/fabiocar/fabiocar/build/vesc_ackermann': AMENT_PREFIX_PATH=/home/fabiocar/fabiocar/install/vesc_msgs:${AMENT_PREFIX_PATH} CMAKE_PREFIX_PATH=/home/fabiocar/fabiocar/install/vesc_msgs:/home/fabiocar/roboracer_ws/install/vesc:/home/fabiocar/roboracer_ws/install/vesc_driver:/home/fabiocar/roboracer_ws/install/vesc_ackermann:/home/fabiocar/roboracer_ws/install/vesc_msgs:/home/fabiocar/roboracer_ws/install/ackermann_mux:/home/fabiocar/roboracer_ws/install/f1tenth_stack:/home/fabiocar/roboracer_ws/install/mpc_controller:/home/fabiocar/roboracer_ws/install/llm_mpc_tuner:/opt/ros/humble LD_LIBRARY_PATH=/home/fabiocar/fabiocar/install/vesc_msgs/lib:${LD_LIBRARY_PATH} PYTHONPATH=/home/fabiocar/fabiocar/install/vesc_msgs/local/lib/python3.10/dist-packages:${PYTHONPATH} /usr/bin/cmake --install /home/fabiocar/fabiocar/build/vesc_ackermann
[1.208s] -- Install configuration: ""
[1.209s] -- Execute custom install script
[1.209s] -- Up-to-date symlink: /home/fabiocar/fabiocar/install/vesc_ackermann/lib/vesc_ackermann/ackermann_to_vesc_node
[1.210s] -- Up-to-date symlink: /home/fabiocar/fabiocar/install/vesc_ackermann/lib/vesc_ackermann/vesc_to_odom_node
[1.210s] -- Up-to-date symlink: /home/fabiocar/fabiocar/install/vesc_ackermann/include/vesc_ackermann/ackermann_to_vesc.hpp
[1.210s] -- Up-to-date symlink: /home/fabiocar/fabiocar/install/vesc_ackermann/include/vesc_ackermann/vesc_to_odom.hpp
[1.211s] -- Up-to-date symlink: /home/fabiocar/fabiocar/install/vesc_ackermann/share/vesc_ackermann/environment/library_path.sh
[1.211s] -- Up-to-date symlink: /home/fabiocar/fabiocar/install/vesc_ackermann/share/vesc_ackermann/environment/library_path.dsv
[1.211s] -- Up-to-date symlink: /home/fabiocar/fabiocar/install/vesc_ackermann/lib/libvesc_ackermann.so
[1.212s] -- Up-to-date symlink: /home/fabiocar/fabiocar/install/vesc_ackermann/share/vesc_ackermann/launch/ackermann_to_vesc_node.launch.xml
[1.212s] -- Up-to-date symlink: /home/fabiocar/fabiocar/install/vesc_ackermann/share/vesc_ackermann/launch/vesc_to_odom_node.launch.xml
[1.212s] -- Up-to-date symlink: /home/fabiocar/fabiocar/install/vesc_ackermann/share/ament_index/resource_index/package_run_dependencies/vesc_ackermann
[1.213s] -- Up-to-date symlink: /home/fabiocar/fabiocar/install/vesc_ackermann/share/ament_index/resource_index/parent_prefix_path/vesc_ackermann
[1.213s] -- Up-to-date symlink: /home/fabiocar/fabiocar/install/vesc_ackermann/share/vesc_ackermann/environment/ament_prefix_path.sh
[1.213s] -- Up-to-date symlink: /home/fabiocar/fabiocar/install/vesc_ackermann/share/vesc_ackermann/environment/ament_prefix_path.dsv
[1.213s] -- Up-to-date symlink: /home/fabiocar/fabiocar/install/vesc_ackermann/share/vesc_ackermann/environment/path.sh
[1.214s] -- Up-to-date symlink: /home/fabiocar/fabiocar/install/vesc_ackermann/share/vesc_ackermann/environment/path.dsv
[1.214s] -- Up-to-date symlink: /home/fabiocar/fabiocar/install/vesc_ackermann/share/vesc_ackermann/local_setup.bash
[1.214s] -- Up-to-date symlink: /home/fabiocar/fabiocar/install/vesc_ackermann/share/vesc_ackermann/local_setup.sh
[1.214s] -- Up-to-date symlink: /home/fabiocar/fabiocar/install/vesc_ackermann/share/vesc_ackermann/local_setup.zsh
[1.214s] -- Up-to-date symlink: /home/fabiocar/fabiocar/install/vesc_ackermann/share/vesc_ackermann/local_setup.dsv
[1.215s] -- Symlinking: /home/fabiocar/fabiocar/install/vesc_ackermann/share/vesc_ackermann/package.dsv
[1.227s] -- Up-to-date symlink: /home/fabiocar/fabiocar/install/vesc_ackermann/share/ament_index/resource_index/packages/vesc_ackermann
[1.227s] -- Up-to-date symlink: /home/fabiocar/fabiocar/install/vesc_ackermann/share/ament_index/resource_index/rclcpp_components/vesc_ackermann
[1.228s] -- Up-to-date symlink: /home/fabiocar/fabiocar/install/vesc_ackermann/share/vesc_ackermann/cmake/ament_cmake_export_dependencies-extras.cmake
[1.228s] -- Up-to-date symlink: /home/fabiocar/fabiocar/install/vesc_ackermann/share/vesc_ackermann/cmake/ament_cmake_export_include_directories-extras.cmake
[1.228s] -- Up-to-date symlink: /home/fabiocar/fabiocar/install/vesc_ackermann/share/vesc_ackermann/cmake/ament_cmake_export_libraries-extras.cmake
[1.229s] -- Up-to-date symlink: /home/fabiocar/fabiocar/install/vesc_ackermann/share/vesc_ackermann/cmake/vesc_ackermannConfig.cmake
[1.229s] -- Up-to-date symlink: /home/fabiocar/fabiocar/install/vesc_ackermann/share/vesc_ackermann/cmake/vesc_ackermannConfig-version.cmake
[1.230s] -- Up-to-date symlink: /home/fabiocar/fabiocar/install/vesc_ackermann/share/vesc_ackermann/package.xml
[1.235s] Invoked command in '/home/fabiocar/fabiocar/build/vesc_ackermann' returned '0': AMENT_PREFIX_PATH=/home/fabiocar/fabiocar/install/vesc_msgs:${AMENT_PREFIX_PATH} CMAKE_PREFIX_PATH=/home/fabiocar/fabiocar/install/vesc_msgs:/home/fabiocar/roboracer_ws/install/vesc:/home/fabiocar/roboracer_ws/install/vesc_driver:/home/fabiocar/roboracer_ws/install/vesc_ackermann:/home/fabiocar/roboracer_ws/install/vesc_msgs:/home/fabiocar/roboracer_ws/install/ackermann_mux:/home/fabiocar/roboracer_ws/install/f1tenth_stack:/home/fabiocar/roboracer_ws/install/mpc_controller:/home/fabiocar/roboracer_ws/install/llm_mpc_tuner:/opt/ros/humble LD_LIBRARY_PATH=/home/fabiocar/fabiocar/install/vesc_msgs/lib:${LD_LIBRARY_PATH} PYTHONPATH=/home/fabiocar/fabiocar/install/vesc_msgs/local/lib/python3.10/dist-packages:${PYTHONPATH} /usr/bin/cmake --install /home/fabiocar/fabiocar/build/vesc_ackermann
