[0.037s] Invoking command in '/home/fabiocar/roboracer_ws/build/vesc': CMAKE_PREFIX_PATH=/home/fabiocar/roboracer_ws/install/vesc_driver:/home/fabiocar/roboracer_ws/install/vesc_ackermann:/home/fabiocar/roboracer_ws/install/vesc_msgs:/home/fabiocar/roboracer_ws/install/vesc:/home/fabiocar/roboracer_ws/install/ackermann_mux:/home/fabiocar/roboracer_ws/install/f1tenth_stack:/home/fabiocar/roboracer_ws/install/mpc_controller:/home/fabiocar/roboracer_ws/install/llm_mpc_tuner:/opt/ros/humble /usr/bin/cmake --build /home/fabiocar/roboracer_ws/build/vesc -- -j12 -l12
[0.107s] Invoked command in '/home/fabiocar/roboracer_ws/build/vesc' returned '0': CMAKE_PREFIX_PATH=/home/fabiocar/roboracer_ws/install/vesc_driver:/home/fabiocar/roboracer_ws/install/vesc_ackermann:/home/fabiocar/roboracer_ws/install/vesc_msgs:/home/fabiocar/roboracer_ws/install/vesc:/home/fabiocar/roboracer_ws/install/ackermann_mux:/home/fabiocar/roboracer_ws/install/f1tenth_stack:/home/fabiocar/roboracer_ws/install/mpc_controller:/home/fabiocar/roboracer_ws/install/llm_mpc_tuner:/opt/ros/humble /usr/bin/cmake --build /home/fabiocar/roboracer_ws/build/vesc -- -j12 -l12
[0.113s] Invoking command in '/home/fabiocar/roboracer_ws/build/vesc': CMAKE_PREFIX_PATH=/home/fabiocar/roboracer_ws/install/vesc_driver:/home/fabiocar/roboracer_ws/install/vesc_ackermann:/home/fabiocar/roboracer_ws/install/vesc_msgs:/home/fabiocar/roboracer_ws/install/vesc:/home/fabiocar/roboracer_ws/install/ackermann_mux:/home/fabiocar/roboracer_ws/install/f1tenth_stack:/home/fabiocar/roboracer_ws/install/mpc_controller:/home/fabiocar/roboracer_ws/install/llm_mpc_tuner:/opt/ros/humble /usr/bin/cmake --install /home/fabiocar/roboracer_ws/build/vesc
[0.127s] -- Install configuration: ""
[0.127s] -- Up-to-date: /home/fabiocar/roboracer_ws/install/vesc/share/ament_index/resource_index/package_run_dependencies/vesc
[0.127s] -- Up-to-date: /home/fabiocar/roboracer_ws/install/vesc/share/ament_index/resource_index/parent_prefix_path/vesc
[0.128s] -- Installing: /home/fabiocar/roboracer_ws/install/vesc/share/vesc/environment/ament_prefix_path.sh
[0.128s] -- Up-to-date: /home/fabiocar/roboracer_ws/install/vesc/share/vesc/environment/ament_prefix_path.dsv
[0.128s] -- Installing: /home/fabiocar/roboracer_ws/install/vesc/share/vesc/environment/path.sh
[0.128s] -- Up-to-date: /home/fabiocar/roboracer_ws/install/vesc/share/vesc/environment/path.dsv
[0.129s] -- Up-to-date: /home/fabiocar/roboracer_ws/install/vesc/share/vesc/local_setup.bash
[0.129s] -- Up-to-date: /home/fabiocar/roboracer_ws/install/vesc/share/vesc/local_setup.sh
[0.129s] -- Up-to-date: /home/fabiocar/roboracer_ws/install/vesc/share/vesc/local_setup.zsh
[0.130s] -- Up-to-date: /home/fabiocar/roboracer_ws/install/vesc/share/vesc/local_setup.dsv
[0.130s] -- Up-to-date: /home/fabiocar/roboracer_ws/install/vesc/share/vesc/package.dsv
[0.130s] -- Up-to-date: /home/fabiocar/roboracer_ws/install/vesc/share/ament_index/resource_index/packages/vesc
[0.130s] -- Up-to-date: /home/fabiocar/roboracer_ws/install/vesc/share/vesc/cmake/vescConfig.cmake
[0.130s] -- Up-to-date: /home/fabiocar/roboracer_ws/install/vesc/share/vesc/cmake/vescConfig-version.cmake
[0.131s] -- Up-to-date: /home/fabiocar/roboracer_ws/install/vesc/share/vesc/package.xml
[0.134s] Invoked command in '/home/fabiocar/roboracer_ws/build/vesc' returned '0': CMAKE_PREFIX_PATH=/home/fabiocar/roboracer_ws/install/vesc_driver:/home/fabiocar/roboracer_ws/install/vesc_ackermann:/home/fabiocar/roboracer_ws/install/vesc_msgs:/home/fabiocar/roboracer_ws/install/vesc:/home/fabiocar/roboracer_ws/install/ackermann_mux:/home/fabiocar/roboracer_ws/install/f1tenth_stack:/home/fabiocar/roboracer_ws/install/mpc_controller:/home/fabiocar/roboracer_ws/install/llm_mpc_tuner:/opt/ros/humble /usr/bin/cmake --install /home/fabiocar/roboracer_ws/build/vesc
