/usr/local/lib/python3.10/dist-packages/setuptools/dist.py:599: SetuptoolsDeprecationWarning: Invalid dash-separated key 'script-dir' in 'develop' (setup.cfg), please use the underscore name 'script_dir' instead.
!!

        ********************************************************************************
        Usage of dash-separated 'script-dir' will not be supported in future
        versions. Please use the underscore name 'script_dir' instead.

        This deprecation is overdue, please update your project and remove deprecated
        calls to avoid build errors in the future.

        See https://setuptools.pypa.io/en/latest/userguide/declarative_config.html for details.
        ********************************************************************************

!!
  opt = self._enforce_underscore(opt, section)
/usr/local/lib/python3.10/dist-packages/setuptools/_distutils/dist.py:289: UserWarning: Unknown distribution option: 'tests_require'
  warnings.warn(msg)
/usr/local/lib/python3.10/dist-packages/setuptools/dist.py:599: SetuptoolsDeprecationWarning: Invalid dash-separated key 'script-dir' in 'develop' (setup.cfg), please use the underscore name 'script_dir' instead.
!!

        ********************************************************************************
        Usage of dash-separated 'script-dir' will not be supported in future
        versions. Please use the underscore name 'script_dir' instead.
        (Affected: f1tenth_stack).

        This deprecation is overdue, please update your project and remove deprecated
        calls to avoid build errors in the future.

        See https://setuptools.pypa.io/en/latest/userguide/declarative_config.html for details.
        ********************************************************************************

!!
  opt = self._enforce_underscore(opt, section)
running egg_info
writing ../../../build/f1tenth_stack/f1tenth_stack.egg-info/PKG-INFO
writing dependency_links to ../../../build/f1tenth_stack/f1tenth_stack.egg-info/dependency_links.txt
writing entry points to ../../../build/f1tenth_stack/f1tenth_stack.egg-info/entry_points.txt
writing requirements to ../../../build/f1tenth_stack/f1tenth_stack.egg-info/requires.txt
writing top-level names to ../../../build/f1tenth_stack/f1tenth_stack.egg-info/top_level.txt
reading manifest file '../../../build/f1tenth_stack/f1tenth_stack.egg-info/SOURCES.txt'
writing manifest file '../../../build/f1tenth_stack/f1tenth_stack.egg-info/SOURCES.txt'
running build
running build_py
copying f1tenth_stack/__init__.py -> /home/fabiocar/roboracer_ws/build/f1tenth_stack/build/lib/f1tenth_stack
copying f1tenth_stack/tf_publisher.py -> /home/fabiocar/roboracer_ws/build/f1tenth_stack/build/lib/f1tenth_stack
copying f1tenth_stack/throttle_interpolator.py -> /home/fabiocar/roboracer_ws/build/f1tenth_stack/build/lib/f1tenth_stack
running install
running install_lib
running install_data
copying resource/f1tenth_stack -> /home/fabiocar/roboracer_ws/install/f1tenth_stack/share/ament_index/resource_index/packages
copying package.xml -> /home/fabiocar/roboracer_ws/install/f1tenth_stack/share/f1tenth_stack
copying launch/bringup_launch.py -> /home/fabiocar/roboracer_ws/install/f1tenth_stack/share/f1tenth_stack/launch
copying config/f1tenth_online_async.yaml -> /home/fabiocar/roboracer_ws/install/f1tenth_stack/share/f1tenth_stack/config
copying config/mux.yaml -> /home/fabiocar/roboracer_ws/install/f1tenth_stack/share/f1tenth_stack/config
copying config/joy_teleop.yaml -> /home/fabiocar/roboracer_ws/install/f1tenth_stack/share/f1tenth_stack/config
copying config/sensors.yaml -> /home/fabiocar/roboracer_ws/install/f1tenth_stack/share/f1tenth_stack/config
copying config/vesc.yaml -> /home/fabiocar/roboracer_ws/install/f1tenth_stack/share/f1tenth_stack/config
running install_egg_info
removing '/home/fabiocar/roboracer_ws/install/f1tenth_stack/lib/python3.10/site-packages/f1tenth_stack-0.0.1-py3.10.egg-info' (and everything under it)
Copying ../../../build/f1tenth_stack/f1tenth_stack.egg-info to /home/fabiocar/roboracer_ws/install/f1tenth_stack/lib/python3.10/site-packages/f1tenth_stack-0.0.1-py3.10.egg-info
running install_scripts
Installing tf_publisher script to /home/fabiocar/roboracer_ws/install/f1tenth_stack/lib/f1tenth_stack
Installing throttle_interpolator script to /home/fabiocar/roboracer_ws/install/f1tenth_stack/lib/f1tenth_stack
writing list of installed files to '/home/fabiocar/roboracer_ws/build/f1tenth_stack/install.log'
