[0.024s] Invoking command in '/home/fabiocar/roboracer_ws/build/vesc_driver': CMAKE_PREFIX_PATH=/home/fabiocar/roboracer_ws/install/vesc_msgs:/home/fabiocar/roboracer_ws/install/vesc:/home/fabiocar/roboracer_ws/install/vesc_driver:/home/fabiocar/roboracer_ws/install/vesc_ackermann:/home/fabiocar/roboracer_ws/install/ackermann_mux:/home/fabiocar/roboracer_ws/install/f1tenth_stack:/home/fabiocar/roboracer_ws/install/mpc_controller:/home/fabiocar/roboracer_ws/install/llm_mpc_tuner:/opt/ros/humble LD_LIBRARY_PATH=/home/fabiocar/roboracer_ws/install/vesc_msgs/lib:/home/fabiocar/roboracer_ws/install/vesc_driver/lib:/home/fabiocar/roboracer_ws/install/vesc_ackermann/lib:/opt/ros/humble/opt/rviz_ogre_vendor/lib:/opt/ros/humble/lib/aarch64-linux-gnu:/opt/ros/humble/lib /usr/bin/cmake --build /home/fabiocar/roboracer_ws/build/vesc_driver -- -j12 -l12
[0.065s] -- Found ament_cmake_auto: 1.3.14 (/opt/ros/humble/share/ament_cmake_auto/cmake)
[0.455s] -- Found rosidl_generator_c: 3.1.8 (/opt/ros/humble/share/rosidl_generator_c/cmake)
[0.459s] -- Found rosidl_adapter: 3.1.8 (/opt/ros/humble/share/rosidl_adapter/cmake)
[0.470s] -- Found rosidl_generator_cpp: 3.1.8 (/opt/ros/humble/share/rosidl_generator_cpp/cmake)
[0.484s] -- Using all available rosidl_typesupport_c: rosidl_typesupport_fastrtps_c;rosidl_typesupport_introspection_c
[0.501s] -- Using all available rosidl_typesupport_cpp: rosidl_typesupport_fastrtps_cpp;rosidl_typesupport_introspection_cpp
[0.542s] -- Found rmw_implementation_cmake: 6.1.2 (/opt/ros/humble/share/rmw_implementation_cmake/cmake)
[0.544s] -- Found rmw_fastrtps_cpp: 6.2.10 (/opt/ros/humble/share/rmw_fastrtps_cpp/cmake)
[0.680s] -- Using RMW implementation 'rmw_fastrtps_cpp' as default
[0.867s] -- Found asio_cmake_module: 1.2.0 (/opt/ros/humble/share/asio_cmake_module/cmake)
[0.970s] -- Found ament_lint_auto: 0.12.15 (/opt/ros/humble/share/ament_lint_auto/cmake)
[0.978s] [0mIn this package, headers install destination is set to `include` by ament_auto_package. It is recommended to install `include/vesc_driver` instead and will be the default behavior of ament_auto_package from ROS 2 Kilted Kaiju. On distributions before Kilted, ament_auto_package behaves the same way when you use USE_SCOPED_HEADER_INSTALL_DIR option.[0m
[0.984s] -- Added test 'copyright' to check source files copyright and LICENSE
[0.988s] -- Added test 'cppcheck' to perform static code analysis on C / C++ code
[0.988s] -- Configured cppcheck include dirs: /home/fabiocar/roboracer_ws/src/vesc/vesc_driver/include
[0.989s] -- Configured cppcheck exclude dirs and/or files: 
[0.990s] -- Added test 'cpplint' to check C / C++ code against the Google style
[0.990s] -- Configured cpplint exclude dirs and/or files: 
[0.991s] -- Added test 'flake8' to check Python code syntax and style conventions
[0.991s] -- Added test 'lint_cmake' to check CMake code style
[0.992s] -- Added test 'pep257' to check Python code against some of the docstring style conventions in PEP 257
[0.994s] -- Added test 'uncrustify' to check C / C++ code style
[0.994s] -- Configured uncrustify additional arguments: 
[0.994s] -- Added test 'xmllint' to check XML markup files
[1.000s] -- Configuring done
[1.081s] -- Generating done
[1.096s] -- Build files have been written to: /home/fabiocar/roboracer_ws/build/vesc_driver
[1.143s] [35m[1mConsolidate compiler generated dependencies of target vesc_driver_node[0m
[1.146s] [35m[1mConsolidate compiler generated dependencies of target vesc_driver[0m
[1.167s] [ 10%] [32mBuilding CXX object CMakeFiles/vesc_driver_node.dir/rclcpp_components/node_main_vesc_driver_node.cpp.o[0m
[1.181s] [ 20%] [32mBuilding CXX object CMakeFiles/vesc_driver.dir/src/vesc_driver.cpp.o[0m
[1.196s] [ 40%] [32mBuilding CXX object CMakeFiles/vesc_driver.dir/src/vesc_packet.cpp.o[0m
[1.196s] [ 40%] [32mBuilding CXX object CMakeFiles/vesc_driver.dir/src/vesc_interface.cpp.o[0m
[1.203s] [ 50%] [32mBuilding CXX object CMakeFiles/vesc_driver.dir/src/vesc_packet_factory.cpp.o[0m
[6.612s] [ 60%] [32m[1mLinking CXX executable vesc_driver_node[0m
[6.812s] [ 60%] Built target vesc_driver_node
[18.995s] [ 70%] [32m[1mLinking CXX shared library libvesc_driver.so[0m
[20.147s] [ 70%] Built target vesc_driver
[20.166s] [35m[1mConsolidate compiler generated dependencies of target vesc_device_namer[0m
[20.189s] [ 90%] [32mBuilding CXX object CMakeFiles/vesc_device_namer.dir/src/vesc_device_namer.cpp.o[0m
[20.190s] [ 90%] [32mBuilding CXX object CMakeFiles/vesc_device_namer.dir/src/vesc_device_uuid_lookup.cpp.o[0m
[21.325s] [100%] [32m[1mLinking CXX executable vesc_device_namer[0m
[21.821s] [100%] Built target vesc_device_namer
[21.842s] Invoked command in '/home/fabiocar/roboracer_ws/build/vesc_driver' returned '0': CMAKE_PREFIX_PATH=/home/fabiocar/roboracer_ws/install/vesc_msgs:/home/fabiocar/roboracer_ws/install/vesc:/home/fabiocar/roboracer_ws/install/vesc_driver:/home/fabiocar/roboracer_ws/install/vesc_ackermann:/home/fabiocar/roboracer_ws/install/ackermann_mux:/home/fabiocar/roboracer_ws/install/f1tenth_stack:/home/fabiocar/roboracer_ws/install/mpc_controller:/home/fabiocar/roboracer_ws/install/llm_mpc_tuner:/opt/ros/humble LD_LIBRARY_PATH=/home/fabiocar/roboracer_ws/install/vesc_msgs/lib:/home/fabiocar/roboracer_ws/install/vesc_driver/lib:/home/fabiocar/roboracer_ws/install/vesc_ackermann/lib:/opt/ros/humble/opt/rviz_ogre_vendor/lib:/opt/ros/humble/lib/aarch64-linux-gnu:/opt/ros/humble/lib /usr/bin/cmake --build /home/fabiocar/roboracer_ws/build/vesc_driver -- -j12 -l12
[21.846s] Invoking command in '/home/fabiocar/roboracer_ws/build/vesc_driver': CMAKE_PREFIX_PATH=/home/fabiocar/roboracer_ws/install/vesc_msgs:/home/fabiocar/roboracer_ws/install/vesc:/home/fabiocar/roboracer_ws/install/vesc_driver:/home/fabiocar/roboracer_ws/install/vesc_ackermann:/home/fabiocar/roboracer_ws/install/ackermann_mux:/home/fabiocar/roboracer_ws/install/f1tenth_stack:/home/fabiocar/roboracer_ws/install/mpc_controller:/home/fabiocar/roboracer_ws/install/llm_mpc_tuner:/opt/ros/humble LD_LIBRARY_PATH=/home/fabiocar/roboracer_ws/install/vesc_msgs/lib:/home/fabiocar/roboracer_ws/install/vesc_driver/lib:/home/fabiocar/roboracer_ws/install/vesc_ackermann/lib:/opt/ros/humble/opt/rviz_ogre_vendor/lib:/opt/ros/humble/lib/aarch64-linux-gnu:/opt/ros/humble/lib /usr/bin/cmake --install /home/fabiocar/roboracer_ws/build/vesc_driver
[21.859s] -- Install configuration: ""
[21.861s] -- Installing: /home/fabiocar/roboracer_ws/install/vesc_driver/lib/vesc_driver/vesc_driver_node
[21.862s] -- Set runtime path of "/home/fabiocar/roboracer_ws/install/vesc_driver/lib/vesc_driver/vesc_driver_node" to ""
[21.862s] -- Up-to-date: /home/fabiocar/roboracer_ws/install/vesc_driver/include
[21.863s] -- Up-to-date: /home/fabiocar/roboracer_ws/install/vesc_driver/include/vesc_driver
[21.863s] -- Up-to-date: /home/fabiocar/roboracer_ws/install/vesc_driver/include/vesc_driver/crc.hpp
[21.863s] -- Up-to-date: /home/fabiocar/roboracer_ws/install/vesc_driver/include/vesc_driver/vesc_packet.hpp
[21.864s] -- Up-to-date: /home/fabiocar/roboracer_ws/install/vesc_driver/include/vesc_driver/vesc_device_uuid_lookup.hpp
[21.864s] -- Up-to-date: /home/fabiocar/roboracer_ws/install/vesc_driver/include/vesc_driver/vesc_driver.hpp
[21.864s] -- Up-to-date: /home/fabiocar/roboracer_ws/install/vesc_driver/include/vesc_driver/vesc_interface.hpp
[21.864s] -- Up-to-date: /home/fabiocar/roboracer_ws/install/vesc_driver/include/vesc_driver/vesc_packet_factory.hpp
[21.864s] -- Up-to-date: /home/fabiocar/roboracer_ws/install/vesc_driver/include/vesc_driver/datatypes.hpp
[21.864s] -- Installing: /home/fabiocar/roboracer_ws/install/vesc_driver/share/vesc_driver/environment/library_path.sh
[21.865s] -- Installing: /home/fabiocar/roboracer_ws/install/vesc_driver/share/vesc_driver/environment/library_path.dsv
[21.866s] -- Installing: /home/fabiocar/roboracer_ws/install/vesc_driver/lib/libvesc_driver.so
[21.880s] -- Set runtime path of "/home/fabiocar/roboracer_ws/install/vesc_driver/lib/libvesc_driver.so" to ""
[21.882s] -- Installing: /home/fabiocar/roboracer_ws/install/vesc_driver/lib/vesc_driver/vesc_device_namer
[21.883s] -- Set runtime path of "/home/fabiocar/roboracer_ws/install/vesc_driver/lib/vesc_driver/vesc_device_namer" to ""
[21.883s] -- Up-to-date: /home/fabiocar/roboracer_ws/install/vesc_driver/share/vesc_driver/launch
[21.883s] -- Up-to-date: /home/fabiocar/roboracer_ws/install/vesc_driver/share/vesc_driver/launch/vesc_driver_node.launch.py
[21.884s] -- Up-to-date: /home/fabiocar/roboracer_ws/install/vesc_driver/share/vesc_driver/params
[21.884s] -- Up-to-date: /home/fabiocar/roboracer_ws/install/vesc_driver/share/vesc_driver/params/vesc_config.yaml
[21.884s] -- Up-to-date: /home/fabiocar/roboracer_ws/install/vesc_driver/share/ament_index/resource_index/package_run_dependencies/vesc_driver
[21.884s] -- Installing: /home/fabiocar/roboracer_ws/install/vesc_driver/share/ament_index/resource_index/parent_prefix_path/vesc_driver
[21.885s] -- Installing: /home/fabiocar/roboracer_ws/install/vesc_driver/share/vesc_driver/environment/ament_prefix_path.sh
[21.885s] -- Installing: /home/fabiocar/roboracer_ws/install/vesc_driver/share/vesc_driver/environment/ament_prefix_path.dsv
[21.885s] -- Installing: /home/fabiocar/roboracer_ws/install/vesc_driver/share/vesc_driver/environment/path.sh
[21.886s] -- Installing: /home/fabiocar/roboracer_ws/install/vesc_driver/share/vesc_driver/environment/path.dsv
[21.886s] -- Up-to-date: /home/fabiocar/roboracer_ws/install/vesc_driver/share/vesc_driver/local_setup.bash
[21.886s] -- Up-to-date: /home/fabiocar/roboracer_ws/install/vesc_driver/share/vesc_driver/local_setup.sh
[21.886s] -- Up-to-date: /home/fabiocar/roboracer_ws/install/vesc_driver/share/vesc_driver/local_setup.zsh
[21.887s] -- Installing: /home/fabiocar/roboracer_ws/install/vesc_driver/share/vesc_driver/local_setup.dsv
[21.887s] -- Installing: /home/fabiocar/roboracer_ws/install/vesc_driver/share/vesc_driver/package.dsv
[21.887s] -- Up-to-date: /home/fabiocar/roboracer_ws/install/vesc_driver/share/ament_index/resource_index/packages/vesc_driver
[21.887s] -- Up-to-date: /home/fabiocar/roboracer_ws/install/vesc_driver/share/ament_index/resource_index/rclcpp_components/vesc_driver
[21.888s] -- Up-to-date: /home/fabiocar/roboracer_ws/install/vesc_driver/share/vesc_driver/cmake/ament_cmake_export_dependencies-extras.cmake
[21.888s] -- Up-to-date: /home/fabiocar/roboracer_ws/install/vesc_driver/share/vesc_driver/cmake/ament_cmake_export_include_directories-extras.cmake
[21.888s] -- Up-to-date: /home/fabiocar/roboracer_ws/install/vesc_driver/share/vesc_driver/cmake/ament_cmake_export_libraries-extras.cmake
[21.888s] -- Up-to-date: /home/fabiocar/roboracer_ws/install/vesc_driver/share/vesc_driver/cmake/vesc_driverConfig.cmake
[21.889s] -- Up-to-date: /home/fabiocar/roboracer_ws/install/vesc_driver/share/vesc_driver/cmake/vesc_driverConfig-version.cmake
[21.889s] -- Up-to-date: /home/fabiocar/roboracer_ws/install/vesc_driver/share/vesc_driver/package.xml
[21.892s] Invoked command in '/home/fabiocar/roboracer_ws/build/vesc_driver' returned '0': CMAKE_PREFIX_PATH=/home/fabiocar/roboracer_ws/install/vesc_msgs:/home/fabiocar/roboracer_ws/install/vesc:/home/fabiocar/roboracer_ws/install/vesc_driver:/home/fabiocar/roboracer_ws/install/vesc_ackermann:/home/fabiocar/roboracer_ws/install/ackermann_mux:/home/fabiocar/roboracer_ws/install/f1tenth_stack:/home/fabiocar/roboracer_ws/install/mpc_controller:/home/fabiocar/roboracer_ws/install/llm_mpc_tuner:/opt/ros/humble LD_LIBRARY_PATH=/home/fabiocar/roboracer_ws/install/vesc_msgs/lib:/home/fabiocar/roboracer_ws/install/vesc_driver/lib:/home/fabiocar/roboracer_ws/install/vesc_ackermann/lib:/opt/ros/humble/opt/rviz_ogre_vendor/lib:/opt/ros/humble/lib/aarch64-linux-gnu:/opt/ros/humble/lib /usr/bin/cmake --install /home/fabiocar/roboracer_ws/build/vesc_driver
