/home/fabiocar/fabiocar/install/f1tenth_stack/lib/python3.10/site-packages/f1tenth_stack/throttle_interpolator.py
/home/fabiocar/fabiocar/install/f1tenth_stack/lib/python3.10/site-packages/f1tenth_stack/__init__.py
/home/fabiocar/fabiocar/install/f1tenth_stack/lib/python3.10/site-packages/f1tenth_stack/tf_publisher.py
/home/fabiocar/fabiocar/install/f1tenth_stack/lib/python3.10/site-packages/f1tenth_stack/__pycache__/throttle_interpolator.cpython-310.pyc
/home/fabiocar/fabiocar/install/f1tenth_stack/lib/python3.10/site-packages/f1tenth_stack/__pycache__/__init__.cpython-310.pyc
/home/fabiocar/fabiocar/install/f1tenth_stack/lib/python3.10/site-packages/f1tenth_stack/__pycache__/tf_publisher.cpython-310.pyc
/home/fabiocar/fabiocar/install/f1tenth_stack/share/ament_index/resource_index/packages/f1tenth_stack
/home/fabiocar/fabiocar/install/f1tenth_stack/share/f1tenth_stack/package.xml
/home/fabiocar/fabiocar/install/f1tenth_stack/share/f1tenth_stack/launch/bringup_launch.py
/home/fabiocar/fabiocar/install/f1tenth_stack/share/f1tenth_stack/config/joy_teleop.yaml
/home/fabiocar/fabiocar/install/f1tenth_stack/share/f1tenth_stack/config/f1tenth_online_async.yaml
/home/fabiocar/fabiocar/install/f1tenth_stack/share/f1tenth_stack/config/vesc.yaml
/home/fabiocar/fabiocar/install/f1tenth_stack/share/f1tenth_stack/config/sensors.yaml
/home/fabiocar/fabiocar/install/f1tenth_stack/share/f1tenth_stack/config/mux.yaml
/home/fabiocar/fabiocar/install/f1tenth_stack/lib/python3.10/site-packages/f1tenth_stack-0.0.1-py3.10.egg-info/SOURCES.txt
/home/fabiocar/fabiocar/install/f1tenth_stack/lib/python3.10/site-packages/f1tenth_stack-0.0.1-py3.10.egg-info/dependency_links.txt
/home/fabiocar/fabiocar/install/f1tenth_stack/lib/python3.10/site-packages/f1tenth_stack-0.0.1-py3.10.egg-info/zip-safe
/home/fabiocar/fabiocar/install/f1tenth_stack/lib/python3.10/site-packages/f1tenth_stack-0.0.1-py3.10.egg-info/requires.txt
/home/fabiocar/fabiocar/install/f1tenth_stack/lib/python3.10/site-packages/f1tenth_stack-0.0.1-py3.10.egg-info/entry_points.txt
/home/fabiocar/fabiocar/install/f1tenth_stack/lib/python3.10/site-packages/f1tenth_stack-0.0.1-py3.10.egg-info/PKG-INFO
/home/fabiocar/fabiocar/install/f1tenth_stack/lib/python3.10/site-packages/f1tenth_stack-0.0.1-py3.10.egg-info/top_level.txt
/home/fabiocar/fabiocar/install/f1tenth_stack/lib/f1tenth_stack/tf_publisher
/home/fabiocar/fabiocar/install/f1tenth_stack/lib/f1tenth_stack/throttle_interpolator
