[0.031s] Invoking command in '/home/fabiocar/fabiocar/build/vesc_driver': AMENT_PREFIX_PATH=/home/fabiocar/fabiocar/install/vesc_msgs:${AMENT_PREFIX_PATH} CMAKE_PREFIX_PATH=/home/fabiocar/fabiocar/install/vesc_msgs:/home/fabiocar/roboracer_ws/install/vesc:/home/fabiocar/roboracer_ws/install/vesc_driver:/home/fabiocar/roboracer_ws/install/vesc_ackermann:/home/fabiocar/roboracer_ws/install/vesc_msgs:/home/fabiocar/roboracer_ws/install/ackermann_mux:/home/fabiocar/roboracer_ws/install/f1tenth_stack:/home/fabiocar/roboracer_ws/install/mpc_controller:/home/fabiocar/roboracer_ws/install/llm_mpc_tuner:/opt/ros/humble LD_LIBRARY_PATH=/home/fabiocar/fabiocar/install/vesc_msgs/lib:${LD_LIBRARY_PATH} PYTHONPATH=/home/fabiocar/fabiocar/install/vesc_msgs/local/lib/python3.10/dist-packages:${PYTHONPATH} /usr/bin/cmake /home/fabiocar/fabiocar/src/f1tenth_system/vesc/vesc_driver -DAMENT_CMAKE_SYMLINK_INSTALL=1 -DCMAKE_INSTALL_PREFIX=/home/fabiocar/fabiocar/install/vesc_driver
[0.058s] -- Found ament_cmake_auto: 1.3.14 (/opt/ros/humble/share/ament_cmake_auto/cmake)
[0.278s] -- Override CMake install command with custom implementation using symlinks instead of copying resources
[0.483s] -- Found rosidl_generator_c: 3.1.8 (/opt/ros/humble/share/rosidl_generator_c/cmake)
[0.487s] -- Found rosidl_adapter: 3.1.8 (/opt/ros/humble/share/rosidl_adapter/cmake)
[0.497s] -- Found rosidl_generator_cpp: 3.1.8 (/opt/ros/humble/share/rosidl_generator_cpp/cmake)
[0.512s] -- Using all available rosidl_typesupport_c: rosidl_typesupport_fastrtps_c;rosidl_typesupport_introspection_c
[0.529s] -- Using all available rosidl_typesupport_cpp: rosidl_typesupport_fastrtps_cpp;rosidl_typesupport_introspection_cpp
[0.569s] -- Found rmw_implementation_cmake: 6.1.2 (/opt/ros/humble/share/rmw_implementation_cmake/cmake)
[0.571s] -- Found rmw_fastrtps_cpp: 6.2.10 (/opt/ros/humble/share/rmw_fastrtps_cpp/cmake)
[0.707s] -- Using RMW implementation 'rmw_fastrtps_cpp' as default
[0.874s] -- Found asio_cmake_module: 1.2.0 (/opt/ros/humble/share/asio_cmake_module/cmake)
[0.978s] -- Found ament_lint_auto: 0.12.15 (/opt/ros/humble/share/ament_lint_auto/cmake)
[0.985s] [0mIn this package, headers install destination is set to `include` by ament_auto_package. It is recommended to install `include/vesc_driver` instead and will be the default behavior of ament_auto_package from ROS 2 Kilted Kaiju. On distributions before Kilted, ament_auto_package behaves the same way when you use USE_SCOPED_HEADER_INSTALL_DIR option.[0m
[0.993s] -- Added test 'copyright' to check source files copyright and LICENSE
[0.995s] -- Added test 'cppcheck' to perform static code analysis on C / C++ code
[0.996s] -- Configured cppcheck include dirs: /home/fabiocar/fabiocar/src/f1tenth_system/vesc/vesc_driver/include
[0.996s] -- Configured cppcheck exclude dirs and/or files: 
[0.997s] -- Added test 'cpplint' to check C / C++ code against the Google style
[0.997s] -- Configured cpplint exclude dirs and/or files: 
[0.998s] -- Added test 'flake8' to check Python code syntax and style conventions
[0.999s] -- Added test 'lint_cmake' to check CMake code style
[0.999s] -- Added test 'pep257' to check Python code against some of the docstring style conventions in PEP 257
[1.001s] -- Added test 'uncrustify' to check C / C++ code style
[1.001s] -- Configured uncrustify additional arguments: 
[1.001s] -- Added test 'xmllint' to check XML markup files
[1.006s] -- Configuring done
[1.100s] -- Generating done
[1.114s] -- Build files have been written to: /home/fabiocar/fabiocar/build/vesc_driver
[1.132s] Invoked command in '/home/fabiocar/fabiocar/build/vesc_driver' returned '0': AMENT_PREFIX_PATH=/home/fabiocar/fabiocar/install/vesc_msgs:${AMENT_PREFIX_PATH} CMAKE_PREFIX_PATH=/home/fabiocar/fabiocar/install/vesc_msgs:/home/fabiocar/roboracer_ws/install/vesc:/home/fabiocar/roboracer_ws/install/vesc_driver:/home/fabiocar/roboracer_ws/install/vesc_ackermann:/home/fabiocar/roboracer_ws/install/vesc_msgs:/home/fabiocar/roboracer_ws/install/ackermann_mux:/home/fabiocar/roboracer_ws/install/f1tenth_stack:/home/fabiocar/roboracer_ws/install/mpc_controller:/home/fabiocar/roboracer_ws/install/llm_mpc_tuner:/opt/ros/humble LD_LIBRARY_PATH=/home/fabiocar/fabiocar/install/vesc_msgs/lib:${LD_LIBRARY_PATH} PYTHONPATH=/home/fabiocar/fabiocar/install/vesc_msgs/local/lib/python3.10/dist-packages:${PYTHONPATH} /usr/bin/cmake /home/fabiocar/fabiocar/src/f1tenth_system/vesc/vesc_driver -DAMENT_CMAKE_SYMLINK_INSTALL=1 -DCMAKE_INSTALL_PREFIX=/home/fabiocar/fabiocar/install/vesc_driver
[1.136s] Invoking command in '/home/fabiocar/fabiocar/build/vesc_driver': AMENT_PREFIX_PATH=/home/fabiocar/fabiocar/install/vesc_msgs:${AMENT_PREFIX_PATH} CMAKE_PREFIX_PATH=/home/fabiocar/fabiocar/install/vesc_msgs:/home/fabiocar/roboracer_ws/install/vesc:/home/fabiocar/roboracer_ws/install/vesc_driver:/home/fabiocar/roboracer_ws/install/vesc_ackermann:/home/fabiocar/roboracer_ws/install/vesc_msgs:/home/fabiocar/roboracer_ws/install/ackermann_mux:/home/fabiocar/roboracer_ws/install/f1tenth_stack:/home/fabiocar/roboracer_ws/install/mpc_controller:/home/fabiocar/roboracer_ws/install/llm_mpc_tuner:/opt/ros/humble LD_LIBRARY_PATH=/home/fabiocar/fabiocar/install/vesc_msgs/lib:${LD_LIBRARY_PATH} PYTHONPATH=/home/fabiocar/fabiocar/install/vesc_msgs/local/lib/python3.10/dist-packages:${PYTHONPATH} /usr/bin/cmake --build /home/fabiocar/fabiocar/build/vesc_driver -- -j12 -l12
[1.202s] [35m[1mConsolidate compiler generated dependencies of target vesc_driver[0m
[1.204s] [35m[1mConsolidate compiler generated dependencies of target vesc_driver_node[0m
[1.241s] [ 20%] Built target vesc_driver_node
[1.267s] [ 70%] Built target vesc_driver
[1.284s] [35m[1mConsolidate compiler generated dependencies of target vesc_device_namer[0m
[1.312s] [100%] Built target vesc_device_namer
[1.331s] Invoked command in '/home/fabiocar/fabiocar/build/vesc_driver' returned '0': AMENT_PREFIX_PATH=/home/fabiocar/fabiocar/install/vesc_msgs:${AMENT_PREFIX_PATH} CMAKE_PREFIX_PATH=/home/fabiocar/fabiocar/install/vesc_msgs:/home/fabiocar/roboracer_ws/install/vesc:/home/fabiocar/roboracer_ws/install/vesc_driver:/home/fabiocar/roboracer_ws/install/vesc_ackermann:/home/fabiocar/roboracer_ws/install/vesc_msgs:/home/fabiocar/roboracer_ws/install/ackermann_mux:/home/fabiocar/roboracer_ws/install/f1tenth_stack:/home/fabiocar/roboracer_ws/install/mpc_controller:/home/fabiocar/roboracer_ws/install/llm_mpc_tuner:/opt/ros/humble LD_LIBRARY_PATH=/home/fabiocar/fabiocar/install/vesc_msgs/lib:${LD_LIBRARY_PATH} PYTHONPATH=/home/fabiocar/fabiocar/install/vesc_msgs/local/lib/python3.10/dist-packages:${PYTHONPATH} /usr/bin/cmake --build /home/fabiocar/fabiocar/build/vesc_driver -- -j12 -l12
[1.336s] Invoking command in '/home/fabiocar/fabiocar/build/vesc_driver': AMENT_PREFIX_PATH=/home/fabiocar/fabiocar/install/vesc_msgs:${AMENT_PREFIX_PATH} CMAKE_PREFIX_PATH=/home/fabiocar/fabiocar/install/vesc_msgs:/home/fabiocar/roboracer_ws/install/vesc:/home/fabiocar/roboracer_ws/install/vesc_driver:/home/fabiocar/roboracer_ws/install/vesc_ackermann:/home/fabiocar/roboracer_ws/install/vesc_msgs:/home/fabiocar/roboracer_ws/install/ackermann_mux:/home/fabiocar/roboracer_ws/install/f1tenth_stack:/home/fabiocar/roboracer_ws/install/mpc_controller:/home/fabiocar/roboracer_ws/install/llm_mpc_tuner:/opt/ros/humble LD_LIBRARY_PATH=/home/fabiocar/fabiocar/install/vesc_msgs/lib:${LD_LIBRARY_PATH} PYTHONPATH=/home/fabiocar/fabiocar/install/vesc_msgs/local/lib/python3.10/dist-packages:${PYTHONPATH} /usr/bin/cmake --install /home/fabiocar/fabiocar/build/vesc_driver
[1.349s] -- Install configuration: ""
[1.349s] -- Execute custom install script
[1.350s] -- Up-to-date symlink: /home/fabiocar/fabiocar/install/vesc_driver/lib/vesc_driver/vesc_driver_node
[1.350s] -- Up-to-date symlink: /home/fabiocar/fabiocar/install/vesc_driver/include/vesc_driver/crc.hpp
[1.351s] -- Up-to-date symlink: /home/fabiocar/fabiocar/install/vesc_driver/include/vesc_driver/datatypes.hpp
[1.351s] -- Up-to-date symlink: /home/fabiocar/fabiocar/install/vesc_driver/include/vesc_driver/vesc_device_uuid_lookup.hpp
[1.351s] -- Up-to-date symlink: /home/fabiocar/fabiocar/install/vesc_driver/include/vesc_driver/vesc_driver.hpp
[1.352s] -- Up-to-date symlink: /home/fabiocar/fabiocar/install/vesc_driver/include/vesc_driver/vesc_interface.hpp
[1.352s] -- Up-to-date symlink: /home/fabiocar/fabiocar/install/vesc_driver/include/vesc_driver/vesc_packet.hpp
[1.352s] -- Up-to-date symlink: /home/fabiocar/fabiocar/install/vesc_driver/include/vesc_driver/vesc_packet_factory.hpp
[1.353s] -- Up-to-date symlink: /home/fabiocar/fabiocar/install/vesc_driver/share/vesc_driver/environment/library_path.sh
[1.353s] -- Up-to-date symlink: /home/fabiocar/fabiocar/install/vesc_driver/share/vesc_driver/environment/library_path.dsv
[1.353s] -- Up-to-date symlink: /home/fabiocar/fabiocar/install/vesc_driver/lib/libvesc_driver.so
[1.354s] -- Up-to-date symlink: /home/fabiocar/fabiocar/install/vesc_driver/lib/vesc_driver/vesc_device_namer
[1.354s] -- Up-to-date symlink: /home/fabiocar/fabiocar/install/vesc_driver/share/vesc_driver/launch/vesc_driver_node.launch.py
[1.354s] -- Up-to-date symlink: /home/fabiocar/fabiocar/install/vesc_driver/share/vesc_driver/params/vesc_config.yaml
[1.354s] -- Up-to-date symlink: /home/fabiocar/fabiocar/install/vesc_driver/share/ament_index/resource_index/package_run_dependencies/vesc_driver
[1.355s] -- Up-to-date symlink: /home/fabiocar/fabiocar/install/vesc_driver/share/ament_index/resource_index/parent_prefix_path/vesc_driver
[1.355s] -- Up-to-date symlink: /home/fabiocar/fabiocar/install/vesc_driver/share/vesc_driver/environment/ament_prefix_path.sh
[1.355s] -- Up-to-date symlink: /home/fabiocar/fabiocar/install/vesc_driver/share/vesc_driver/environment/ament_prefix_path.dsv
[1.356s] -- Up-to-date symlink: /home/fabiocar/fabiocar/install/vesc_driver/share/vesc_driver/environment/path.sh
[1.356s] -- Up-to-date symlink: /home/fabiocar/fabiocar/install/vesc_driver/share/vesc_driver/environment/path.dsv
[1.356s] -- Up-to-date symlink: /home/fabiocar/fabiocar/install/vesc_driver/share/vesc_driver/local_setup.bash
[1.357s] -- Up-to-date symlink: /home/fabiocar/fabiocar/install/vesc_driver/share/vesc_driver/local_setup.sh
[1.357s] -- Up-to-date symlink: /home/fabiocar/fabiocar/install/vesc_driver/share/vesc_driver/local_setup.zsh
[1.357s] -- Up-to-date symlink: /home/fabiocar/fabiocar/install/vesc_driver/share/vesc_driver/local_setup.dsv
[1.357s] -- Symlinking: /home/fabiocar/fabiocar/install/vesc_driver/share/vesc_driver/package.dsv
[1.373s] -- Up-to-date symlink: /home/fabiocar/fabiocar/install/vesc_driver/share/ament_index/resource_index/packages/vesc_driver
[1.373s] -- Up-to-date symlink: /home/fabiocar/fabiocar/install/vesc_driver/share/ament_index/resource_index/rclcpp_components/vesc_driver
[1.374s] -- Up-to-date symlink: /home/fabiocar/fabiocar/install/vesc_driver/share/vesc_driver/cmake/ament_cmake_export_dependencies-extras.cmake
[1.374s] -- Up-to-date symlink: /home/fabiocar/fabiocar/install/vesc_driver/share/vesc_driver/cmake/ament_cmake_export_include_directories-extras.cmake
[1.374s] -- Up-to-date symlink: /home/fabiocar/fabiocar/install/vesc_driver/share/vesc_driver/cmake/ament_cmake_export_libraries-extras.cmake
[1.374s] -- Up-to-date symlink: /home/fabiocar/fabiocar/install/vesc_driver/share/vesc_driver/cmake/vesc_driverConfig.cmake
[1.375s] -- Up-to-date symlink: /home/fabiocar/fabiocar/install/vesc_driver/share/vesc_driver/cmake/vesc_driverConfig-version.cmake
[1.375s] -- Up-to-date symlink: /home/fabiocar/fabiocar/install/vesc_driver/share/vesc_driver/package.xml
[1.381s] Invoked command in '/home/fabiocar/fabiocar/build/vesc_driver' returned '0': AMENT_PREFIX_PATH=/home/fabiocar/fabiocar/install/vesc_msgs:${AMENT_PREFIX_PATH} CMAKE_PREFIX_PATH=/home/fabiocar/fabiocar/install/vesc_msgs:/home/fabiocar/roboracer_ws/install/vesc:/home/fabiocar/roboracer_ws/install/vesc_driver:/home/fabiocar/roboracer_ws/install/vesc_ackermann:/home/fabiocar/roboracer_ws/install/vesc_msgs:/home/fabiocar/roboracer_ws/install/ackermann_mux:/home/fabiocar/roboracer_ws/install/f1tenth_stack:/home/fabiocar/roboracer_ws/install/mpc_controller:/home/fabiocar/roboracer_ws/install/llm_mpc_tuner:/opt/ros/humble LD_LIBRARY_PATH=/home/fabiocar/fabiocar/install/vesc_msgs/lib:${LD_LIBRARY_PATH} PYTHONPATH=/home/fabiocar/fabiocar/install/vesc_msgs/local/lib/python3.10/dist-packages:${PYTHONPATH} /usr/bin/cmake --install /home/fabiocar/fabiocar/build/vesc_driver
