[0.016s] Invoking command in '/home/fabiocar/fabiocar/build/vesc_driver': AMENT_PREFIX_PATH=/home/fabiocar/fabiocar/install/vesc_msgs:${AMENT_PREFIX_PATH} CMAKE_PREFIX_PATH=/home/fabiocar/fabiocar/install/vesc_msgs:/home/fabiocar/roboracer_ws/install/vesc:/home/fabiocar/roboracer_ws/install/vesc_driver:/home/fabiocar/roboracer_ws/install/vesc_ackermann:/home/fabiocar/roboracer_ws/install/vesc_msgs:/home/fabiocar/roboracer_ws/install/ackermann_mux:/home/fabiocar/roboracer_ws/install/f1tenth_stack:/home/fabiocar/roboracer_ws/install/mpc_controller:/home/fabiocar/roboracer_ws/install/llm_mpc_tuner:/opt/ros/humble LD_LIBRARY_PATH=/home/fabiocar/fabiocar/install/vesc_msgs/lib:${LD_LIBRARY_PATH} PYTHONPATH=/home/fabiocar/fabiocar/install/vesc_msgs/local/lib/python3.10/dist-packages:${PYTHONPATH} /usr/bin/cmake --build /home/fabiocar/fabiocar/build/vesc_driver -- -j12 -l12
[0.090s] [ 20%] Built target vesc_driver_node
[0.097s] [ 70%] Built target vesc_driver
[0.134s] [100%] Built target vesc_device_namer
[0.175s] Invoked command in '/home/fabiocar/fabiocar/build/vesc_driver' returned '0': AMENT_PREFIX_PATH=/home/fabiocar/fabiocar/install/vesc_msgs:${AMENT_PREFIX_PATH} CMAKE_PREFIX_PATH=/home/fabiocar/fabiocar/install/vesc_msgs:/home/fabiocar/roboracer_ws/install/vesc:/home/fabiocar/roboracer_ws/install/vesc_driver:/home/fabiocar/roboracer_ws/install/vesc_ackermann:/home/fabiocar/roboracer_ws/install/vesc_msgs:/home/fabiocar/roboracer_ws/install/ackermann_mux:/home/fabiocar/roboracer_ws/install/f1tenth_stack:/home/fabiocar/roboracer_ws/install/mpc_controller:/home/fabiocar/roboracer_ws/install/llm_mpc_tuner:/opt/ros/humble LD_LIBRARY_PATH=/home/fabiocar/fabiocar/install/vesc_msgs/lib:${LD_LIBRARY_PATH} PYTHONPATH=/home/fabiocar/fabiocar/install/vesc_msgs/local/lib/python3.10/dist-packages:${PYTHONPATH} /usr/bin/cmake --build /home/fabiocar/fabiocar/build/vesc_driver -- -j12 -l12
[0.178s] Invoking command in '/home/fabiocar/fabiocar/build/vesc_driver': AMENT_PREFIX_PATH=/home/fabiocar/fabiocar/install/vesc_msgs:${AMENT_PREFIX_PATH} CMAKE_PREFIX_PATH=/home/fabiocar/fabiocar/install/vesc_msgs:/home/fabiocar/roboracer_ws/install/vesc:/home/fabiocar/roboracer_ws/install/vesc_driver:/home/fabiocar/roboracer_ws/install/vesc_ackermann:/home/fabiocar/roboracer_ws/install/vesc_msgs:/home/fabiocar/roboracer_ws/install/ackermann_mux:/home/fabiocar/roboracer_ws/install/f1tenth_stack:/home/fabiocar/roboracer_ws/install/mpc_controller:/home/fabiocar/roboracer_ws/install/llm_mpc_tuner:/opt/ros/humble LD_LIBRARY_PATH=/home/fabiocar/fabiocar/install/vesc_msgs/lib:${LD_LIBRARY_PATH} PYTHONPATH=/home/fabiocar/fabiocar/install/vesc_msgs/local/lib/python3.10/dist-packages:${PYTHONPATH} /usr/bin/cmake --install /home/fabiocar/fabiocar/build/vesc_driver
[0.191s] -- Install configuration: ""
[0.191s] -- Execute custom install script
[0.192s] -- Up-to-date symlink: /home/fabiocar/fabiocar/install/vesc_driver/lib/vesc_driver/vesc_driver_node
[0.192s] -- Up-to-date symlink: /home/fabiocar/fabiocar/install/vesc_driver/include/vesc_driver/crc.hpp
[0.193s] -- Up-to-date symlink: /home/fabiocar/fabiocar/install/vesc_driver/include/vesc_driver/datatypes.hpp
[0.193s] -- Up-to-date symlink: /home/fabiocar/fabiocar/install/vesc_driver/include/vesc_driver/vesc_device_uuid_lookup.hpp
[0.193s] -- Up-to-date symlink: /home/fabiocar/fabiocar/install/vesc_driver/include/vesc_driver/vesc_driver.hpp
[0.193s] -- Up-to-date symlink: /home/fabiocar/fabiocar/install/vesc_driver/include/vesc_driver/vesc_interface.hpp
[0.193s] -- Up-to-date symlink: /home/fabiocar/fabiocar/install/vesc_driver/include/vesc_driver/vesc_packet.hpp
[0.194s] -- Up-to-date symlink: /home/fabiocar/fabiocar/install/vesc_driver/include/vesc_driver/vesc_packet_factory.hpp
[0.194s] -- Up-to-date symlink: /home/fabiocar/fabiocar/install/vesc_driver/share/vesc_driver/environment/library_path.sh
[0.194s] -- Up-to-date symlink: /home/fabiocar/fabiocar/install/vesc_driver/share/vesc_driver/environment/library_path.dsv
[0.194s] -- Up-to-date symlink: /home/fabiocar/fabiocar/install/vesc_driver/lib/libvesc_driver.so
[0.195s] -- Up-to-date symlink: /home/fabiocar/fabiocar/install/vesc_driver/lib/vesc_driver/vesc_device_namer
[0.195s] -- Up-to-date symlink: /home/fabiocar/fabiocar/install/vesc_driver/share/vesc_driver/launch/vesc_driver_node.launch.py
[0.196s] -- Up-to-date symlink: /home/fabiocar/fabiocar/install/vesc_driver/share/vesc_driver/params/vesc_config.yaml
[0.196s] -- Up-to-date symlink: /home/fabiocar/fabiocar/install/vesc_driver/share/ament_index/resource_index/package_run_dependencies/vesc_driver
[0.196s] -- Up-to-date symlink: /home/fabiocar/fabiocar/install/vesc_driver/share/ament_index/resource_index/parent_prefix_path/vesc_driver
[0.197s] -- Up-to-date symlink: /home/fabiocar/fabiocar/install/vesc_driver/share/vesc_driver/environment/ament_prefix_path.sh
[0.197s] -- Up-to-date symlink: /home/fabiocar/fabiocar/install/vesc_driver/share/vesc_driver/environment/ament_prefix_path.dsv
[0.197s] -- Up-to-date symlink: /home/fabiocar/fabiocar/install/vesc_driver/share/vesc_driver/environment/path.sh
[0.197s] -- Up-to-date symlink: /home/fabiocar/fabiocar/install/vesc_driver/share/vesc_driver/environment/path.dsv
[0.198s] -- Up-to-date symlink: /home/fabiocar/fabiocar/install/vesc_driver/share/vesc_driver/local_setup.bash
[0.198s] -- Up-to-date symlink: /home/fabiocar/fabiocar/install/vesc_driver/share/vesc_driver/local_setup.sh
[0.198s] -- Up-to-date symlink: /home/fabiocar/fabiocar/install/vesc_driver/share/vesc_driver/local_setup.zsh
[0.198s] -- Up-to-date symlink: /home/fabiocar/fabiocar/install/vesc_driver/share/vesc_driver/local_setup.dsv
[0.198s] -- Symlinking: /home/fabiocar/fabiocar/install/vesc_driver/share/vesc_driver/package.dsv
[0.212s] -- Up-to-date symlink: /home/fabiocar/fabiocar/install/vesc_driver/share/ament_index/resource_index/packages/vesc_driver
[0.213s] -- Up-to-date symlink: /home/fabiocar/fabiocar/install/vesc_driver/share/ament_index/resource_index/rclcpp_components/vesc_driver
[0.213s] -- Up-to-date symlink: /home/fabiocar/fabiocar/install/vesc_driver/share/vesc_driver/cmake/ament_cmake_export_dependencies-extras.cmake
[0.213s] -- Up-to-date symlink: /home/fabiocar/fabiocar/install/vesc_driver/share/vesc_driver/cmake/ament_cmake_export_include_directories-extras.cmake
[0.213s] -- Up-to-date symlink: /home/fabiocar/fabiocar/install/vesc_driver/share/vesc_driver/cmake/ament_cmake_export_libraries-extras.cmake
[0.214s] -- Up-to-date symlink: /home/fabiocar/fabiocar/install/vesc_driver/share/vesc_driver/cmake/vesc_driverConfig.cmake
[0.214s] -- Up-to-date symlink: /home/fabiocar/fabiocar/install/vesc_driver/share/vesc_driver/cmake/vesc_driverConfig-version.cmake
[0.214s] -- Up-to-date symlink: /home/fabiocar/fabiocar/install/vesc_driver/share/vesc_driver/package.xml
[0.218s] Invoked command in '/home/fabiocar/fabiocar/build/vesc_driver' returned '0': AMENT_PREFIX_PATH=/home/fabiocar/fabiocar/install/vesc_msgs:${AMENT_PREFIX_PATH} CMAKE_PREFIX_PATH=/home/fabiocar/fabiocar/install/vesc_msgs:/home/fabiocar/roboracer_ws/install/vesc:/home/fabiocar/roboracer_ws/install/vesc_driver:/home/fabiocar/roboracer_ws/install/vesc_ackermann:/home/fabiocar/roboracer_ws/install/vesc_msgs:/home/fabiocar/roboracer_ws/install/ackermann_mux:/home/fabiocar/roboracer_ws/install/f1tenth_stack:/home/fabiocar/roboracer_ws/install/mpc_controller:/home/fabiocar/roboracer_ws/install/llm_mpc_tuner:/opt/ros/humble LD_LIBRARY_PATH=/home/fabiocar/fabiocar/install/vesc_msgs/lib:${LD_LIBRARY_PATH} PYTHONPATH=/home/fabiocar/fabiocar/install/vesc_msgs/local/lib/python3.10/dist-packages:${PYTHONPATH} /usr/bin/cmake --install /home/fabiocar/fabiocar/build/vesc_driver
