[0.051s] Invoking command in '/home/fabiocar/roboracer_ws/build/vesc_msgs': CMAKE_PREFIX_PATH=${CMAKE_PREFIX_PATH}:/home/fabiocar/roboracer_ws/install/f1tenth_stack:/home/fabiocar/roboracer_ws/install/mpc_controller:/home/fabiocar/roboracer_ws/install/llm_mpc_tuner:/opt/ros/humble /usr/bin/cmake --build /home/fabiocar/roboracer_ws/build/vesc_msgs -- -j12 -l12
[0.392s] -- Found ament_cmake_auto: 1.3.14 (/opt/ros/humble/share/ament_cmake_auto/cmake)
[0.528s] -- Using all available rosidl_typesupport_c: rosidl_typesupport_fastrtps_c;rosidl_typesupport_introspection_c
[0.531s] -- Found rosidl_adapter: 3.1.8 (/opt/ros/humble/share/rosidl_adapter/cmake)
[0.602s] -- Using all available rosidl_typesupport_cpp: rosidl_typesupport_fastrtps_cpp;rosidl_typesupport_introspection_cpp
[1.134s] -- Found ament_cmake_ros: 0.10.0 (/opt/ros/humble/share/ament_cmake_ros/cmake)
[1.574s] -- Using all available rosidl_typesupport_c: rosidl_typesupport_fastrtps_c;rosidl_typesupport_introspection_c
[2.158s] -- Using all available rosidl_typesupport_cpp: rosidl_typesupport_fastrtps_cpp;rosidl_typesupport_introspection_cpp
[2.200s] -- Found python_cmake_module: 0.10.0 (/opt/ros/humble/share/python_cmake_module/cmake)
[2.243s] -- Using PYTHON_EXECUTABLE: /usr/bin/python3
[2.243s] -- Using PYTHON_INCLUDE_DIRS: /usr/include/python3.10
[2.243s] -- Using PYTHON_LIBRARIES: /usr/lib/aarch64-linux-gnu/libpython3.10.so
[2.358s] -- Found ament_lint_auto: 0.12.15 (/opt/ros/humble/share/ament_lint_auto/cmake)
[2.384s] -- Added test 'copyright' to check source files copyright and LICENSE
[2.387s] -- Added test 'lint_cmake' to check CMake code style
[2.388s] -- Added test 'xmllint' to check XML markup files
[2.394s] -- Configuring done
[2.513s] -- Generating done
[2.537s] -- Build files have been written to: /home/fabiocar/roboracer_ws/build/vesc_msgs
[2.595s] [35m[1mConsolidate compiler generated dependencies of target vesc_msgs__rosidl_generator_c[0m
[2.606s] [  1%] Built target vesc_msgs__cpp
[2.617s] [  3%] [32m[1mLinking C shared library libvesc_msgs__rosidl_generator_c.so[0m
[2.623s] [35m[1mConsolidate compiler generated dependencies of target vesc_msgs__rosidl_typesupport_cpp[0m
[2.623s] [35m[1mConsolidate compiler generated dependencies of target vesc_msgs__rosidl_typesupport_fastrtps_cpp[0m
[2.624s] [35m[1mConsolidate compiler generated dependencies of target vesc_msgs__rosidl_typesupport_introspection_cpp[0m
[2.625s] [  3%] Built target ament_cmake_python_copy_vesc_msgs
[2.646s] [  7%] [32m[1mLinking CXX shared library libvesc_msgs__rosidl_typesupport_introspection_cpp.so[0m
[2.646s] [  7%] [32m[1mLinking CXX shared library libvesc_msgs__rosidl_typesupport_cpp.so[0m
[2.650s] [ 14%] [32mBuilding CXX object CMakeFiles/vesc_msgs__rosidl_typesupport_fastrtps_cpp.dir/rosidl_typesupport_fastrtps_cpp/vesc_msgs/msg/detail/dds_fastrtps/vesc_state_stamped__type_support.cpp.o[0m
[2.650s] [ 14%] [32mBuilding CXX object CMakeFiles/vesc_msgs__rosidl_typesupport_fastrtps_cpp.dir/rosidl_typesupport_fastrtps_cpp/vesc_msgs/msg/detail/dds_fastrtps/vesc_state__type_support.cpp.o[0m
[2.650s] [ 14%] [32mBuilding CXX object CMakeFiles/vesc_msgs__rosidl_typesupport_fastrtps_cpp.dir/rosidl_typesupport_fastrtps_cpp/vesc_msgs/msg/detail/dds_fastrtps/vesc_imu__type_support.cpp.o[0m
[2.650s] [ 14%] [32mBuilding CXX object CMakeFiles/vesc_msgs__rosidl_typesupport_fastrtps_cpp.dir/rosidl_typesupport_fastrtps_cpp/vesc_msgs/msg/detail/dds_fastrtps/vesc_imu_stamped__type_support.cpp.o[0m
[2.708s] [ 23%] Built target vesc_msgs__rosidl_generator_c
[2.714s] [ 32%] Built target vesc_msgs__rosidl_typesupport_cpp
[2.727s] [35m[1mConsolidate compiler generated dependencies of target vesc_msgs__rosidl_typesupport_introspection_c[0m
[2.729s] [35m[1mConsolidate compiler generated dependencies of target vesc_msgs__rosidl_typesupport_c[0m
[2.730s] [35m[1mConsolidate compiler generated dependencies of target vesc_msgs__rosidl_typesupport_fastrtps_c[0m
[2.752s] [ 38%] [32m[1mLinking CXX shared library libvesc_msgs__rosidl_typesupport_c.so[0m
[2.753s] [ 40%] [32m[1mLinking C shared library libvesc_msgs__rosidl_typesupport_introspection_c.so[0m
[2.755s] [ 45%] Built target vesc_msgs__rosidl_typesupport_introspection_cpp
[2.759s] [ 47%] [32mBuilding CXX object CMakeFiles/vesc_msgs__rosidl_typesupport_fastrtps_c.dir/rosidl_typesupport_fastrtps_c/vesc_msgs/msg/detail/vesc_state_stamped__type_support_c.cpp.o[0m
[2.766s] [ 49%] [32mBuilding CXX object CMakeFiles/vesc_msgs__rosidl_typesupport_fastrtps_c.dir/rosidl_typesupport_fastrtps_c/vesc_msgs/msg/detail/vesc_imu_stamped__type_support_c.cpp.o[0m
[2.775s] [ 50%] [32mBuilding CXX object CMakeFiles/vesc_msgs__rosidl_typesupport_fastrtps_c.dir/rosidl_typesupport_fastrtps_c/vesc_msgs/msg/detail/vesc_imu__type_support_c.cpp.o[0m
[2.776s] [ 52%] [32mBuilding CXX object CMakeFiles/vesc_msgs__rosidl_typesupport_fastrtps_c.dir/rosidl_typesupport_fastrtps_c/vesc_msgs/msg/detail/vesc_state__type_support_c.cpp.o[0m
[2.833s] [ 61%] Built target vesc_msgs__rosidl_typesupport_introspection_c
[2.872s] [ 70%] Built target vesc_msgs__rosidl_typesupport_c
[3.000s] running egg_info
[3.028s] writing vesc_msgs.egg-info/PKG-INFO
[3.030s] writing dependency_links to vesc_msgs.egg-info/dependency_links.txt
[3.030s] writing top-level names to vesc_msgs.egg-info/top_level.txt
[3.113s] reading manifest file 'vesc_msgs.egg-info/SOURCES.txt'
[3.117s] writing manifest file 'vesc_msgs.egg-info/SOURCES.txt'
[3.205s] [ 70%] Built target ament_cmake_python_build_vesc_msgs_egg
[3.305s] [ 72%] [32m[1mLinking CXX shared library libvesc_msgs__rosidl_typesupport_fastrtps_cpp.so[0m
[3.378s] [ 74%] [32m[1mLinking CXX shared library libvesc_msgs__rosidl_typesupport_fastrtps_c.so[0m
[3.424s] [ 76%] Built target vesc_msgs__rosidl_typesupport_fastrtps_cpp
[3.495s] [ 78%] Built target vesc_msgs__rosidl_typesupport_fastrtps_c
[3.529s] [ 78%] Built target vesc_msgs
[3.564s] [ 80%] Built target vesc_msgs__py
[3.584s] [35m[1mConsolidate compiler generated dependencies of target vesc_msgs__rosidl_generator_py[0m
[3.618s] [ 81%] [32m[1mLinking C shared library rosidl_generator_py/vesc_msgs/libvesc_msgs__rosidl_generator_py.so[0m
[3.693s] [ 89%] Built target vesc_msgs__rosidl_generator_py
[3.708s] [35m[1mConsolidate compiler generated dependencies of target vesc_msgs__rosidl_typesupport_fastrtps_c__pyext[0m
[3.708s] [35m[1mConsolidate compiler generated dependencies of target vesc_msgs__rosidl_typesupport_c__pyext[0m
[3.708s] [35m[1mConsolidate compiler generated dependencies of target vesc_msgs__rosidl_typesupport_introspection_c__pyext[0m
[3.727s] [ 94%] [32mBuilding C object CMakeFiles/vesc_msgs__rosidl_typesupport_fastrtps_c__pyext.dir/rosidl_generator_py/vesc_msgs/_vesc_msgs_s.ep.rosidl_typesupport_fastrtps_c.c.o[0m
[3.727s] [ 94%] [32mBuilding C object CMakeFiles/vesc_msgs__rosidl_typesupport_introspection_c__pyext.dir/rosidl_generator_py/vesc_msgs/_vesc_msgs_s.ep.rosidl_typesupport_introspection_c.c.o[0m
[3.727s] [ 94%] [32mBuilding C object CMakeFiles/vesc_msgs__rosidl_typesupport_c__pyext.dir/rosidl_generator_py/vesc_msgs/_vesc_msgs_s.ep.rosidl_typesupport_c.c.o[0m
[4.008s] [ 96%] [32m[1mLinking C shared library rosidl_generator_py/vesc_msgs/vesc_msgs_s__rosidl_typesupport_introspection_c.cpython-310-aarch64-linux-gnu.so[0m
[4.009s] [100%] [32m[1mLinking C shared library rosidl_generator_py/vesc_msgs/vesc_msgs_s__rosidl_typesupport_c.cpython-310-aarch64-linux-gnu.so[0m
[4.009s] [100%] [32m[1mLinking C shared library rosidl_generator_py/vesc_msgs/vesc_msgs_s__rosidl_typesupport_fastrtps_c.cpython-310-aarch64-linux-gnu.so[0m
[4.066s] [100%] Built target vesc_msgs__rosidl_typesupport_introspection_c__pyext
[4.068s] [100%] Built target vesc_msgs__rosidl_typesupport_fastrtps_c__pyext
[4.068s] [100%] Built target vesc_msgs__rosidl_typesupport_c__pyext
[4.095s] Invoked command in '/home/fabiocar/roboracer_ws/build/vesc_msgs' returned '0': CMAKE_PREFIX_PATH=${CMAKE_PREFIX_PATH}:/home/fabiocar/roboracer_ws/install/f1tenth_stack:/home/fabiocar/roboracer_ws/install/mpc_controller:/home/fabiocar/roboracer_ws/install/llm_mpc_tuner:/opt/ros/humble /usr/bin/cmake --build /home/fabiocar/roboracer_ws/build/vesc_msgs -- -j12 -l12
[4.111s] Invoking command in '/home/fabiocar/roboracer_ws/build/vesc_msgs': CMAKE_PREFIX_PATH=${CMAKE_PREFIX_PATH}:/home/fabiocar/roboracer_ws/install/f1tenth_stack:/home/fabiocar/roboracer_ws/install/mpc_controller:/home/fabiocar/roboracer_ws/install/llm_mpc_tuner:/opt/ros/humble /usr/bin/cmake --install /home/fabiocar/roboracer_ws/build/vesc_msgs
[4.124s] -- Install configuration: ""
[4.126s] -- Up-to-date: /home/fabiocar/roboracer_ws/install/vesc_msgs/share/ament_index/resource_index/rosidl_interfaces/vesc_msgs
[4.127s] -- Up-to-date: /home/fabiocar/roboracer_ws/install/vesc_msgs/include/vesc_msgs/vesc_msgs
[4.127s] -- Up-to-date: /home/fabiocar/roboracer_ws/install/vesc_msgs/include/vesc_msgs/vesc_msgs/msg
[4.127s] -- Up-to-date: /home/fabiocar/roboracer_ws/install/vesc_msgs/include/vesc_msgs/vesc_msgs/msg/vesc_imu_stamped.h
[4.127s] -- Up-to-date: /home/fabiocar/roboracer_ws/install/vesc_msgs/include/vesc_msgs/vesc_msgs/msg/vesc_imu.h
[4.128s] -- Up-to-date: /home/fabiocar/roboracer_ws/install/vesc_msgs/include/vesc_msgs/vesc_msgs/msg/detail
[4.128s] -- Up-to-date: /home/fabiocar/roboracer_ws/install/vesc_msgs/include/vesc_msgs/vesc_msgs/msg/detail/vesc_imu__struct.h
[4.128s] -- Up-to-date: /home/fabiocar/roboracer_ws/install/vesc_msgs/include/vesc_msgs/vesc_msgs/msg/detail/vesc_state_stamped__struct.h
[4.128s] -- Up-to-date: /home/fabiocar/roboracer_ws/install/vesc_msgs/include/vesc_msgs/vesc_msgs/msg/detail/vesc_imu__functions.h
[4.129s] -- Up-to-date: /home/fabiocar/roboracer_ws/install/vesc_msgs/include/vesc_msgs/vesc_msgs/msg/detail/vesc_imu_stamped__struct.h
[4.129s] -- Up-to-date: /home/fabiocar/roboracer_ws/install/vesc_msgs/include/vesc_msgs/vesc_msgs/msg/detail/vesc_state__functions.c
[4.129s] -- Up-to-date: /home/fabiocar/roboracer_ws/install/vesc_msgs/include/vesc_msgs/vesc_msgs/msg/detail/vesc_state_stamped__functions.h
[4.129s] -- Up-to-date: /home/fabiocar/roboracer_ws/install/vesc_msgs/include/vesc_msgs/vesc_msgs/msg/detail/vesc_imu_stamped__type_support.h
[4.129s] -- Up-to-date: /home/fabiocar/roboracer_ws/install/vesc_msgs/include/vesc_msgs/vesc_msgs/msg/detail/vesc_imu__functions.c
[4.129s] -- Up-to-date: /home/fabiocar/roboracer_ws/install/vesc_msgs/include/vesc_msgs/vesc_msgs/msg/detail/vesc_state_stamped__functions.c
[4.129s] -- Up-to-date: /home/fabiocar/roboracer_ws/install/vesc_msgs/include/vesc_msgs/vesc_msgs/msg/detail/vesc_imu__type_support.h
[4.129s] -- Up-to-date: /home/fabiocar/roboracer_ws/install/vesc_msgs/include/vesc_msgs/vesc_msgs/msg/detail/vesc_state__struct.h
[4.129s] -- Up-to-date: /home/fabiocar/roboracer_ws/install/vesc_msgs/include/vesc_msgs/vesc_msgs/msg/detail/vesc_imu_stamped__functions.c
[4.129s] -- Up-to-date: /home/fabiocar/roboracer_ws/install/vesc_msgs/include/vesc_msgs/vesc_msgs/msg/detail/vesc_state_stamped__type_support.h
[4.130s] -- Up-to-date: /home/fabiocar/roboracer_ws/install/vesc_msgs/include/vesc_msgs/vesc_msgs/msg/detail/vesc_state__functions.h
[4.130s] -- Up-to-date: /home/fabiocar/roboracer_ws/install/vesc_msgs/include/vesc_msgs/vesc_msgs/msg/detail/vesc_imu_stamped__functions.h
[4.130s] -- Up-to-date: /home/fabiocar/roboracer_ws/install/vesc_msgs/include/vesc_msgs/vesc_msgs/msg/detail/vesc_state__type_support.h
[4.130s] -- Up-to-date: /home/fabiocar/roboracer_ws/install/vesc_msgs/include/vesc_msgs/vesc_msgs/msg/vesc_state_stamped.h
[4.130s] -- Up-to-date: /home/fabiocar/roboracer_ws/install/vesc_msgs/include/vesc_msgs/vesc_msgs/msg/rosidl_generator_c__visibility_control.h
[4.130s] -- Up-to-date: /home/fabiocar/roboracer_ws/install/vesc_msgs/include/vesc_msgs/vesc_msgs/msg/vesc_state.h
[4.130s] -- Installing: /home/fabiocar/roboracer_ws/install/vesc_msgs/share/vesc_msgs/environment/library_path.sh
[4.130s] -- Installing: /home/fabiocar/roboracer_ws/install/vesc_msgs/share/vesc_msgs/environment/library_path.dsv
[4.130s] -- Installing: /home/fabiocar/roboracer_ws/install/vesc_msgs/lib/libvesc_msgs__rosidl_generator_c.so
[4.132s] -- Set runtime path of "/home/fabiocar/roboracer_ws/install/vesc_msgs/lib/libvesc_msgs__rosidl_generator_c.so" to ""
[4.132s] -- Up-to-date: /home/fabiocar/roboracer_ws/install/vesc_msgs/include/vesc_msgs/vesc_msgs
[4.132s] -- Up-to-date: /home/fabiocar/roboracer_ws/install/vesc_msgs/include/vesc_msgs/vesc_msgs/msg
[4.132s] -- Up-to-date: /home/fabiocar/roboracer_ws/install/vesc_msgs/include/vesc_msgs/vesc_msgs/msg/detail
[4.132s] -- Up-to-date: /home/fabiocar/roboracer_ws/install/vesc_msgs/include/vesc_msgs/vesc_msgs/msg/detail/vesc_imu__rosidl_typesupport_fastrtps_c.h
[4.132s] -- Up-to-date: /home/fabiocar/roboracer_ws/install/vesc_msgs/include/vesc_msgs/vesc_msgs/msg/detail/vesc_state__rosidl_typesupport_fastrtps_c.h
[4.132s] -- Up-to-date: /home/fabiocar/roboracer_ws/install/vesc_msgs/include/vesc_msgs/vesc_msgs/msg/detail/vesc_state_stamped__rosidl_typesupport_fastrtps_c.h
[4.132s] -- Up-to-date: /home/fabiocar/roboracer_ws/install/vesc_msgs/include/vesc_msgs/vesc_msgs/msg/detail/vesc_imu_stamped__rosidl_typesupport_fastrtps_c.h
[4.132s] -- Up-to-date: /home/fabiocar/roboracer_ws/install/vesc_msgs/include/vesc_msgs/vesc_msgs/msg/rosidl_typesupport_fastrtps_c__visibility_control.h
[4.133s] -- Installing: /home/fabiocar/roboracer_ws/install/vesc_msgs/lib/libvesc_msgs__rosidl_typesupport_fastrtps_c.so
[4.133s] -- Set runtime path of "/home/fabiocar/roboracer_ws/install/vesc_msgs/lib/libvesc_msgs__rosidl_typesupport_fastrtps_c.so" to ""
[4.134s] -- Up-to-date: /home/fabiocar/roboracer_ws/install/vesc_msgs/include/vesc_msgs/vesc_msgs
[4.134s] -- Up-to-date: /home/fabiocar/roboracer_ws/install/vesc_msgs/include/vesc_msgs/vesc_msgs/msg
[4.134s] -- Up-to-date: /home/fabiocar/roboracer_ws/install/vesc_msgs/include/vesc_msgs/vesc_msgs/msg/rosidl_typesupport_introspection_c__visibility_control.h
[4.134s] -- Up-to-date: /home/fabiocar/roboracer_ws/install/vesc_msgs/include/vesc_msgs/vesc_msgs/msg/detail
[4.134s] -- Up-to-date: /home/fabiocar/roboracer_ws/install/vesc_msgs/include/vesc_msgs/vesc_msgs/msg/detail/vesc_state__type_support.c
[4.134s] -- Up-to-date: /home/fabiocar/roboracer_ws/install/vesc_msgs/include/vesc_msgs/vesc_msgs/msg/detail/vesc_imu__type_support.c
[4.134s] -- Up-to-date: /home/fabiocar/roboracer_ws/install/vesc_msgs/include/vesc_msgs/vesc_msgs/msg/detail/vesc_state_stamped__type_support.c
[4.134s] -- Up-to-date: /home/fabiocar/roboracer_ws/install/vesc_msgs/include/vesc_msgs/vesc_msgs/msg/detail/vesc_imu_stamped__type_support.c
[4.135s] -- Up-to-date: /home/fabiocar/roboracer_ws/install/vesc_msgs/include/vesc_msgs/vesc_msgs/msg/detail/vesc_imu__rosidl_typesupport_introspection_c.h
[4.135s] -- Up-to-date: /home/fabiocar/roboracer_ws/install/vesc_msgs/include/vesc_msgs/vesc_msgs/msg/detail/vesc_state__rosidl_typesupport_introspection_c.h
[4.135s] -- Up-to-date: /home/fabiocar/roboracer_ws/install/vesc_msgs/include/vesc_msgs/vesc_msgs/msg/detail/vesc_state_stamped__rosidl_typesupport_introspection_c.h
[4.135s] -- Up-to-date: /home/fabiocar/roboracer_ws/install/vesc_msgs/include/vesc_msgs/vesc_msgs/msg/detail/vesc_imu_stamped__rosidl_typesupport_introspection_c.h
[4.135s] -- Installing: /home/fabiocar/roboracer_ws/install/vesc_msgs/lib/libvesc_msgs__rosidl_typesupport_introspection_c.so
[4.135s] -- Set runtime path of "/home/fabiocar/roboracer_ws/install/vesc_msgs/lib/libvesc_msgs__rosidl_typesupport_introspection_c.so" to ""
[4.136s] -- Installing: /home/fabiocar/roboracer_ws/install/vesc_msgs/lib/libvesc_msgs__rosidl_typesupport_c.so
[4.136s] -- Set runtime path of "/home/fabiocar/roboracer_ws/install/vesc_msgs/lib/libvesc_msgs__rosidl_typesupport_c.so" to ""
[4.137s] -- Up-to-date: /home/fabiocar/roboracer_ws/install/vesc_msgs/include/vesc_msgs/vesc_msgs
[4.137s] -- Up-to-date: /home/fabiocar/roboracer_ws/install/vesc_msgs/include/vesc_msgs/vesc_msgs/msg
[4.137s] -- Up-to-date: /home/fabiocar/roboracer_ws/install/vesc_msgs/include/vesc_msgs/vesc_msgs/msg/vesc_state_stamped.hpp
[4.137s] -- Up-to-date: /home/fabiocar/roboracer_ws/install/vesc_msgs/include/vesc_msgs/vesc_msgs/msg/detail
[4.137s] -- Up-to-date: /home/fabiocar/roboracer_ws/install/vesc_msgs/include/vesc_msgs/vesc_msgs/msg/detail/vesc_state__type_support.hpp
[4.138s] -- Up-to-date: /home/fabiocar/roboracer_ws/install/vesc_msgs/include/vesc_msgs/vesc_msgs/msg/detail/vesc_state_stamped__traits.hpp
[4.138s] -- Up-to-date: /home/fabiocar/roboracer_ws/install/vesc_msgs/include/vesc_msgs/vesc_msgs/msg/detail/vesc_imu_stamped__builder.hpp
[4.138s] -- Up-to-date: /home/fabiocar/roboracer_ws/install/vesc_msgs/include/vesc_msgs/vesc_msgs/msg/detail/vesc_state_stamped__type_support.hpp
[4.138s] -- Up-to-date: /home/fabiocar/roboracer_ws/install/vesc_msgs/include/vesc_msgs/vesc_msgs/msg/detail/vesc_imu__builder.hpp
[4.138s] -- Up-to-date: /home/fabiocar/roboracer_ws/install/vesc_msgs/include/vesc_msgs/vesc_msgs/msg/detail/vesc_imu__struct.hpp
[4.138s] -- Up-to-date: /home/fabiocar/roboracer_ws/install/vesc_msgs/include/vesc_msgs/vesc_msgs/msg/detail/vesc_imu_stamped__traits.hpp
[4.138s] -- Up-to-date: /home/fabiocar/roboracer_ws/install/vesc_msgs/include/vesc_msgs/vesc_msgs/msg/detail/vesc_state__struct.hpp
[4.138s] -- Up-to-date: /home/fabiocar/roboracer_ws/install/vesc_msgs/include/vesc_msgs/vesc_msgs/msg/detail/vesc_state_stamped__struct.hpp
[4.139s] -- Up-to-date: /home/fabiocar/roboracer_ws/install/vesc_msgs/include/vesc_msgs/vesc_msgs/msg/detail/vesc_imu__type_support.hpp
[4.139s] -- Up-to-date: /home/fabiocar/roboracer_ws/install/vesc_msgs/include/vesc_msgs/vesc_msgs/msg/detail/vesc_imu_stamped__struct.hpp
[4.139s] -- Up-to-date: /home/fabiocar/roboracer_ws/install/vesc_msgs/include/vesc_msgs/vesc_msgs/msg/detail/vesc_state__traits.hpp
[4.139s] -- Up-to-date: /home/fabiocar/roboracer_ws/install/vesc_msgs/include/vesc_msgs/vesc_msgs/msg/detail/vesc_state_stamped__builder.hpp
[4.139s] -- Up-to-date: /home/fabiocar/roboracer_ws/install/vesc_msgs/include/vesc_msgs/vesc_msgs/msg/detail/vesc_state__builder.hpp
[4.139s] -- Up-to-date: /home/fabiocar/roboracer_ws/install/vesc_msgs/include/vesc_msgs/vesc_msgs/msg/detail/vesc_imu_stamped__type_support.hpp
[4.139s] -- Up-to-date: /home/fabiocar/roboracer_ws/install/vesc_msgs/include/vesc_msgs/vesc_msgs/msg/detail/vesc_imu__traits.hpp
[4.139s] -- Up-to-date: /home/fabiocar/roboracer_ws/install/vesc_msgs/include/vesc_msgs/vesc_msgs/msg/vesc_state.hpp
[4.139s] -- Up-to-date: /home/fabiocar/roboracer_ws/install/vesc_msgs/include/vesc_msgs/vesc_msgs/msg/vesc_imu.hpp
[4.139s] -- Up-to-date: /home/fabiocar/roboracer_ws/install/vesc_msgs/include/vesc_msgs/vesc_msgs/msg/vesc_imu_stamped.hpp
[4.140s] -- Up-to-date: /home/fabiocar/roboracer_ws/install/vesc_msgs/include/vesc_msgs/vesc_msgs/msg/rosidl_generator_cpp__visibility_control.hpp
[4.140s] -- Up-to-date: /home/fabiocar/roboracer_ws/install/vesc_msgs/include/vesc_msgs/vesc_msgs
[4.140s] -- Up-to-date: /home/fabiocar/roboracer_ws/install/vesc_msgs/include/vesc_msgs/vesc_msgs/msg
[4.140s] -- Up-to-date: /home/fabiocar/roboracer_ws/install/vesc_msgs/include/vesc_msgs/vesc_msgs/msg/detail
[4.140s] -- Up-to-date: /home/fabiocar/roboracer_ws/install/vesc_msgs/include/vesc_msgs/vesc_msgs/msg/detail/vesc_state__rosidl_typesupport_fastrtps_cpp.hpp
[4.140s] -- Up-to-date: /home/fabiocar/roboracer_ws/install/vesc_msgs/include/vesc_msgs/vesc_msgs/msg/detail/vesc_state_stamped__rosidl_typesupport_fastrtps_cpp.hpp
[4.141s] -- Up-to-date: /home/fabiocar/roboracer_ws/install/vesc_msgs/include/vesc_msgs/vesc_msgs/msg/detail/vesc_imu__rosidl_typesupport_fastrtps_cpp.hpp
[4.141s] -- Up-to-date: /home/fabiocar/roboracer_ws/install/vesc_msgs/include/vesc_msgs/vesc_msgs/msg/detail/vesc_imu_stamped__rosidl_typesupport_fastrtps_cpp.hpp
[4.141s] -- Up-to-date: /home/fabiocar/roboracer_ws/install/vesc_msgs/include/vesc_msgs/vesc_msgs/msg/detail/dds_fastrtps
[4.141s] -- Up-to-date: /home/fabiocar/roboracer_ws/install/vesc_msgs/include/vesc_msgs/vesc_msgs/msg/rosidl_typesupport_fastrtps_cpp__visibility_control.h
[4.141s] -- Installing: /home/fabiocar/roboracer_ws/install/vesc_msgs/lib/libvesc_msgs__rosidl_typesupport_fastrtps_cpp.so
[4.141s] -- Set runtime path of "/home/fabiocar/roboracer_ws/install/vesc_msgs/lib/libvesc_msgs__rosidl_typesupport_fastrtps_cpp.so" to ""
[4.141s] -- Up-to-date: /home/fabiocar/roboracer_ws/install/vesc_msgs/include/vesc_msgs/vesc_msgs
[4.141s] -- Up-to-date: /home/fabiocar/roboracer_ws/install/vesc_msgs/include/vesc_msgs/vesc_msgs/msg
[4.141s] -- Up-to-date: /home/fabiocar/roboracer_ws/install/vesc_msgs/include/vesc_msgs/vesc_msgs/msg/detail
[4.141s] -- Up-to-date: /home/fabiocar/roboracer_ws/install/vesc_msgs/include/vesc_msgs/vesc_msgs/msg/detail/vesc_imu_stamped__type_support.cpp
[4.141s] -- Up-to-date: /home/fabiocar/roboracer_ws/install/vesc_msgs/include/vesc_msgs/vesc_msgs/msg/detail/vesc_state__rosidl_typesupport_introspection_cpp.hpp
[4.141s] -- Up-to-date: /home/fabiocar/roboracer_ws/install/vesc_msgs/include/vesc_msgs/vesc_msgs/msg/detail/vesc_imu_stamped__rosidl_typesupport_introspection_cpp.hpp
[4.142s] -- Up-to-date: /home/fabiocar/roboracer_ws/install/vesc_msgs/include/vesc_msgs/vesc_msgs/msg/detail/vesc_imu__type_support.cpp
[4.142s] -- Up-to-date: /home/fabiocar/roboracer_ws/install/vesc_msgs/include/vesc_msgs/vesc_msgs/msg/detail/vesc_state__type_support.cpp
[4.142s] -- Up-to-date: /home/fabiocar/roboracer_ws/install/vesc_msgs/include/vesc_msgs/vesc_msgs/msg/detail/vesc_state_stamped__type_support.cpp
[4.142s] -- Up-to-date: /home/fabiocar/roboracer_ws/install/vesc_msgs/include/vesc_msgs/vesc_msgs/msg/detail/vesc_imu__rosidl_typesupport_introspection_cpp.hpp
[4.142s] -- Up-to-date: /home/fabiocar/roboracer_ws/install/vesc_msgs/include/vesc_msgs/vesc_msgs/msg/detail/vesc_state_stamped__rosidl_typesupport_introspection_cpp.hpp
[4.142s] -- Installing: /home/fabiocar/roboracer_ws/install/vesc_msgs/lib/libvesc_msgs__rosidl_typesupport_introspection_cpp.so
[4.142s] -- Set runtime path of "/home/fabiocar/roboracer_ws/install/vesc_msgs/lib/libvesc_msgs__rosidl_typesupport_introspection_cpp.so" to ""
[4.143s] -- Installing: /home/fabiocar/roboracer_ws/install/vesc_msgs/lib/libvesc_msgs__rosidl_typesupport_cpp.so
[4.143s] -- Set runtime path of "/home/fabiocar/roboracer_ws/install/vesc_msgs/lib/libvesc_msgs__rosidl_typesupport_cpp.so" to ""
[4.143s] -- Up-to-date: /home/fabiocar/roboracer_ws/install/vesc_msgs/share/vesc_msgs/environment/pythonpath.sh
[4.144s] -- Installing: /home/fabiocar/roboracer_ws/install/vesc_msgs/share/vesc_msgs/environment/pythonpath.dsv
[4.144s] -- Up-to-date: /home/fabiocar/roboracer_ws/install/vesc_msgs/local/lib/python3.10/dist-packages/vesc_msgs-1.1.0-py3.10.egg-info
[4.144s] -- Installing: /home/fabiocar/roboracer_ws/install/vesc_msgs/local/lib/python3.10/dist-packages/vesc_msgs-1.1.0-py3.10.egg-info/PKG-INFO
[4.144s] -- Installing: /home/fabiocar/roboracer_ws/install/vesc_msgs/local/lib/python3.10/dist-packages/vesc_msgs-1.1.0-py3.10.egg-info/dependency_links.txt
[4.144s] -- Installing: /home/fabiocar/roboracer_ws/install/vesc_msgs/local/lib/python3.10/dist-packages/vesc_msgs-1.1.0-py3.10.egg-info/top_level.txt
[4.145s] -- Installing: /home/fabiocar/roboracer_ws/install/vesc_msgs/local/lib/python3.10/dist-packages/vesc_msgs-1.1.0-py3.10.egg-info/SOURCES.txt
[4.145s] -- Up-to-date: /home/fabiocar/roboracer_ws/install/vesc_msgs/local/lib/python3.10/dist-packages/vesc_msgs
[4.145s] -- Installing: /home/fabiocar/roboracer_ws/install/vesc_msgs/local/lib/python3.10/dist-packages/vesc_msgs/__init__.py
[4.145s] -- Up-to-date: /home/fabiocar/roboracer_ws/install/vesc_msgs/local/lib/python3.10/dist-packages/vesc_msgs/_vesc_msgs_s.ep.rosidl_typesupport_c.c
[4.146s] -- Installing: /home/fabiocar/roboracer_ws/install/vesc_msgs/local/lib/python3.10/dist-packages/vesc_msgs/vesc_msgs_s__rosidl_typesupport_c.cpython-310-aarch64-linux-gnu.so
[4.146s] -- Up-to-date: /home/fabiocar/roboracer_ws/install/vesc_msgs/local/lib/python3.10/dist-packages/vesc_msgs/_vesc_msgs_s.ep.rosidl_typesupport_introspection_c.c
[4.146s] -- Installing: /home/fabiocar/roboracer_ws/install/vesc_msgs/local/lib/python3.10/dist-packages/vesc_msgs/vesc_msgs_s__rosidl_typesupport_introspection_c.cpython-310-aarch64-linux-gnu.so
[4.146s] -- Installing: /home/fabiocar/roboracer_ws/install/vesc_msgs/local/lib/python3.10/dist-packages/vesc_msgs/libvesc_msgs__rosidl_generator_py.so
[4.146s] -- Up-to-date: /home/fabiocar/roboracer_ws/install/vesc_msgs/local/lib/python3.10/dist-packages/vesc_msgs/msg
[4.147s] -- Up-to-date: /home/fabiocar/roboracer_ws/install/vesc_msgs/local/lib/python3.10/dist-packages/vesc_msgs/msg/__init__.py
[4.147s] -- Up-to-date: /home/fabiocar/roboracer_ws/install/vesc_msgs/local/lib/python3.10/dist-packages/vesc_msgs/msg/_vesc_imu_stamped.py
[4.147s] -- Up-to-date: /home/fabiocar/roboracer_ws/install/vesc_msgs/local/lib/python3.10/dist-packages/vesc_msgs/msg/_vesc_imu_stamped_s.c
[4.147s] -- Up-to-date: /home/fabiocar/roboracer_ws/install/vesc_msgs/local/lib/python3.10/dist-packages/vesc_msgs/msg/_vesc_state.py
[4.147s] -- Up-to-date: /home/fabiocar/roboracer_ws/install/vesc_msgs/local/lib/python3.10/dist-packages/vesc_msgs/msg/_vesc_imu.py
[4.148s] -- Up-to-date: /home/fabiocar/roboracer_ws/install/vesc_msgs/local/lib/python3.10/dist-packages/vesc_msgs/msg/_vesc_imu_s.c
[4.148s] -- Up-to-date: /home/fabiocar/roboracer_ws/install/vesc_msgs/local/lib/python3.10/dist-packages/vesc_msgs/msg/_vesc_state_s.c
[4.148s] -- Up-to-date: /home/fabiocar/roboracer_ws/install/vesc_msgs/local/lib/python3.10/dist-packages/vesc_msgs/msg/_vesc_state_stamped.py
[4.148s] -- Up-to-date: /home/fabiocar/roboracer_ws/install/vesc_msgs/local/lib/python3.10/dist-packages/vesc_msgs/msg/_vesc_state_stamped_s.c
[4.148s] -- Up-to-date: /home/fabiocar/roboracer_ws/install/vesc_msgs/local/lib/python3.10/dist-packages/vesc_msgs/_vesc_msgs_s.ep.rosidl_typesupport_fastrtps_c.c
[4.148s] -- Installing: /home/fabiocar/roboracer_ws/install/vesc_msgs/local/lib/python3.10/dist-packages/vesc_msgs/vesc_msgs_s__rosidl_typesupport_fastrtps_c.cpython-310-aarch64-linux-gnu.so
[4.213s] Listing '/home/fabiocar/roboracer_ws/install/vesc_msgs/local/lib/python3.10/dist-packages/vesc_msgs'...
[4.213s] Compiling '/home/fabiocar/roboracer_ws/install/vesc_msgs/local/lib/python3.10/dist-packages/vesc_msgs/__init__.py'...
[4.213s] Listing '/home/fabiocar/roboracer_ws/install/vesc_msgs/local/lib/python3.10/dist-packages/vesc_msgs/msg'...
[4.222s] -- Installing: /home/fabiocar/roboracer_ws/install/vesc_msgs/local/lib/python3.10/dist-packages/vesc_msgs/vesc_msgs_s__rosidl_typesupport_fastrtps_c.cpython-310-aarch64-linux-gnu.so
[4.222s] -- Set runtime path of "/home/fabiocar/roboracer_ws/install/vesc_msgs/local/lib/python3.10/dist-packages/vesc_msgs/vesc_msgs_s__rosidl_typesupport_fastrtps_c.cpython-310-aarch64-linux-gnu.so" to ""
[4.222s] -- Installing: /home/fabiocar/roboracer_ws/install/vesc_msgs/local/lib/python3.10/dist-packages/vesc_msgs/vesc_msgs_s__rosidl_typesupport_introspection_c.cpython-310-aarch64-linux-gnu.so
[4.223s] -- Set runtime path of "/home/fabiocar/roboracer_ws/install/vesc_msgs/local/lib/python3.10/dist-packages/vesc_msgs/vesc_msgs_s__rosidl_typesupport_introspection_c.cpython-310-aarch64-linux-gnu.so" to ""
[4.223s] -- Installing: /home/fabiocar/roboracer_ws/install/vesc_msgs/local/lib/python3.10/dist-packages/vesc_msgs/vesc_msgs_s__rosidl_typesupport_c.cpython-310-aarch64-linux-gnu.so
[4.224s] -- Set runtime path of "/home/fabiocar/roboracer_ws/install/vesc_msgs/local/lib/python3.10/dist-packages/vesc_msgs/vesc_msgs_s__rosidl_typesupport_c.cpython-310-aarch64-linux-gnu.so" to ""
[4.225s] -- Installing: /home/fabiocar/roboracer_ws/install/vesc_msgs/lib/libvesc_msgs__rosidl_generator_py.so
[4.225s] -- Set runtime path of "/home/fabiocar/roboracer_ws/install/vesc_msgs/lib/libvesc_msgs__rosidl_generator_py.so" to ""
[4.226s] -- Up-to-date: /home/fabiocar/roboracer_ws/install/vesc_msgs/share/vesc_msgs/msg/VescState.idl
[4.226s] -- Up-to-date: /home/fabiocar/roboracer_ws/install/vesc_msgs/share/vesc_msgs/msg/VescStateStamped.idl
[4.226s] -- Up-to-date: /home/fabiocar/roboracer_ws/install/vesc_msgs/share/vesc_msgs/msg/VescImu.idl
[4.227s] -- Up-to-date: /home/fabiocar/roboracer_ws/install/vesc_msgs/share/vesc_msgs/msg/VescImuStamped.idl
[4.227s] -- Up-to-date: /home/fabiocar/roboracer_ws/install/vesc_msgs/share/vesc_msgs/msg/VescState.msg
[4.227s] -- Up-to-date: /home/fabiocar/roboracer_ws/install/vesc_msgs/share/vesc_msgs/msg/VescStateStamped.msg
[4.227s] -- Up-to-date: /home/fabiocar/roboracer_ws/install/vesc_msgs/share/vesc_msgs/msg/VescImu.msg
[4.227s] -- Up-to-date: /home/fabiocar/roboracer_ws/install/vesc_msgs/share/vesc_msgs/msg/VescImuStamped.msg
[4.227s] -- Up-to-date: /home/fabiocar/roboracer_ws/install/vesc_msgs/share/ament_index/resource_index/package_run_dependencies/vesc_msgs
[4.228s] -- Installing: /home/fabiocar/roboracer_ws/install/vesc_msgs/share/ament_index/resource_index/parent_prefix_path/vesc_msgs
[4.228s] -- Installing: /home/fabiocar/roboracer_ws/install/vesc_msgs/share/vesc_msgs/environment/ament_prefix_path.sh
[4.229s] -- Installing: /home/fabiocar/roboracer_ws/install/vesc_msgs/share/vesc_msgs/environment/ament_prefix_path.dsv
[4.229s] -- Installing: /home/fabiocar/roboracer_ws/install/vesc_msgs/share/vesc_msgs/environment/path.sh
[4.230s] -- Installing: /home/fabiocar/roboracer_ws/install/vesc_msgs/share/vesc_msgs/environment/path.dsv
[4.230s] -- Up-to-date: /home/fabiocar/roboracer_ws/install/vesc_msgs/share/vesc_msgs/local_setup.bash
[4.230s] -- Up-to-date: /home/fabiocar/roboracer_ws/install/vesc_msgs/share/vesc_msgs/local_setup.sh
[4.231s] -- Up-to-date: /home/fabiocar/roboracer_ws/install/vesc_msgs/share/vesc_msgs/local_setup.zsh
[4.231s] -- Installing: /home/fabiocar/roboracer_ws/install/vesc_msgs/share/vesc_msgs/local_setup.dsv
[4.231s] -- Installing: /home/fabiocar/roboracer_ws/install/vesc_msgs/share/vesc_msgs/package.dsv
[4.232s] -- Up-to-date: /home/fabiocar/roboracer_ws/install/vesc_msgs/share/ament_index/resource_index/packages/vesc_msgs
[4.234s] -- Up-to-date: /home/fabiocar/roboracer_ws/install/vesc_msgs/share/vesc_msgs/cmake/export_vesc_msgs__rosidl_generator_cExport.cmake
[4.234s] -- Up-to-date: /home/fabiocar/roboracer_ws/install/vesc_msgs/share/vesc_msgs/cmake/export_vesc_msgs__rosidl_generator_cExport-noconfig.cmake
[4.235s] -- Up-to-date: /home/fabiocar/roboracer_ws/install/vesc_msgs/share/vesc_msgs/cmake/export_vesc_msgs__rosidl_typesupport_fastrtps_cExport.cmake
[4.235s] -- Up-to-date: /home/fabiocar/roboracer_ws/install/vesc_msgs/share/vesc_msgs/cmake/export_vesc_msgs__rosidl_typesupport_fastrtps_cExport-noconfig.cmake
[4.236s] -- Up-to-date: /home/fabiocar/roboracer_ws/install/vesc_msgs/share/vesc_msgs/cmake/vesc_msgs__rosidl_typesupport_introspection_cExport.cmake
[4.236s] -- Up-to-date: /home/fabiocar/roboracer_ws/install/vesc_msgs/share/vesc_msgs/cmake/vesc_msgs__rosidl_typesupport_introspection_cExport-noconfig.cmake
[4.237s] -- Up-to-date: /home/fabiocar/roboracer_ws/install/vesc_msgs/share/vesc_msgs/cmake/vesc_msgs__rosidl_typesupport_cExport.cmake
[4.237s] -- Up-to-date: /home/fabiocar/roboracer_ws/install/vesc_msgs/share/vesc_msgs/cmake/vesc_msgs__rosidl_typesupport_cExport-noconfig.cmake
[4.238s] -- Up-to-date: /home/fabiocar/roboracer_ws/install/vesc_msgs/share/vesc_msgs/cmake/export_vesc_msgs__rosidl_generator_cppExport.cmake
[4.239s] -- Up-to-date: /home/fabiocar/roboracer_ws/install/vesc_msgs/share/vesc_msgs/cmake/export_vesc_msgs__rosidl_typesupport_fastrtps_cppExport.cmake
[4.239s] -- Up-to-date: /home/fabiocar/roboracer_ws/install/vesc_msgs/share/vesc_msgs/cmake/export_vesc_msgs__rosidl_typesupport_fastrtps_cppExport-noconfig.cmake
[4.240s] -- Up-to-date: /home/fabiocar/roboracer_ws/install/vesc_msgs/share/vesc_msgs/cmake/vesc_msgs__rosidl_typesupport_introspection_cppExport.cmake
[4.241s] -- Up-to-date: /home/fabiocar/roboracer_ws/install/vesc_msgs/share/vesc_msgs/cmake/vesc_msgs__rosidl_typesupport_introspection_cppExport-noconfig.cmake
[4.241s] -- Up-to-date: /home/fabiocar/roboracer_ws/install/vesc_msgs/share/vesc_msgs/cmake/vesc_msgs__rosidl_typesupport_cppExport.cmake
[4.241s] -- Up-to-date: /home/fabiocar/roboracer_ws/install/vesc_msgs/share/vesc_msgs/cmake/vesc_msgs__rosidl_typesupport_cppExport-noconfig.cmake
[4.242s] -- Up-to-date: /home/fabiocar/roboracer_ws/install/vesc_msgs/share/vesc_msgs/cmake/export_vesc_msgs__rosidl_generator_pyExport.cmake
[4.242s] -- Up-to-date: /home/fabiocar/roboracer_ws/install/vesc_msgs/share/vesc_msgs/cmake/export_vesc_msgs__rosidl_generator_pyExport-noconfig.cmake
[4.242s] -- Up-to-date: /home/fabiocar/roboracer_ws/install/vesc_msgs/share/vesc_msgs/cmake/rosidl_cmake-extras.cmake
[4.242s] -- Up-to-date: /home/fabiocar/roboracer_ws/install/vesc_msgs/share/vesc_msgs/cmake/ament_cmake_export_dependencies-extras.cmake
[4.243s] -- Up-to-date: /home/fabiocar/roboracer_ws/install/vesc_msgs/share/vesc_msgs/cmake/ament_cmake_export_include_directories-extras.cmake
[4.243s] -- Up-to-date: /home/fabiocar/roboracer_ws/install/vesc_msgs/share/vesc_msgs/cmake/ament_cmake_export_libraries-extras.cmake
[4.243s] -- Up-to-date: /home/fabiocar/roboracer_ws/install/vesc_msgs/share/vesc_msgs/cmake/ament_cmake_export_targets-extras.cmake
[4.243s] -- Up-to-date: /home/fabiocar/roboracer_ws/install/vesc_msgs/share/vesc_msgs/cmake/rosidl_cmake_export_typesupport_targets-extras.cmake
[4.243s] -- Up-to-date: /home/fabiocar/roboracer_ws/install/vesc_msgs/share/vesc_msgs/cmake/rosidl_cmake_export_typesupport_libraries-extras.cmake
[4.243s] -- Up-to-date: /home/fabiocar/roboracer_ws/install/vesc_msgs/share/vesc_msgs/cmake/vesc_msgsConfig.cmake
[4.243s] -- Up-to-date: /home/fabiocar/roboracer_ws/install/vesc_msgs/share/vesc_msgs/cmake/vesc_msgsConfig-version.cmake
[4.244s] -- Up-to-date: /home/fabiocar/roboracer_ws/install/vesc_msgs/share/vesc_msgs/package.xml
[4.251s] Invoked command in '/home/fabiocar/roboracer_ws/build/vesc_msgs' returned '0': CMAKE_PREFIX_PATH=${CMAKE_PREFIX_PATH}:/home/fabiocar/roboracer_ws/install/f1tenth_stack:/home/fabiocar/roboracer_ws/install/mpc_controller:/home/fabiocar/roboracer_ws/install/llm_mpc_tuner:/opt/ros/humble /usr/bin/cmake --install /home/fabiocar/roboracer_ws/build/vesc_msgs
