[1.338s] Invoking command in '/home/fabiocar/roboracer_ws/src/llm_mpc_tuner': PYTHONPATH=/home/fabiocar/roboracer_ws/build/llm_mpc_tuner/prefix_override:/usr/lib/python3/dist-packages/colcon_core/task/python/colcon_distutils_commands:/home/fabiocar/roboracer_ws/install/llm_mpc_tuner/lib/python3.10/site-packages:${PYTHONPATH} /usr/bin/python3 -W ignore:setup.py install is deprecated -W ignore:easy_install command is deprecated setup.py egg_info --egg-base ../../build/llm_mpc_tuner build --build-base /home/fabiocar/roboracer_ws/build/llm_mpc_tuner/build install --record /home/fabiocar/roboracer_ws/build/llm_mpc_tuner/install.log --single-version-externally-managed install_data
[1.738s] running egg_info
[1.761s] writing ../../build/llm_mpc_tuner/llm_mpc_tuner.egg-info/PKG-INFO
[1.762s] writing dependency_links to ../../build/llm_mpc_tuner/llm_mpc_tuner.egg-info/dependency_links.txt
[1.763s] writing entry points to ../../build/llm_mpc_tuner/llm_mpc_tuner.egg-info/entry_points.txt
[1.763s] writing requirements to ../../build/llm_mpc_tuner/llm_mpc_tuner.egg-info/requires.txt
[1.763s] writing top-level names to ../../build/llm_mpc_tuner/llm_mpc_tuner.egg-info/top_level.txt
[1.813s] reading manifest file '../../build/llm_mpc_tuner/llm_mpc_tuner.egg-info/SOURCES.txt'
[1.815s] writing manifest file '../../build/llm_mpc_tuner/llm_mpc_tuner.egg-info/SOURCES.txt'
[1.816s] running build
[1.816s] running build_py
[1.817s] copying llm_mpc_tuner/__init__.py -> /home/fabiocar/roboracer_ws/build/llm_mpc_tuner/build/lib/llm_mpc_tuner
[1.817s] copying llm_mpc_tuner/llm_mpc_tuner_node.py -> /home/fabiocar/roboracer_ws/build/llm_mpc_tuner/build/lib/llm_mpc_tuner
[1.818s] running install
[1.825s] running install_lib
[1.864s] running install_data
[1.870s] copying resource/llm_mpc_tuner -> /home/fabiocar/roboracer_ws/install/llm_mpc_tuner/share/ament_index/resource_index/packages
[1.871s] copying package.xml -> /home/fabiocar/roboracer_ws/install/llm_mpc_tuner/share/llm_mpc_tuner
[1.871s] running install_egg_info
[1.895s] removing '/home/fabiocar/roboracer_ws/install/llm_mpc_tuner/lib/python3.10/site-packages/llm_mpc_tuner-0.0.0-py3.10.egg-info' (and everything under it)
[1.896s] Copying ../../build/llm_mpc_tuner/llm_mpc_tuner.egg-info to /home/fabiocar/roboracer_ws/install/llm_mpc_tuner/lib/python3.10/site-packages/llm_mpc_tuner-0.0.0-py3.10.egg-info
[1.906s] running install_scripts
[1.956s] Installing llm_mpc_tuner_node script to /home/fabiocar/roboracer_ws/install/llm_mpc_tuner/lib/llm_mpc_tuner
[1.957s] writing list of installed files to '/home/fabiocar/roboracer_ws/build/llm_mpc_tuner/install.log'
[2.009s] Invoked command in '/home/fabiocar/roboracer_ws/src/llm_mpc_tuner' returned '0': PYTHONPATH=/home/fabiocar/roboracer_ws/build/llm_mpc_tuner/prefix_override:/usr/lib/python3/dist-packages/colcon_core/task/python/colcon_distutils_commands:/home/fabiocar/roboracer_ws/install/llm_mpc_tuner/lib/python3.10/site-packages:${PYTHONPATH} /usr/bin/python3 -W ignore:setup.py install is deprecated -W ignore:easy_install command is deprecated setup.py egg_info --egg-base ../../build/llm_mpc_tuner build --build-base /home/fabiocar/roboracer_ws/build/llm_mpc_tuner/build install --record /home/fabiocar/roboracer_ws/build/llm_mpc_tuner/install.log --single-version-externally-managed install_data
