-- Found ament_cmake: 1.3.14 (/opt/ros/humble/share/ament_cmake/cmake)
-- Override CMake install command with custom implementation using symlinks instead of copying resources
-- Found rclcpp: 16.0.19 (/opt/ros/humble/share/rclcpp/cmake)
-- Found rosidl_generator_c: 3.1.8 (/opt/ros/humble/share/rosidl_generator_c/cmake)
-- Found rosidl_adapter: 3.1.8 (/opt/ros/humble/share/rosidl_adapter/cmake)
-- Found rosidl_generator_cpp: 3.1.8 (/opt/ros/humble/share/rosidl_generator_cpp/cmake)
-- Using all available rosidl_typesupport_c: rosidl_typesupport_fastrtps_c;rosidl_typesupport_introspection_c
-- Using all available rosidl_typesupport_cpp: rosidl_typesupport_fastrtps_cpp;rosidl_typesupport_introspection_cpp
-- Found rmw_implementation_cmake: 6.1.2 (/opt/ros/humble/share/rmw_implementation_cmake/cmake)
-- Found rmw_fastrtps_cpp: 6.2.10 (/opt/ros/humble/share/rmw_fastrtps_cpp/cmake)
-- Using RMW implementation 'rmw_fastrtps_cpp' as default
-- Found ackermann_msgs: 2.0.2 (/opt/ros/humble/share/ackermann_msgs/cmake)
-- Found diagnostic_updater: 4.0.6 (/opt/ros/humble/share/diagnostic_updater/cmake)
-- Found ament_lint_auto: 0.12.15 (/opt/ros/humble/share/ament_lint_auto/cmake)
-- Found python_cmake_module: 0.10.0 (/opt/ros/humble/share/python_cmake_module/cmake)
-- Using PYTHON_EXECUTABLE: /usr/bin/python3
-- Using PYTHON_INCLUDE_DIRS: /usr/include/python3.10
-- Using PYTHON_LIBRARIES: /usr/lib/aarch64-linux-gnu/libpython3.10.so
-- Added test 'xmllint' to check XML markup files
-- Added test 'copyright' to check source files copyright and LICENSE
-- Added test 'cppcheck' to perform static code analysis on C / C++ code
-- Configured cppcheck include dirs: /home/fabiocar/fabiocar/src/f1tenth_system/ackermann_mux/include
-- Configured cppcheck exclude dirs and/or files: 
-- Added test 'cpplint' to check C / C++ code against the Google style
-- Configured cpplint exclude dirs and/or files: 
-- Added test 'flake8' to check Python code syntax and style conventions
-- Added test 'lint_cmake' to check CMake code style
-- Added test 'pep257' to check Python code against some of the docstring style conventions in PEP 257
-- Added test 'uncrustify' to check C / C++ code style
-- Configured uncrustify additional arguments: 
-- Configuring done
-- Generating done
-- Build files have been written to: /home/fabiocar/fabiocar/build/ackermann_mux
[35m[1mConsolidate compiler generated dependencies of target ackermann_mux[0m
[100%] Built target ackermann_mux
-- Install configuration: ""
-- Execute custom install script
-- Up-to-date symlink: /home/fabiocar/fabiocar/install/ackermann_mux/lib/ackermann_mux/ackermann_mux
-- Up-to-date symlink: /home/fabiocar/fabiocar/install/ackermann_mux/share/ackermann_mux/launch/ackermann_mux_launch.py
-- Up-to-date symlink: /home/fabiocar/fabiocar/install/ackermann_mux/share/ackermann_mux/config/ackermann_mux_locks.yaml
-- Up-to-date symlink: /home/fabiocar/fabiocar/install/ackermann_mux/share/ackermann_mux/config/ackermann_mux_topics.yaml
-- Up-to-date symlink: /home/fabiocar/fabiocar/install/ackermann_mux/share/ackermann_mux/config/joystick.yaml
-- Up-to-date symlink: /home/fabiocar/fabiocar/install/ackermann_mux/include/ackermann_mux/ackermann_mux.hpp
-- Up-to-date symlink: /home/fabiocar/fabiocar/install/ackermann_mux/include/ackermann_mux/ackermann_mux_diagnostics.hpp
-- Up-to-date symlink: /home/fabiocar/fabiocar/install/ackermann_mux/include/ackermann_mux/ackermann_mux_diagnostics_status.hpp
-- Up-to-date symlink: /home/fabiocar/fabiocar/install/ackermann_mux/include/ackermann_mux/params_helpers.hpp
-- Up-to-date symlink: /home/fabiocar/fabiocar/install/ackermann_mux/include/ackermann_mux/topic_handle.hpp
-- Up-to-date symlink: /home/fabiocar/fabiocar/install/ackermann_mux/include/ackermann_mux/utils.hpp
-- Up-to-date symlink: /home/fabiocar/fabiocar/install/ackermann_mux/share/ament_index/resource_index/package_run_dependencies/ackermann_mux
-- Up-to-date symlink: /home/fabiocar/fabiocar/install/ackermann_mux/share/ament_index/resource_index/parent_prefix_path/ackermann_mux
-- Up-to-date symlink: /home/fabiocar/fabiocar/install/ackermann_mux/share/ackermann_mux/environment/ament_prefix_path.sh
-- Up-to-date symlink: /home/fabiocar/fabiocar/install/ackermann_mux/share/ackermann_mux/environment/ament_prefix_path.dsv
-- Up-to-date symlink: /home/fabiocar/fabiocar/install/ackermann_mux/share/ackermann_mux/environment/path.sh
-- Up-to-date symlink: /home/fabiocar/fabiocar/install/ackermann_mux/share/ackermann_mux/environment/path.dsv
-- Up-to-date symlink: /home/fabiocar/fabiocar/install/ackermann_mux/share/ackermann_mux/local_setup.bash
-- Up-to-date symlink: /home/fabiocar/fabiocar/install/ackermann_mux/share/ackermann_mux/local_setup.sh
-- Up-to-date symlink: /home/fabiocar/fabiocar/install/ackermann_mux/share/ackermann_mux/local_setup.zsh
-- Up-to-date symlink: /home/fabiocar/fabiocar/install/ackermann_mux/share/ackermann_mux/local_setup.dsv
-- Symlinking: /home/fabiocar/fabiocar/install/ackermann_mux/share/ackermann_mux/package.dsv
-- Up-to-date symlink: /home/fabiocar/fabiocar/install/ackermann_mux/share/ament_index/resource_index/packages/ackermann_mux
-- Up-to-date symlink: /home/fabiocar/fabiocar/install/ackermann_mux/share/ackermann_mux/cmake/ament_cmake_export_include_directories-extras.cmake
-- Up-to-date symlink: /home/fabiocar/fabiocar/install/ackermann_mux/share/ackermann_mux/cmake/ament_cmake_export_dependencies-extras.cmake
-- Up-to-date symlink: /home/fabiocar/fabiocar/install/ackermann_mux/share/ackermann_mux/cmake/ackermann_muxConfig.cmake
-- Up-to-date symlink: /home/fabiocar/fabiocar/install/ackermann_mux/share/ackermann_mux/cmake/ackermann_muxConfig-version.cmake
-- Up-to-date symlink: /home/fabiocar/fabiocar/install/ackermann_mux/share/ackermann_mux/package.xml
