[0.035s] Invoking command in '/home/fabiocar/fabiocar/build/ackermann_mux': CMAKE_PREFIX_PATH=${CMAKE_PREFIX_PATH}:/home/fabiocar/roboracer_ws/install/f1tenth_stack:/home/fabiocar/roboracer_ws/install/mpc_controller:/home/fabiocar/roboracer_ws/install/llm_mpc_tuner:/opt/ros/humble /usr/bin/cmake /home/fabiocar/fabiocar/src/f1tenth_system/ackermann_mux -DAMENT_CMAKE_SYMLINK_INSTALL=1 -DCMAKE_INSTALL_PREFIX=/home/fabiocar/fabiocar/install/ackermann_mux
[0.369s] -- Found ament_cmake: 1.3.14 (/opt/ros/humble/share/ament_cmake/cmake)
[0.369s] -- Override CMake install command with custom implementation using symlinks instead of copying resources
[0.370s] -- Found rclcpp: 16.0.19 (/opt/ros/humble/share/rclcpp/cmake)
[0.415s] -- Found rosidl_generator_c: 3.1.8 (/opt/ros/humble/share/rosidl_generator_c/cmake)
[0.422s] -- Found rosidl_adapter: 3.1.8 (/opt/ros/humble/share/rosidl_adapter/cmake)
[0.440s] -- Found rosidl_generator_cpp: 3.1.8 (/opt/ros/humble/share/rosidl_generator_cpp/cmake)
[0.463s] -- Using all available rosidl_typesupport_c: rosidl_typesupport_fastrtps_c;rosidl_typesupport_introspection_c
[0.491s] -- Using all available rosidl_typesupport_cpp: rosidl_typesupport_fastrtps_cpp;rosidl_typesupport_introspection_cpp
[0.567s] -- Found rmw_implementation_cmake: 6.1.2 (/opt/ros/humble/share/rmw_implementation_cmake/cmake)
[0.572s] -- Found rmw_fastrtps_cpp: 6.2.10 (/opt/ros/humble/share/rmw_fastrtps_cpp/cmake)
[0.758s] -- Using RMW implementation 'rmw_fastrtps_cpp' as default
[0.859s] -- Found ackermann_msgs: 2.0.2 (/opt/ros/humble/share/ackermann_msgs/cmake)
[0.884s] -- Found diagnostic_updater: 4.0.6 (/opt/ros/humble/share/diagnostic_updater/cmake)
[0.922s] -- Found ament_lint_auto: 0.12.15 (/opt/ros/humble/share/ament_lint_auto/cmake)
[1.074s] -- Found python_cmake_module: 0.10.0 (/opt/ros/humble/share/python_cmake_module/cmake)
[1.115s] -- Using PYTHON_EXECUTABLE: /usr/bin/python3
[1.115s] -- Using PYTHON_INCLUDE_DIRS: /usr/include/python3.10
[1.115s] -- Using PYTHON_LIBRARIES: /usr/lib/aarch64-linux-gnu/libpython3.10.so
[1.143s] -- Added test 'xmllint' to check XML markup files
[1.144s] -- Added test 'copyright' to check source files copyright and LICENSE
[1.151s] -- Added test 'cppcheck' to perform static code analysis on C / C++ code
[1.151s] -- Configured cppcheck include dirs: /home/fabiocar/fabiocar/src/f1tenth_system/ackermann_mux/include
[1.151s] -- Configured cppcheck exclude dirs and/or files: 
[1.157s] -- Added test 'cpplint' to check C / C++ code against the Google style
[1.158s] -- Configured cpplint exclude dirs and/or files: 
[1.159s] -- Added test 'flake8' to check Python code syntax and style conventions
[1.161s] -- Added test 'lint_cmake' to check CMake code style
[1.163s] -- Added test 'pep257' to check Python code against some of the docstring style conventions in PEP 257
[1.168s] -- Added test 'uncrustify' to check C / C++ code style
[1.169s] -- Configured uncrustify additional arguments: 
[1.175s] -- Configuring done
[1.206s] -- Generating done
[1.213s] -- Build files have been written to: /home/fabiocar/fabiocar/build/ackermann_mux
[1.229s] Invoked command in '/home/fabiocar/fabiocar/build/ackermann_mux' returned '0': CMAKE_PREFIX_PATH=${CMAKE_PREFIX_PATH}:/home/fabiocar/roboracer_ws/install/f1tenth_stack:/home/fabiocar/roboracer_ws/install/mpc_controller:/home/fabiocar/roboracer_ws/install/llm_mpc_tuner:/opt/ros/humble /usr/bin/cmake /home/fabiocar/fabiocar/src/f1tenth_system/ackermann_mux -DAMENT_CMAKE_SYMLINK_INSTALL=1 -DCMAKE_INSTALL_PREFIX=/home/fabiocar/fabiocar/install/ackermann_mux
[1.233s] Invoking command in '/home/fabiocar/fabiocar/build/ackermann_mux': CMAKE_PREFIX_PATH=${CMAKE_PREFIX_PATH}:/home/fabiocar/roboracer_ws/install/f1tenth_stack:/home/fabiocar/roboracer_ws/install/mpc_controller:/home/fabiocar/roboracer_ws/install/llm_mpc_tuner:/opt/ros/humble /usr/bin/cmake --build /home/fabiocar/fabiocar/build/ackermann_mux -- -j12 -l12
[1.300s] [35m[1mConsolidate compiler generated dependencies of target ackermann_mux[0m
[1.392s] [100%] Built target ackermann_mux
[1.408s] Invoked command in '/home/fabiocar/fabiocar/build/ackermann_mux' returned '0': CMAKE_PREFIX_PATH=${CMAKE_PREFIX_PATH}:/home/fabiocar/roboracer_ws/install/f1tenth_stack:/home/fabiocar/roboracer_ws/install/mpc_controller:/home/fabiocar/roboracer_ws/install/llm_mpc_tuner:/opt/ros/humble /usr/bin/cmake --build /home/fabiocar/fabiocar/build/ackermann_mux -- -j12 -l12
[1.423s] Invoking command in '/home/fabiocar/fabiocar/build/ackermann_mux': CMAKE_PREFIX_PATH=${CMAKE_PREFIX_PATH}:/home/fabiocar/roboracer_ws/install/f1tenth_stack:/home/fabiocar/roboracer_ws/install/mpc_controller:/home/fabiocar/roboracer_ws/install/llm_mpc_tuner:/opt/ros/humble /usr/bin/cmake --install /home/fabiocar/fabiocar/build/ackermann_mux
[1.433s] -- Install configuration: ""
[1.433s] -- Execute custom install script
[1.434s] -- Up-to-date symlink: /home/fabiocar/fabiocar/install/ackermann_mux/lib/ackermann_mux/ackermann_mux
[1.434s] -- Up-to-date symlink: /home/fabiocar/fabiocar/install/ackermann_mux/share/ackermann_mux/launch/ackermann_mux_launch.py
[1.434s] -- Up-to-date symlink: /home/fabiocar/fabiocar/install/ackermann_mux/share/ackermann_mux/config/ackermann_mux_locks.yaml
[1.435s] -- Up-to-date symlink: /home/fabiocar/fabiocar/install/ackermann_mux/share/ackermann_mux/config/ackermann_mux_topics.yaml
[1.435s] -- Up-to-date symlink: /home/fabiocar/fabiocar/install/ackermann_mux/share/ackermann_mux/config/joystick.yaml
[1.435s] -- Up-to-date symlink: /home/fabiocar/fabiocar/install/ackermann_mux/include/ackermann_mux/ackermann_mux.hpp
[1.435s] -- Up-to-date symlink: /home/fabiocar/fabiocar/install/ackermann_mux/include/ackermann_mux/ackermann_mux_diagnostics.hpp
[1.435s] -- Up-to-date symlink: /home/fabiocar/fabiocar/install/ackermann_mux/include/ackermann_mux/ackermann_mux_diagnostics_status.hpp
[1.436s] -- Up-to-date symlink: /home/fabiocar/fabiocar/install/ackermann_mux/include/ackermann_mux/params_helpers.hpp
[1.436s] -- Up-to-date symlink: /home/fabiocar/fabiocar/install/ackermann_mux/include/ackermann_mux/topic_handle.hpp
[1.436s] -- Up-to-date symlink: /home/fabiocar/fabiocar/install/ackermann_mux/include/ackermann_mux/utils.hpp
[1.436s] -- Up-to-date symlink: /home/fabiocar/fabiocar/install/ackermann_mux/share/ament_index/resource_index/package_run_dependencies/ackermann_mux
[1.436s] -- Up-to-date symlink: /home/fabiocar/fabiocar/install/ackermann_mux/share/ament_index/resource_index/parent_prefix_path/ackermann_mux
[1.437s] -- Up-to-date symlink: /home/fabiocar/fabiocar/install/ackermann_mux/share/ackermann_mux/environment/ament_prefix_path.sh
[1.437s] -- Up-to-date symlink: /home/fabiocar/fabiocar/install/ackermann_mux/share/ackermann_mux/environment/ament_prefix_path.dsv
[1.437s] -- Up-to-date symlink: /home/fabiocar/fabiocar/install/ackermann_mux/share/ackermann_mux/environment/path.sh
[1.437s] -- Up-to-date symlink: /home/fabiocar/fabiocar/install/ackermann_mux/share/ackermann_mux/environment/path.dsv
[1.437s] -- Up-to-date symlink: /home/fabiocar/fabiocar/install/ackermann_mux/share/ackermann_mux/local_setup.bash
[1.437s] -- Up-to-date symlink: /home/fabiocar/fabiocar/install/ackermann_mux/share/ackermann_mux/local_setup.sh
[1.438s] -- Up-to-date symlink: /home/fabiocar/fabiocar/install/ackermann_mux/share/ackermann_mux/local_setup.zsh
[1.438s] -- Up-to-date symlink: /home/fabiocar/fabiocar/install/ackermann_mux/share/ackermann_mux/local_setup.dsv
[1.438s] -- Symlinking: /home/fabiocar/fabiocar/install/ackermann_mux/share/ackermann_mux/package.dsv
[1.453s] -- Up-to-date symlink: /home/fabiocar/fabiocar/install/ackermann_mux/share/ament_index/resource_index/packages/ackermann_mux
[1.453s] -- Up-to-date symlink: /home/fabiocar/fabiocar/install/ackermann_mux/share/ackermann_mux/cmake/ament_cmake_export_include_directories-extras.cmake
[1.453s] -- Up-to-date symlink: /home/fabiocar/fabiocar/install/ackermann_mux/share/ackermann_mux/cmake/ament_cmake_export_dependencies-extras.cmake
[1.453s] -- Up-to-date symlink: /home/fabiocar/fabiocar/install/ackermann_mux/share/ackermann_mux/cmake/ackermann_muxConfig.cmake
[1.453s] -- Up-to-date symlink: /home/fabiocar/fabiocar/install/ackermann_mux/share/ackermann_mux/cmake/ackermann_muxConfig-version.cmake
[1.453s] -- Up-to-date symlink: /home/fabiocar/fabiocar/install/ackermann_mux/share/ackermann_mux/package.xml
[1.457s] Invoked command in '/home/fabiocar/fabiocar/build/ackermann_mux' returned '0': CMAKE_PREFIX_PATH=${CMAKE_PREFIX_PATH}:/home/fabiocar/roboracer_ws/install/f1tenth_stack:/home/fabiocar/roboracer_ws/install/mpc_controller:/home/fabiocar/roboracer_ws/install/llm_mpc_tuner:/opt/ros/humble /usr/bin/cmake --install /home/fabiocar/fabiocar/build/ackermann_mux
