[0.031s] Invoking command in '/home/fabiocar/roboracer_ws/build/vesc_ackermann': CMAKE_PREFIX_PATH=/home/fabiocar/roboracer_ws/install/vesc_msgs:/home/fabiocar/roboracer_ws/install/vesc:/home/fabiocar/roboracer_ws/install/vesc_driver:/home/fabiocar/roboracer_ws/install/vesc_ackermann:/home/fabiocar/roboracer_ws/install/ackermann_mux:/home/fabiocar/roboracer_ws/install/f1tenth_stack:/home/fabiocar/roboracer_ws/install/mpc_controller:/home/fabiocar/roboracer_ws/install/llm_mpc_tuner:/opt/ros/humble LD_LIBRARY_PATH=/home/fabiocar/roboracer_ws/install/vesc_msgs/lib:/home/fabiocar/roboracer_ws/install/vesc_driver/lib:/home/fabiocar/roboracer_ws/install/vesc_ackermann/lib:/opt/ros/humble/opt/rviz_ogre_vendor/lib:/opt/ros/humble/lib/aarch64-linux-gnu:/opt/ros/humble/lib /usr/bin/cmake --build /home/fabiocar/roboracer_ws/build/vesc_ackermann -- -j12 -l12
[0.076s] -- Found ament_cmake_auto: 1.3.14 (/opt/ros/humble/share/ament_cmake_auto/cmake)
[0.428s] -- Found rosidl_generator_c: 3.1.8 (/opt/ros/humble/share/rosidl_generator_c/cmake)
[0.431s] -- Found rosidl_adapter: 3.1.8 (/opt/ros/humble/share/rosidl_adapter/cmake)
[0.442s] -- Found rosidl_generator_cpp: 3.1.8 (/opt/ros/humble/share/rosidl_generator_cpp/cmake)
[0.456s] -- Using all available rosidl_typesupport_c: rosidl_typesupport_fastrtps_c;rosidl_typesupport_introspection_c
[0.472s] -- Using all available rosidl_typesupport_cpp: rosidl_typesupport_fastrtps_cpp;rosidl_typesupport_introspection_cpp
[0.604s] -- Found rmw_implementation_cmake: 6.1.2 (/opt/ros/humble/share/rmw_implementation_cmake/cmake)
[0.606s] -- Found rmw_fastrtps_cpp: 6.2.10 (/opt/ros/humble/share/rmw_fastrtps_cpp/cmake)
[0.737s] -- Using RMW implementation 'rmw_fastrtps_cpp' as default
[0.968s] -- Found ament_lint_auto: 0.12.15 (/opt/ros/humble/share/ament_lint_auto/cmake)
[0.976s] [0mIn this package, headers install destination is set to `include` by ament_auto_package. It is recommended to install `include/vesc_ackermann` instead and will be the default behavior of ament_auto_package from ROS 2 Kilted Kaiju. On distributions before Kilted, ament_auto_package behaves the same way when you use USE_SCOPED_HEADER_INSTALL_DIR option.[0m
[0.982s] -- Added test 'copyright' to check source files copyright and LICENSE
[0.985s] -- Added test 'cppcheck' to perform static code analysis on C / C++ code
[0.985s] -- Configured cppcheck include dirs: /home/fabiocar/roboracer_ws/src/vesc/vesc_ackermann/include
[0.985s] -- Configured cppcheck exclude dirs and/or files: 
[0.986s] -- Added test 'cpplint' to check C / C++ code against the Google style
[0.986s] -- Configured cpplint exclude dirs and/or files: 
[0.987s] -- Added test 'lint_cmake' to check CMake code style
[0.988s] -- Added test 'uncrustify' to check C / C++ code style
[0.988s] -- Configured uncrustify additional arguments: 
[0.989s] -- Added test 'xmllint' to check XML markup files
[0.994s] -- Configuring done
[1.034s] -- Generating done
[1.046s] -- Build files have been written to: /home/fabiocar/roboracer_ws/build/vesc_ackermann
[1.090s] [35m[1mConsolidate compiler generated dependencies of target vesc_to_odom_node[0m
[1.091s] [35m[1mConsolidate compiler generated dependencies of target ackermann_to_vesc_node[0m
[1.093s] [35m[1mConsolidate compiler generated dependencies of target vesc_ackermann[0m
[1.120s] [ 28%] [32mBuilding CXX object CMakeFiles/ackermann_to_vesc_node.dir/rclcpp_components/node_main_ackermann_to_vesc_node.cpp.o[0m
[1.121s] [ 28%] [32mBuilding CXX object CMakeFiles/vesc_to_odom_node.dir/rclcpp_components/node_main_vesc_to_odom_node.cpp.o[0m
[1.121s] [ 42%] [32mBuilding CXX object CMakeFiles/vesc_ackermann.dir/src/ackermann_to_vesc.cpp.o[0m
[1.130s] [ 57%] [32mBuilding CXX object CMakeFiles/vesc_ackermann.dir/src/vesc_to_odom.cpp.o[0m
[6.529s] [ 71%] [32m[1mLinking CXX executable vesc_to_odom_node[0m
[6.553s] [ 85%] [32m[1mLinking CXX executable ackermann_to_vesc_node[0m
[6.783s] [ 85%] Built target ackermann_to_vesc_node
[6.783s] [ 85%] Built target vesc_to_odom_node
[20.987s] [100%] [32m[1mLinking CXX shared library libvesc_ackermann.so[0m
[22.579s] [100%] Built target vesc_ackermann
[22.602s] Invoked command in '/home/fabiocar/roboracer_ws/build/vesc_ackermann' returned '0': CMAKE_PREFIX_PATH=/home/fabiocar/roboracer_ws/install/vesc_msgs:/home/fabiocar/roboracer_ws/install/vesc:/home/fabiocar/roboracer_ws/install/vesc_driver:/home/fabiocar/roboracer_ws/install/vesc_ackermann:/home/fabiocar/roboracer_ws/install/ackermann_mux:/home/fabiocar/roboracer_ws/install/f1tenth_stack:/home/fabiocar/roboracer_ws/install/mpc_controller:/home/fabiocar/roboracer_ws/install/llm_mpc_tuner:/opt/ros/humble LD_LIBRARY_PATH=/home/fabiocar/roboracer_ws/install/vesc_msgs/lib:/home/fabiocar/roboracer_ws/install/vesc_driver/lib:/home/fabiocar/roboracer_ws/install/vesc_ackermann/lib:/opt/ros/humble/opt/rviz_ogre_vendor/lib:/opt/ros/humble/lib/aarch64-linux-gnu:/opt/ros/humble/lib /usr/bin/cmake --build /home/fabiocar/roboracer_ws/build/vesc_ackermann -- -j12 -l12
[22.607s] Invoking command in '/home/fabiocar/roboracer_ws/build/vesc_ackermann': CMAKE_PREFIX_PATH=/home/fabiocar/roboracer_ws/install/vesc_msgs:/home/fabiocar/roboracer_ws/install/vesc:/home/fabiocar/roboracer_ws/install/vesc_driver:/home/fabiocar/roboracer_ws/install/vesc_ackermann:/home/fabiocar/roboracer_ws/install/ackermann_mux:/home/fabiocar/roboracer_ws/install/f1tenth_stack:/home/fabiocar/roboracer_ws/install/mpc_controller:/home/fabiocar/roboracer_ws/install/llm_mpc_tuner:/opt/ros/humble LD_LIBRARY_PATH=/home/fabiocar/roboracer_ws/install/vesc_msgs/lib:/home/fabiocar/roboracer_ws/install/vesc_driver/lib:/home/fabiocar/roboracer_ws/install/vesc_ackermann/lib:/opt/ros/humble/opt/rviz_ogre_vendor/lib:/opt/ros/humble/lib/aarch64-linux-gnu:/opt/ros/humble/lib /usr/bin/cmake --install /home/fabiocar/roboracer_ws/build/vesc_ackermann
[22.621s] -- Install configuration: ""
[22.623s] -- Installing: /home/fabiocar/roboracer_ws/install/vesc_ackermann/lib/vesc_ackermann/ackermann_to_vesc_node
[22.625s] -- Set runtime path of "/home/fabiocar/roboracer_ws/install/vesc_ackermann/lib/vesc_ackermann/ackermann_to_vesc_node" to ""
[22.626s] -- Installing: /home/fabiocar/roboracer_ws/install/vesc_ackermann/lib/vesc_ackermann/vesc_to_odom_node
[22.627s] -- Set runtime path of "/home/fabiocar/roboracer_ws/install/vesc_ackermann/lib/vesc_ackermann/vesc_to_odom_node" to ""
[22.627s] -- Up-to-date: /home/fabiocar/roboracer_ws/install/vesc_ackermann/include
[22.628s] -- Up-to-date: /home/fabiocar/roboracer_ws/install/vesc_ackermann/include/vesc_ackermann
[22.628s] -- Up-to-date: /home/fabiocar/roboracer_ws/install/vesc_ackermann/include/vesc_ackermann/ackermann_to_vesc.hpp
[22.628s] -- Up-to-date: /home/fabiocar/roboracer_ws/install/vesc_ackermann/include/vesc_ackermann/vesc_to_odom.hpp
[22.629s] -- Installing: /home/fabiocar/roboracer_ws/install/vesc_ackermann/share/vesc_ackermann/environment/library_path.sh
[22.629s] -- Installing: /home/fabiocar/roboracer_ws/install/vesc_ackermann/share/vesc_ackermann/environment/library_path.dsv
[22.631s] -- Installing: /home/fabiocar/roboracer_ws/install/vesc_ackermann/lib/libvesc_ackermann.so
[22.657s] -- Set runtime path of "/home/fabiocar/roboracer_ws/install/vesc_ackermann/lib/libvesc_ackermann.so" to ""
[22.657s] -- Up-to-date: /home/fabiocar/roboracer_ws/install/vesc_ackermann/share/vesc_ackermann/launch
[22.659s] -- Up-to-date: /home/fabiocar/roboracer_ws/install/vesc_ackermann/share/vesc_ackermann/launch/vesc_to_odom_node.launch.xml
[22.659s] -- Up-to-date: /home/fabiocar/roboracer_ws/install/vesc_ackermann/share/vesc_ackermann/launch/ackermann_to_vesc_node.launch.xml
[22.659s] -- Up-to-date: /home/fabiocar/roboracer_ws/install/vesc_ackermann/share/ament_index/resource_index/package_run_dependencies/vesc_ackermann
[22.660s] -- Installing: /home/fabiocar/roboracer_ws/install/vesc_ackermann/share/ament_index/resource_index/parent_prefix_path/vesc_ackermann
[22.660s] -- Installing: /home/fabiocar/roboracer_ws/install/vesc_ackermann/share/vesc_ackermann/environment/ament_prefix_path.sh
[22.660s] -- Installing: /home/fabiocar/roboracer_ws/install/vesc_ackermann/share/vesc_ackermann/environment/ament_prefix_path.dsv
[22.661s] -- Installing: /home/fabiocar/roboracer_ws/install/vesc_ackermann/share/vesc_ackermann/environment/path.sh
[22.661s] -- Installing: /home/fabiocar/roboracer_ws/install/vesc_ackermann/share/vesc_ackermann/environment/path.dsv
[22.661s] -- Up-to-date: /home/fabiocar/roboracer_ws/install/vesc_ackermann/share/vesc_ackermann/local_setup.bash
[22.661s] -- Up-to-date: /home/fabiocar/roboracer_ws/install/vesc_ackermann/share/vesc_ackermann/local_setup.sh
[22.662s] -- Up-to-date: /home/fabiocar/roboracer_ws/install/vesc_ackermann/share/vesc_ackermann/local_setup.zsh
[22.662s] -- Installing: /home/fabiocar/roboracer_ws/install/vesc_ackermann/share/vesc_ackermann/local_setup.dsv
[22.662s] -- Installing: /home/fabiocar/roboracer_ws/install/vesc_ackermann/share/vesc_ackermann/package.dsv
[22.663s] -- Up-to-date: /home/fabiocar/roboracer_ws/install/vesc_ackermann/share/ament_index/resource_index/packages/vesc_ackermann
[22.663s] -- Up-to-date: /home/fabiocar/roboracer_ws/install/vesc_ackermann/share/ament_index/resource_index/rclcpp_components/vesc_ackermann
[22.663s] -- Up-to-date: /home/fabiocar/roboracer_ws/install/vesc_ackermann/share/vesc_ackermann/cmake/ament_cmake_export_dependencies-extras.cmake
[22.664s] -- Up-to-date: /home/fabiocar/roboracer_ws/install/vesc_ackermann/share/vesc_ackermann/cmake/ament_cmake_export_include_directories-extras.cmake
[22.664s] -- Up-to-date: /home/fabiocar/roboracer_ws/install/vesc_ackermann/share/vesc_ackermann/cmake/ament_cmake_export_libraries-extras.cmake
[22.664s] -- Up-to-date: /home/fabiocar/roboracer_ws/install/vesc_ackermann/share/vesc_ackermann/cmake/vesc_ackermannConfig.cmake
[22.664s] -- Up-to-date: /home/fabiocar/roboracer_ws/install/vesc_ackermann/share/vesc_ackermann/cmake/vesc_ackermannConfig-version.cmake
[22.664s] -- Up-to-date: /home/fabiocar/roboracer_ws/install/vesc_ackermann/share/vesc_ackermann/package.xml
[22.668s] Invoked command in '/home/fabiocar/roboracer_ws/build/vesc_ackermann' returned '0': CMAKE_PREFIX_PATH=/home/fabiocar/roboracer_ws/install/vesc_msgs:/home/fabiocar/roboracer_ws/install/vesc:/home/fabiocar/roboracer_ws/install/vesc_driver:/home/fabiocar/roboracer_ws/install/vesc_ackermann:/home/fabiocar/roboracer_ws/install/ackermann_mux:/home/fabiocar/roboracer_ws/install/f1tenth_stack:/home/fabiocar/roboracer_ws/install/mpc_controller:/home/fabiocar/roboracer_ws/install/llm_mpc_tuner:/opt/ros/humble LD_LIBRARY_PATH=/home/fabiocar/roboracer_ws/install/vesc_msgs/lib:/home/fabiocar/roboracer_ws/install/vesc_driver/lib:/home/fabiocar/roboracer_ws/install/vesc_ackermann/lib:/opt/ros/humble/opt/rviz_ogre_vendor/lib:/opt/ros/humble/lib/aarch64-linux-gnu:/opt/ros/humble/lib /usr/bin/cmake --install /home/fabiocar/roboracer_ws/build/vesc_ackermann
