[0.016s] Invoking command in '/home/fabiocar/fabiocar/build/vesc_ackermann': AMENT_PREFIX_PATH=/home/fabiocar/fabiocar/install/vesc_msgs:${AMENT_PREFIX_PATH} CMAKE_PREFIX_PATH=/home/fabiocar/fabiocar/install/vesc_msgs:/home/fabiocar/roboracer_ws/install/vesc:/home/fabiocar/roboracer_ws/install/vesc_driver:/home/fabiocar/roboracer_ws/install/vesc_ackermann:/home/fabiocar/roboracer_ws/install/vesc_msgs:/home/fabiocar/roboracer_ws/install/ackermann_mux:/home/fabiocar/roboracer_ws/install/f1tenth_stack:/home/fabiocar/roboracer_ws/install/mpc_controller:/home/fabiocar/roboracer_ws/install/llm_mpc_tuner:/opt/ros/humble LD_LIBRARY_PATH=/home/fabiocar/fabiocar/install/vesc_msgs/lib:${LD_LIBRARY_PATH} PYTHONPATH=/home/fabiocar/fabiocar/install/vesc_msgs/local/lib/python3.10/dist-packages:${PYTHONPATH} /usr/bin/cmake --build /home/fabiocar/fabiocar/build/vesc_ackermann -- -j12 -l12
[0.095s] [ 57%] Built target ackermann_to_vesc_node
[0.095s] [ 57%] Built target vesc_to_odom_node
[0.102s] [100%] Built target vesc_ackermann
[0.118s] Invoked command in '/home/fabiocar/fabiocar/build/vesc_ackermann' returned '0': AMENT_PREFIX_PATH=/home/fabiocar/fabiocar/install/vesc_msgs:${AMENT_PREFIX_PATH} CMAKE_PREFIX_PATH=/home/fabiocar/fabiocar/install/vesc_msgs:/home/fabiocar/roboracer_ws/install/vesc:/home/fabiocar/roboracer_ws/install/vesc_driver:/home/fabiocar/roboracer_ws/install/vesc_ackermann:/home/fabiocar/roboracer_ws/install/vesc_msgs:/home/fabiocar/roboracer_ws/install/ackermann_mux:/home/fabiocar/roboracer_ws/install/f1tenth_stack:/home/fabiocar/roboracer_ws/install/mpc_controller:/home/fabiocar/roboracer_ws/install/llm_mpc_tuner:/opt/ros/humble LD_LIBRARY_PATH=/home/fabiocar/fabiocar/install/vesc_msgs/lib:${LD_LIBRARY_PATH} PYTHONPATH=/home/fabiocar/fabiocar/install/vesc_msgs/local/lib/python3.10/dist-packages:${PYTHONPATH} /usr/bin/cmake --build /home/fabiocar/fabiocar/build/vesc_ackermann -- -j12 -l12
[0.120s] Invoking command in '/home/fabiocar/fabiocar/build/vesc_ackermann': AMENT_PREFIX_PATH=/home/fabiocar/fabiocar/install/vesc_msgs:${AMENT_PREFIX_PATH} CMAKE_PREFIX_PATH=/home/fabiocar/fabiocar/install/vesc_msgs:/home/fabiocar/roboracer_ws/install/vesc:/home/fabiocar/roboracer_ws/install/vesc_driver:/home/fabiocar/roboracer_ws/install/vesc_ackermann:/home/fabiocar/roboracer_ws/install/vesc_msgs:/home/fabiocar/roboracer_ws/install/ackermann_mux:/home/fabiocar/roboracer_ws/install/f1tenth_stack:/home/fabiocar/roboracer_ws/install/mpc_controller:/home/fabiocar/roboracer_ws/install/llm_mpc_tuner:/opt/ros/humble LD_LIBRARY_PATH=/home/fabiocar/fabiocar/install/vesc_msgs/lib:${LD_LIBRARY_PATH} PYTHONPATH=/home/fabiocar/fabiocar/install/vesc_msgs/local/lib/python3.10/dist-packages:${PYTHONPATH} /usr/bin/cmake --install /home/fabiocar/fabiocar/build/vesc_ackermann
[0.130s] -- Install configuration: ""
[0.131s] -- Execute custom install script
[0.131s] -- Up-to-date symlink: /home/fabiocar/fabiocar/install/vesc_ackermann/lib/vesc_ackermann/ackermann_to_vesc_node
[0.131s] -- Up-to-date symlink: /home/fabiocar/fabiocar/install/vesc_ackermann/lib/vesc_ackermann/vesc_to_odom_node
[0.132s] -- Up-to-date symlink: /home/fabiocar/fabiocar/install/vesc_ackermann/include/vesc_ackermann/ackermann_to_vesc.hpp
[0.132s] -- Up-to-date symlink: /home/fabiocar/fabiocar/install/vesc_ackermann/include/vesc_ackermann/vesc_to_odom.hpp
[0.132s] -- Up-to-date symlink: /home/fabiocar/fabiocar/install/vesc_ackermann/share/vesc_ackermann/environment/library_path.sh
[0.132s] -- Up-to-date symlink: /home/fabiocar/fabiocar/install/vesc_ackermann/share/vesc_ackermann/environment/library_path.dsv
[0.133s] -- Up-to-date symlink: /home/fabiocar/fabiocar/install/vesc_ackermann/lib/libvesc_ackermann.so
[0.133s] -- Up-to-date symlink: /home/fabiocar/fabiocar/install/vesc_ackermann/share/vesc_ackermann/launch/ackermann_to_vesc_node.launch.xml
[0.134s] -- Up-to-date symlink: /home/fabiocar/fabiocar/install/vesc_ackermann/share/vesc_ackermann/launch/vesc_to_odom_node.launch.xml
[0.134s] -- Up-to-date symlink: /home/fabiocar/fabiocar/install/vesc_ackermann/share/ament_index/resource_index/package_run_dependencies/vesc_ackermann
[0.134s] -- Up-to-date symlink: /home/fabiocar/fabiocar/install/vesc_ackermann/share/ament_index/resource_index/parent_prefix_path/vesc_ackermann
[0.134s] -- Up-to-date symlink: /home/fabiocar/fabiocar/install/vesc_ackermann/share/vesc_ackermann/environment/ament_prefix_path.sh
[0.134s] -- Up-to-date symlink: /home/fabiocar/fabiocar/install/vesc_ackermann/share/vesc_ackermann/environment/ament_prefix_path.dsv
[0.134s] -- Up-to-date symlink: /home/fabiocar/fabiocar/install/vesc_ackermann/share/vesc_ackermann/environment/path.sh
[0.135s] -- Up-to-date symlink: /home/fabiocar/fabiocar/install/vesc_ackermann/share/vesc_ackermann/environment/path.dsv
[0.135s] -- Up-to-date symlink: /home/fabiocar/fabiocar/install/vesc_ackermann/share/vesc_ackermann/local_setup.bash
[0.135s] -- Up-to-date symlink: /home/fabiocar/fabiocar/install/vesc_ackermann/share/vesc_ackermann/local_setup.sh
[0.135s] -- Up-to-date symlink: /home/fabiocar/fabiocar/install/vesc_ackermann/share/vesc_ackermann/local_setup.zsh
[0.135s] -- Up-to-date symlink: /home/fabiocar/fabiocar/install/vesc_ackermann/share/vesc_ackermann/local_setup.dsv
[0.135s] -- Symlinking: /home/fabiocar/fabiocar/install/vesc_ackermann/share/vesc_ackermann/package.dsv
[0.150s] -- Up-to-date symlink: /home/fabiocar/fabiocar/install/vesc_ackermann/share/ament_index/resource_index/packages/vesc_ackermann
[0.150s] -- Up-to-date symlink: /home/fabiocar/fabiocar/install/vesc_ackermann/share/ament_index/resource_index/rclcpp_components/vesc_ackermann
[0.150s] -- Up-to-date symlink: /home/fabiocar/fabiocar/install/vesc_ackermann/share/vesc_ackermann/cmake/ament_cmake_export_dependencies-extras.cmake
[0.150s] -- Up-to-date symlink: /home/fabiocar/fabiocar/install/vesc_ackermann/share/vesc_ackermann/cmake/ament_cmake_export_include_directories-extras.cmake
[0.151s] -- Up-to-date symlink: /home/fabiocar/fabiocar/install/vesc_ackermann/share/vesc_ackermann/cmake/ament_cmake_export_libraries-extras.cmake
[0.151s] -- Up-to-date symlink: /home/fabiocar/fabiocar/install/vesc_ackermann/share/vesc_ackermann/cmake/vesc_ackermannConfig.cmake
[0.151s] -- Up-to-date symlink: /home/fabiocar/fabiocar/install/vesc_ackermann/share/vesc_ackermann/cmake/vesc_ackermannConfig-version.cmake
[0.151s] -- Up-to-date symlink: /home/fabiocar/fabiocar/install/vesc_ackermann/share/vesc_ackermann/package.xml
[0.155s] Invoked command in '/home/fabiocar/fabiocar/build/vesc_ackermann' returned '0': AMENT_PREFIX_PATH=/home/fabiocar/fabiocar/install/vesc_msgs:${AMENT_PREFIX_PATH} CMAKE_PREFIX_PATH=/home/fabiocar/fabiocar/install/vesc_msgs:/home/fabiocar/roboracer_ws/install/vesc:/home/fabiocar/roboracer_ws/install/vesc_driver:/home/fabiocar/roboracer_ws/install/vesc_ackermann:/home/fabiocar/roboracer_ws/install/vesc_msgs:/home/fabiocar/roboracer_ws/install/ackermann_mux:/home/fabiocar/roboracer_ws/install/f1tenth_stack:/home/fabiocar/roboracer_ws/install/mpc_controller:/home/fabiocar/roboracer_ws/install/llm_mpc_tuner:/opt/ros/humble LD_LIBRARY_PATH=/home/fabiocar/fabiocar/install/vesc_msgs/lib:${LD_LIBRARY_PATH} PYTHONPATH=/home/fabiocar/fabiocar/install/vesc_msgs/local/lib/python3.10/dist-packages:${PYTHONPATH} /usr/bin/cmake --install /home/fabiocar/fabiocar/build/vesc_ackermann
