[0.050s] Invoking command in '/home/fabiocar/fabiocar/build/ackermann_mux': CMAKE_PREFIX_PATH=${CMAKE_PREFIX_PATH}:/home/fabiocar/roboracer_ws/install/f1tenth_stack:/home/fabiocar/roboracer_ws/install/mpc_controller:/home/fabiocar/roboracer_ws/install/llm_mpc_tuner:/opt/ros/humble /usr/bin/cmake /home/fabiocar/fabiocar/src/f1tenth_system/ackermann_mux -DAMENT_CMAKE_SYMLINK_INSTALL=1 -DCMAKE_INSTALL_PREFIX=/home/fabiocar/fabiocar/install/ackermann_mux
[1.106s] -- The C compiler identification is GNU 11.4.0
[1.106s] -- The CXX compiler identification is GNU 11.4.0
[1.106s] -- Detecting C compiler ABI info
[1.106s] -- Detecting C compiler ABI info - done
[1.106s] -- Check for working C compiler: /usr/bin/cc - skipped
[1.107s] -- Detecting C compile features
[1.107s] -- Detecting C compile features - done
[1.107s] -- Detecting CXX compiler ABI info
[1.107s] -- Detecting CXX compiler ABI info - done
[1.107s] -- Check for working CXX compiler: /usr/bin/c++ - skipped
[1.107s] -- Detecting CXX compile features
[1.107s] -- Detecting CXX compile features - done
[1.107s] -- Found ament_cmake: 1.3.14 (/opt/ros/humble/share/ament_cmake/cmake)
[1.108s] -- Found Python3: /usr/bin/python3 (found version "3.10.12") found components: Interpreter 
[1.196s] -- Override CMake install command with custom implementation using symlinks instead of copying resources
[1.263s] -- Found rclcpp: 16.0.19 (/opt/ros/humble/share/rclcpp/cmake)
[1.336s] -- Found rosidl_generator_c: 3.1.8 (/opt/ros/humble/share/rosidl_generator_c/cmake)
[1.343s] -- Found rosidl_adapter: 3.1.8 (/opt/ros/humble/share/rosidl_adapter/cmake)
[1.355s] -- Found rosidl_generator_cpp: 3.1.8 (/opt/ros/humble/share/rosidl_generator_cpp/cmake)
[1.372s] -- Using all available rosidl_typesupport_c: rosidl_typesupport_fastrtps_c;rosidl_typesupport_introspection_c
[1.394s] -- Using all available rosidl_typesupport_cpp: rosidl_typesupport_fastrtps_cpp;rosidl_typesupport_introspection_cpp
[1.457s] -- Found rmw_implementation_cmake: 6.1.2 (/opt/ros/humble/share/rmw_implementation_cmake/cmake)
[1.461s] -- Found rmw_fastrtps_cpp: 6.2.10 (/opt/ros/humble/share/rmw_fastrtps_cpp/cmake)
[1.581s] -- Found OpenSSL: /usr/lib/aarch64-linux-gnu/libcrypto.so (found version "3.0.2")  
[1.619s] -- Found FastRTPS: /opt/ros/humble/include  
[1.677s] -- Using RMW implementation 'rmw_fastrtps_cpp' as default
[1.692s] -- Looking for pthread.h
[1.797s] -- Looking for pthread.h - found
[1.797s] -- Performing Test CMAKE_HAVE_LIBC_PTHREAD
[1.893s] -- Performing Test CMAKE_HAVE_LIBC_PTHREAD - Success
[1.895s] -- Found Threads: TRUE  
[1.968s] -- Found ackermann_msgs: 2.0.2 (/opt/ros/humble/share/ackermann_msgs/cmake)
[1.987s] -- Found diagnostic_updater: 4.0.6 (/opt/ros/humble/share/diagnostic_updater/cmake)
[2.019s] -- Found ament_lint_auto: 0.12.15 (/opt/ros/humble/share/ament_lint_auto/cmake)
[2.179s] -- Found python_cmake_module: 0.10.0 (/opt/ros/humble/share/python_cmake_module/cmake)
[2.216s] -- Found PythonInterp: /usr/bin/python3 (found suitable version "3.10.12", minimum required is "3.6") 
[2.224s] -- Found PythonLibs: /usr/lib/aarch64-linux-gnu/libpython3.10.so (found suitable version "3.10.12", minimum required is "3.5") 
[2.224s] -- Using PYTHON_EXECUTABLE: /usr/bin/python3
[2.224s] -- Using PYTHON_INCLUDE_DIRS: /usr/include/python3.10
[2.224s] -- Using PYTHON_LIBRARIES: /usr/lib/aarch64-linux-gnu/libpython3.10.so
[2.261s] -- Found PythonExtra: .so  
[2.299s] -- Added test 'xmllint' to check XML markup files
[2.300s] -- Added test 'copyright' to check source files copyright and LICENSE
[2.300s] -- Added test 'cppcheck' to perform static code analysis on C / C++ code
[2.301s] -- Configured cppcheck include dirs: /home/fabiocar/fabiocar/src/f1tenth_system/ackermann_mux/include
[2.301s] -- Configured cppcheck exclude dirs and/or files: 
[2.301s] -- Added test 'cpplint' to check C / C++ code against the Google style
[2.302s] -- Configured cpplint exclude dirs and/or files: 
[2.302s] -- Added test 'flake8' to check Python code syntax and style conventions
[2.302s] -- Added test 'lint_cmake' to check CMake code style
[2.303s] -- Added test 'pep257' to check Python code against some of the docstring style conventions in PEP 257
[2.305s] -- Added test 'uncrustify' to check C / C++ code style
[2.306s] -- Configured uncrustify additional arguments: 
[2.310s] -- Configuring done
[2.327s] -- Generating done
[2.333s] -- Build files have been written to: /home/fabiocar/fabiocar/build/ackermann_mux
[2.357s] Invoked command in '/home/fabiocar/fabiocar/build/ackermann_mux' returned '0': CMAKE_PREFIX_PATH=${CMAKE_PREFIX_PATH}:/home/fabiocar/roboracer_ws/install/f1tenth_stack:/home/fabiocar/roboracer_ws/install/mpc_controller:/home/fabiocar/roboracer_ws/install/llm_mpc_tuner:/opt/ros/humble /usr/bin/cmake /home/fabiocar/fabiocar/src/f1tenth_system/ackermann_mux -DAMENT_CMAKE_SYMLINK_INSTALL=1 -DCMAKE_INSTALL_PREFIX=/home/fabiocar/fabiocar/install/ackermann_mux
[2.360s] Invoking command in '/home/fabiocar/fabiocar/build/ackermann_mux': CMAKE_PREFIX_PATH=${CMAKE_PREFIX_PATH}:/home/fabiocar/roboracer_ws/install/f1tenth_stack:/home/fabiocar/roboracer_ws/install/mpc_controller:/home/fabiocar/roboracer_ws/install/llm_mpc_tuner:/opt/ros/humble /usr/bin/cmake --build /home/fabiocar/fabiocar/build/ackermann_mux -- -j12 -l12
[2.430s] [ 75%] [32mBuilding CXX object CMakeFiles/ackermann_mux.dir/src/ackermann_mux.cpp.o[0m
[2.430s] [ 75%] [32mBuilding CXX object CMakeFiles/ackermann_mux.dir/src/ackermann_mux_node.cpp.o[0m
[2.430s] [ 75%] [32mBuilding CXX object CMakeFiles/ackermann_mux.dir/src/ackermann_mux_diagnostics.cpp.o[0m
[21.797s] [100%] [32m[1mLinking CXX executable ackermann_mux[0m
[22.756s] [100%] Built target ackermann_mux
