[1.673s] Invoking command in '/home/fabiocar/fabiocar/src/f1tenth_system/mpc_controller': PYTHONPATH=/home/fabiocar/fabiocar/build/mpc_controller/prefix_override:/usr/lib/python3/dist-packages/colcon_core/task/python/colcon_distutils_commands:/home/fabiocar/fabiocar/install/mpc_controller/lib/python3.10/site-packages:${PYTHONPATH} /usr/bin/python3 -W ignore:setup.py install is deprecated -W ignore:easy_install command is deprecated setup.py egg_info --egg-base ../../../build/mpc_controller build --build-base /home/fabiocar/fabiocar/build/mpc_controller/build install --record /home/fabiocar/fabiocar/build/mpc_controller/install.log --single-version-externally-managed install_data
[2.043s] running egg_info
[2.065s] writing ../../../build/mpc_controller/mpc_controller.egg-info/PKG-INFO
[2.066s] writing dependency_links to ../../../build/mpc_controller/mpc_controller.egg-info/dependency_links.txt
[2.067s] writing entry points to ../../../build/mpc_controller/mpc_controller.egg-info/entry_points.txt
[2.067s] writing requirements to ../../../build/mpc_controller/mpc_controller.egg-info/requires.txt
[2.067s] writing top-level names to ../../../build/mpc_controller/mpc_controller.egg-info/top_level.txt
[2.115s] reading manifest file '../../../build/mpc_controller/mpc_controller.egg-info/SOURCES.txt'
[2.117s] writing manifest file '../../../build/mpc_controller/mpc_controller.egg-info/SOURCES.txt'
[2.118s] running build
[2.118s] running build_py
[2.118s] copying mpc_controller/__init__.py -> /home/fabiocar/fabiocar/build/mpc_controller/build/lib/mpc_controller
[2.118s] copying mpc_controller/mpc_node.py -> /home/fabiocar/fabiocar/build/mpc_controller/build/lib/mpc_controller
[2.119s] copying mpc_controller/frenet_mpc_node.py -> /home/fabiocar/fabiocar/build/mpc_controller/build/lib/mpc_controller
[2.119s] copying mpc_controller/kinematic_mpc_node.py -> /home/fabiocar/fabiocar/build/mpc_controller/build/lib/mpc_controller
[2.119s] copying mpc_controller/trajectory_mpc_node.py -> /home/fabiocar/fabiocar/build/mpc_controller/build/lib/mpc_controller
[2.120s] running install
[2.126s] running install_lib
[2.150s] running install_data
[2.151s] copying resource/mpc_controller -> /home/fabiocar/fabiocar/install/mpc_controller/share/ament_index/resource_index/packages
[2.151s] copying package.xml -> /home/fabiocar/fabiocar/install/mpc_controller/share/mpc_controller
[2.151s] running install_egg_info
[2.176s] removing '/home/fabiocar/fabiocar/install/mpc_controller/lib/python3.10/site-packages/mpc_controller-0.0.0-py3.10.egg-info' (and everything under it)
[2.177s] Copying ../../../build/mpc_controller/mpc_controller.egg-info to /home/fabiocar/fabiocar/install/mpc_controller/lib/python3.10/site-packages/mpc_controller-0.0.0-py3.10.egg-info
[2.178s] running install_scripts
[2.375s] Installing frenet_mpc_node script to /home/fabiocar/fabiocar/install/mpc_controller/lib/mpc_controller
[2.375s] Installing kinematic_mpc_node script to /home/fabiocar/fabiocar/install/mpc_controller/lib/mpc_controller
[2.376s] Installing mpc_node script to /home/fabiocar/fabiocar/install/mpc_controller/lib/mpc_controller
[2.376s] Installing trajectory_mpc_node script to /home/fabiocar/fabiocar/install/mpc_controller/lib/mpc_controller
[2.376s] writing list of installed files to '/home/fabiocar/fabiocar/build/mpc_controller/install.log'
[2.449s] Invoked command in '/home/fabiocar/fabiocar/src/f1tenth_system/mpc_controller' returned '0': PYTHONPATH=/home/fabiocar/fabiocar/build/mpc_controller/prefix_override:/usr/lib/python3/dist-packages/colcon_core/task/python/colcon_distutils_commands:/home/fabiocar/fabiocar/install/mpc_controller/lib/python3.10/site-packages:${PYTHONPATH} /usr/bin/python3 -W ignore:setup.py install is deprecated -W ignore:easy_install command is deprecated setup.py egg_info --egg-base ../../../build/mpc_controller build --build-base /home/fabiocar/fabiocar/build/mpc_controller/build install --record /home/fabiocar/fabiocar/build/mpc_controller/install.log --single-version-externally-managed install_data
