[0.035s] Invoking command in '/home/fabiocar/fabiocar/build/vesc_msgs': CMAKE_PREFIX_PATH=/home/fabiocar/roboracer_ws/install/f1tenth_stack:/home/fabiocar/roboracer_ws/install/vesc:/home/fabiocar/roboracer_ws/install/vesc_driver:/home/fabiocar/roboracer_ws/install/vesc_ackermann:/home/fabiocar/roboracer_ws/install/vesc_msgs:/home/fabiocar/roboracer_ws/install/mpc_controller:/home/fabiocar/roboracer_ws/install/llm_mpc_tuner:/home/fabiocar/roboracer_ws/install/ackermann_mux:/opt/ros/humble /usr/bin/cmake /home/fabiocar/fabiocar/src/f1tenth_system/vesc/vesc_msgs -DCMAKE_INSTALL_PREFIX=/home/fabiocar/fabiocar/install/vesc_msgs
[0.365s] -- Found ament_cmake_auto: 1.3.14 (/opt/ros/humble/share/ament_cmake_auto/cmake)
[0.365s] -- Override CMake install command with custom implementation using symlinks instead of copying resources
[0.403s] -- Using all available rosidl_typesupport_c: rosidl_typesupport_fastrtps_c;rosidl_typesupport_introspection_c
[0.413s] -- Found rosidl_adapter: 3.1.8 (/opt/ros/humble/share/rosidl_adapter/cmake)
[0.492s] -- Using all available rosidl_typesupport_cpp: rosidl_typesupport_fastrtps_cpp;rosidl_typesupport_introspection_cpp
[0.953s] -- Found ament_cmake_ros: 0.10.0 (/opt/ros/humble/share/ament_cmake_ros/cmake)
[1.311s] -- Using all available rosidl_typesupport_c: rosidl_typesupport_fastrtps_c;rosidl_typesupport_introspection_c
[1.810s] -- Using all available rosidl_typesupport_cpp: rosidl_typesupport_fastrtps_cpp;rosidl_typesupport_introspection_cpp
[1.845s] -- Found python_cmake_module: 0.10.0 (/opt/ros/humble/share/python_cmake_module/cmake)
[1.879s] -- Using PYTHON_EXECUTABLE: /usr/bin/python3
[1.879s] -- Using PYTHON_INCLUDE_DIRS: /usr/include/python3.10
[1.879s] -- Using PYTHON_LIBRARIES: /usr/lib/aarch64-linux-gnu/libpython3.10.so
[1.936s] -- Found ament_lint_auto: 0.12.15 (/opt/ros/humble/share/ament_lint_auto/cmake)
[1.952s] -- Added test 'copyright' to check source files copyright and LICENSE
[1.954s] -- Added test 'lint_cmake' to check CMake code style
[1.956s] -- Added test 'xmllint' to check XML markup files
[1.960s] -- Configuring done
[2.022s] -- Generating done
[2.041s] -- Build files have been written to: /home/fabiocar/fabiocar/build/vesc_msgs
[2.057s] Invoked command in '/home/fabiocar/fabiocar/build/vesc_msgs' returned '0': CMAKE_PREFIX_PATH=/home/fabiocar/roboracer_ws/install/f1tenth_stack:/home/fabiocar/roboracer_ws/install/vesc:/home/fabiocar/roboracer_ws/install/vesc_driver:/home/fabiocar/roboracer_ws/install/vesc_ackermann:/home/fabiocar/roboracer_ws/install/vesc_msgs:/home/fabiocar/roboracer_ws/install/mpc_controller:/home/fabiocar/roboracer_ws/install/llm_mpc_tuner:/home/fabiocar/roboracer_ws/install/ackermann_mux:/opt/ros/humble /usr/bin/cmake /home/fabiocar/fabiocar/src/f1tenth_system/vesc/vesc_msgs -DCMAKE_INSTALL_PREFIX=/home/fabiocar/fabiocar/install/vesc_msgs
[2.060s] Invoking command in '/home/fabiocar/fabiocar/build/vesc_msgs': CMAKE_PREFIX_PATH=/home/fabiocar/roboracer_ws/install/f1tenth_stack:/home/fabiocar/roboracer_ws/install/vesc:/home/fabiocar/roboracer_ws/install/vesc_driver:/home/fabiocar/roboracer_ws/install/vesc_ackermann:/home/fabiocar/roboracer_ws/install/vesc_msgs:/home/fabiocar/roboracer_ws/install/mpc_controller:/home/fabiocar/roboracer_ws/install/llm_mpc_tuner:/home/fabiocar/roboracer_ws/install/ackermann_mux:/opt/ros/humble /usr/bin/cmake --build /home/fabiocar/fabiocar/build/vesc_msgs -- -j12 -l12
[2.114s] [  1%] [34m[1mGenerating C code for ROS interfaces[0m
[2.127s] [  3%] [34m[1mGenerating C++ code for ROS interfaces[0m
[2.139s] [  3%] Built target ament_cmake_python_symlink_vesc_msgs
[2.478s] running egg_info
[2.503s] writing vesc_msgs.egg-info/PKG-INFO
[2.504s] writing dependency_links to vesc_msgs.egg-info/dependency_links.txt
[2.505s] writing top-level names to vesc_msgs.egg-info/top_level.txt
[2.578s] reading manifest file 'vesc_msgs.egg-info/SOURCES.txt'
[2.580s] writing manifest file 'vesc_msgs.egg-info/SOURCES.txt'
[2.636s] [  3%] Built target ament_cmake_python_build_vesc_msgs_egg
[3.006s] [  3%] Built target vesc_msgs__cpp
[3.021s] [  5%] [34m[1mGenerating C++ type support dispatch for ROS interfaces[0m
[3.028s] [  9%] [34m[1mGenerating C++ introspection for ROS interfaces[0m
[3.028s] [  9%] [34m[1mGenerating C++ type support for eProsima Fast-RTPS[0m
[3.086s] [35m[1mConsolidate compiler generated dependencies of target vesc_msgs__rosidl_generator_c[0m
[3.104s] [ 14%] [32mBuilding C object CMakeFiles/vesc_msgs__rosidl_generator_c.dir/rosidl_generator_c/vesc_msgs/msg/detail/vesc_imu_stamped__functions.c.o[0m
[3.105s] [ 14%] [32mBuilding C object CMakeFiles/vesc_msgs__rosidl_generator_c.dir/rosidl_generator_c/vesc_msgs/msg/detail/vesc_state_stamped__functions.c.o[0m
[3.105s] [ 14%] [32mBuilding C object CMakeFiles/vesc_msgs__rosidl_generator_c.dir/rosidl_generator_c/vesc_msgs/msg/detail/vesc_imu__functions.c.o[0m
[3.106s] [ 16%] [32mBuilding C object CMakeFiles/vesc_msgs__rosidl_generator_c.dir/rosidl_generator_c/vesc_msgs/msg/detail/vesc_state__functions.c.o[0m
[3.189s] [ 18%] [32m[1mLinking C shared library libvesc_msgs__rosidl_generator_c.so[0m
[3.250s] [ 18%] Built target vesc_msgs__rosidl_generator_c
[3.265s] [ 23%] [34m[1mGenerating C introspection for ROS interfaces[0m
[3.265s] [ 23%] [34m[1mGenerating C type support for eProsima Fast-RTPS[0m
[3.265s] [ 23%] [34m[1mGenerating C type support dispatch for ROS interfaces[0m
[3.756s] [35m[1mConsolidate compiler generated dependencies of target vesc_msgs__rosidl_typesupport_cpp[0m
[3.778s] [ 25%] [32mBuilding CXX object CMakeFiles/vesc_msgs__rosidl_typesupport_cpp.dir/rosidl_typesupport_cpp/vesc_msgs/msg/vesc_state__type_support.cpp.o[0m
[3.778s] [ 27%] [32mBuilding CXX object CMakeFiles/vesc_msgs__rosidl_typesupport_cpp.dir/rosidl_typesupport_cpp/vesc_msgs/msg/vesc_imu__type_support.cpp.o[0m
[3.778s] [ 29%] [32mBuilding CXX object CMakeFiles/vesc_msgs__rosidl_typesupport_cpp.dir/rosidl_typesupport_cpp/vesc_msgs/msg/vesc_state_stamped__type_support.cpp.o[0m
[3.779s] [ 30%] [32mBuilding CXX object CMakeFiles/vesc_msgs__rosidl_typesupport_cpp.dir/rosidl_typesupport_cpp/vesc_msgs/msg/vesc_imu_stamped__type_support.cpp.o[0m
[3.781s] [35m[1mConsolidate compiler generated dependencies of target vesc_msgs__rosidl_typesupport_introspection_cpp[0m
[3.808s] [ 32%] [32mBuilding CXX object CMakeFiles/vesc_msgs__rosidl_typesupport_introspection_cpp.dir/rosidl_typesupport_introspection_cpp/vesc_msgs/msg/detail/vesc_state__type_support.cpp.o[0m
[3.822s] [ 34%] [32mBuilding CXX object CMakeFiles/vesc_msgs__rosidl_typesupport_introspection_cpp.dir/rosidl_typesupport_introspection_cpp/vesc_msgs/msg/detail/vesc_state_stamped__type_support.cpp.o[0m
[3.840s] [ 36%] [32mBuilding CXX object CMakeFiles/vesc_msgs__rosidl_typesupport_introspection_cpp.dir/rosidl_typesupport_introspection_cpp/vesc_msgs/msg/detail/vesc_imu_stamped__type_support.cpp.o[0m
[3.850s] [ 38%] [32mBuilding CXX object CMakeFiles/vesc_msgs__rosidl_typesupport_introspection_cpp.dir/rosidl_typesupport_introspection_cpp/vesc_msgs/msg/detail/vesc_imu__type_support.cpp.o[0m
[4.054s] [35m[1mConsolidate compiler generated dependencies of target vesc_msgs__rosidl_typesupport_c[0m
[4.076s] [35m[1mConsolidate compiler generated dependencies of target vesc_msgs__rosidl_typesupport_fastrtps_cpp[0m
[4.106s] [ 40%] [32mBuilding CXX object CMakeFiles/vesc_msgs__rosidl_typesupport_c.dir/rosidl_typesupport_c/vesc_msgs/msg/vesc_state__type_support.cpp.o[0m
[4.163s] [ 41%] [32mBuilding CXX object CMakeFiles/vesc_msgs__rosidl_typesupport_fastrtps_cpp.dir/rosidl_typesupport_fastrtps_cpp/vesc_msgs/msg/detail/dds_fastrtps/vesc_state__type_support.cpp.o[0m
[4.181s] [ 43%] [32mBuilding CXX object CMakeFiles/vesc_msgs__rosidl_typesupport_c.dir/rosidl_typesupport_c/vesc_msgs/msg/vesc_state_stamped__type_support.cpp.o[0m
[4.194s] [35m[1mConsolidate compiler generated dependencies of target vesc_msgs__rosidl_typesupport_introspection_c[0m
[4.240s] [ 45%] [32mBuilding C object CMakeFiles/vesc_msgs__rosidl_typesupport_introspection_c.dir/rosidl_typesupport_introspection_c/vesc_msgs/msg/detail/vesc_state__type_support.c.o[0m
[4.243s] [ 49%] [32mBuilding C object CMakeFiles/vesc_msgs__rosidl_typesupport_introspection_c.dir/rosidl_typesupport_introspection_c/vesc_msgs/msg/detail/vesc_state_stamped__type_support.c.o[0m
[4.243s] [ 49%] [32mBuilding C object CMakeFiles/vesc_msgs__rosidl_typesupport_introspection_c.dir/rosidl_typesupport_introspection_c/vesc_msgs/msg/detail/vesc_imu__type_support.c.o[0m
[4.253s] [ 50%] [32mBuilding C object CMakeFiles/vesc_msgs__rosidl_typesupport_introspection_c.dir/rosidl_typesupport_introspection_c/vesc_msgs/msg/detail/vesc_imu_stamped__type_support.c.o[0m
[4.254s] [ 52%] [32m[1mLinking CXX shared library libvesc_msgs__rosidl_typesupport_cpp.so[0m
[4.255s] [ 54%] [32mBuilding CXX object CMakeFiles/vesc_msgs__rosidl_typesupport_c.dir/rosidl_typesupport_c/vesc_msgs/msg/vesc_imu__type_support.cpp.o[0m
[4.313s] [35m[1mConsolidate compiler generated dependencies of target vesc_msgs__rosidl_typesupport_fastrtps_c[0m
[4.314s] [ 56%] [32mBuilding CXX object CMakeFiles/vesc_msgs__rosidl_typesupport_c.dir/rosidl_typesupport_c/vesc_msgs/msg/vesc_imu_stamped__type_support.cpp.o[0m
[4.320s] [ 58%] [32mBuilding CXX object CMakeFiles/vesc_msgs__rosidl_typesupport_fastrtps_cpp.dir/rosidl_typesupport_fastrtps_cpp/vesc_msgs/msg/detail/dds_fastrtps/vesc_state_stamped__type_support.cpp.o[0m
[4.326s] [ 60%] [32mBuilding CXX object CMakeFiles/vesc_msgs__rosidl_typesupport_fastrtps_cpp.dir/rosidl_typesupport_fastrtps_cpp/vesc_msgs/msg/detail/dds_fastrtps/vesc_imu__type_support.cpp.o[0m
[4.338s] [ 61%] [32m[1mLinking C shared library libvesc_msgs__rosidl_typesupport_introspection_c.so[0m
[4.363s] [ 61%] Built target vesc_msgs__rosidl_typesupport_cpp
[4.379s] [ 65%] [32mBuilding CXX object CMakeFiles/vesc_msgs__rosidl_typesupport_fastrtps_cpp.dir/rosidl_typesupport_fastrtps_cpp/vesc_msgs/msg/detail/dds_fastrtps/vesc_imu_stamped__type_support.cpp.o[0m
[4.379s] [ 65%] [32mBuilding CXX object CMakeFiles/vesc_msgs__rosidl_typesupport_fastrtps_c.dir/rosidl_typesupport_fastrtps_c/vesc_msgs/msg/detail/vesc_state__type_support_c.cpp.o[0m
[4.393s] [ 67%] [32m[1mLinking CXX shared library libvesc_msgs__rosidl_typesupport_c.so[0m
[4.410s] [ 69%] [32mBuilding CXX object CMakeFiles/vesc_msgs__rosidl_typesupport_fastrtps_c.dir/rosidl_typesupport_fastrtps_c/vesc_msgs/msg/detail/vesc_state_stamped__type_support_c.cpp.o[0m
[4.428s] [ 69%] Built target vesc_msgs__rosidl_typesupport_introspection_c
[4.467s] [ 70%] [32mBuilding CXX object CMakeFiles/vesc_msgs__rosidl_typesupport_fastrtps_c.dir/rosidl_typesupport_fastrtps_c/vesc_msgs/msg/detail/vesc_imu__type_support_c.cpp.o[0m
[4.539s] [ 72%] [32mBuilding CXX object CMakeFiles/vesc_msgs__rosidl_typesupport_fastrtps_c.dir/rosidl_typesupport_fastrtps_c/vesc_msgs/msg/detail/vesc_imu_stamped__type_support_c.cpp.o[0m
[4.580s] [ 72%] Built target vesc_msgs__rosidl_typesupport_c
[4.651s] [ 74%] [32m[1mLinking CXX shared library libvesc_msgs__rosidl_typesupport_introspection_cpp.so[0m
[4.753s] [ 74%] Built target vesc_msgs__rosidl_typesupport_introspection_cpp
[5.067s] [ 76%] [32m[1mLinking CXX shared library libvesc_msgs__rosidl_typesupport_fastrtps_cpp.so[0m
[5.073s] [ 78%] [32m[1mLinking CXX shared library libvesc_msgs__rosidl_typesupport_fastrtps_c.so[0m
[5.180s] [ 78%] Built target vesc_msgs__rosidl_typesupport_fastrtps_cpp
[5.193s] [ 78%] Built target vesc_msgs__rosidl_typesupport_fastrtps_c
[5.220s] [ 78%] Built target vesc_msgs
[5.249s] [ 80%] [34m[1mGenerating Python code for ROS interfaces[0m
[6.617s] [ 80%] Built target vesc_msgs__py
[6.634s] [35m[1mConsolidate compiler generated dependencies of target vesc_msgs__rosidl_generator_py[0m
[6.656s] [ 85%] [32mBuilding C object CMakeFiles/vesc_msgs__rosidl_generator_py.dir/rosidl_generator_py/vesc_msgs/msg/_vesc_state_stamped_s.c.o[0m
[6.656s] [ 85%] [32mBuilding C object CMakeFiles/vesc_msgs__rosidl_generator_py.dir/rosidl_generator_py/vesc_msgs/msg/_vesc_state_s.c.o[0m
[6.656s] [ 85%] [32mBuilding C object CMakeFiles/vesc_msgs__rosidl_generator_py.dir/rosidl_generator_py/vesc_msgs/msg/_vesc_imu_s.c.o[0m
[6.658s] [ 87%] [32mBuilding C object CMakeFiles/vesc_msgs__rosidl_generator_py.dir/rosidl_generator_py/vesc_msgs/msg/_vesc_imu_stamped_s.c.o[0m
[6.833s] [ 89%] [32m[1mLinking C shared library rosidl_generator_py/vesc_msgs/libvesc_msgs__rosidl_generator_py.so[0m
[6.901s] [ 89%] Built target vesc_msgs__rosidl_generator_py
[6.916s] [35m[1mConsolidate compiler generated dependencies of target vesc_msgs__rosidl_typesupport_fastrtps_c__pyext[0m
[6.916s] [35m[1mConsolidate compiler generated dependencies of target vesc_msgs__rosidl_typesupport_introspection_c__pyext[0m
[6.916s] [35m[1mConsolidate compiler generated dependencies of target vesc_msgs__rosidl_typesupport_c__pyext[0m
[6.935s] [ 90%] [32mBuilding C object CMakeFiles/vesc_msgs__rosidl_typesupport_fastrtps_c__pyext.dir/rosidl_generator_py/vesc_msgs/_vesc_msgs_s.ep.rosidl_typesupport_fastrtps_c.c.o[0m
[6.936s] [ 94%] [32mBuilding C object CMakeFiles/vesc_msgs__rosidl_typesupport_introspection_c__pyext.dir/rosidl_generator_py/vesc_msgs/_vesc_msgs_s.ep.rosidl_typesupport_introspection_c.c.o[0m
[6.936s] [ 94%] [32mBuilding C object CMakeFiles/vesc_msgs__rosidl_typesupport_c__pyext.dir/rosidl_generator_py/vesc_msgs/_vesc_msgs_s.ep.rosidl_typesupport_c.c.o[0m
[7.088s] [ 96%] [32m[1mLinking C shared library rosidl_generator_py/vesc_msgs/vesc_msgs_s__rosidl_typesupport_fastrtps_c.cpython-310-aarch64-linux-gnu.so[0m
[7.090s] [ 98%] [32m[1mLinking C shared library rosidl_generator_py/vesc_msgs/vesc_msgs_s__rosidl_typesupport_introspection_c.cpython-310-aarch64-linux-gnu.so[0m
[7.094s] [100%] [32m[1mLinking C shared library rosidl_generator_py/vesc_msgs/vesc_msgs_s__rosidl_typesupport_c.cpython-310-aarch64-linux-gnu.so[0m
[7.144s] [100%] Built target vesc_msgs__rosidl_typesupport_fastrtps_c__pyext
[7.145s] [100%] Built target vesc_msgs__rosidl_typesupport_introspection_c__pyext
[7.148s] [100%] Built target vesc_msgs__rosidl_typesupport_c__pyext
[7.169s] Invoked command in '/home/fabiocar/fabiocar/build/vesc_msgs' returned '0': CMAKE_PREFIX_PATH=/home/fabiocar/roboracer_ws/install/f1tenth_stack:/home/fabiocar/roboracer_ws/install/vesc:/home/fabiocar/roboracer_ws/install/vesc_driver:/home/fabiocar/roboracer_ws/install/vesc_ackermann:/home/fabiocar/roboracer_ws/install/vesc_msgs:/home/fabiocar/roboracer_ws/install/mpc_controller:/home/fabiocar/roboracer_ws/install/llm_mpc_tuner:/home/fabiocar/roboracer_ws/install/ackermann_mux:/opt/ros/humble /usr/bin/cmake --build /home/fabiocar/fabiocar/build/vesc_msgs -- -j12 -l12
[7.184s] Invoking command in '/home/fabiocar/fabiocar/build/vesc_msgs': CMAKE_PREFIX_PATH=/home/fabiocar/roboracer_ws/install/f1tenth_stack:/home/fabiocar/roboracer_ws/install/vesc:/home/fabiocar/roboracer_ws/install/vesc_driver:/home/fabiocar/roboracer_ws/install/vesc_ackermann:/home/fabiocar/roboracer_ws/install/vesc_msgs:/home/fabiocar/roboracer_ws/install/mpc_controller:/home/fabiocar/roboracer_ws/install/llm_mpc_tuner:/home/fabiocar/roboracer_ws/install/ackermann_mux:/opt/ros/humble /usr/bin/cmake --install /home/fabiocar/fabiocar/build/vesc_msgs
[7.194s] -- Install configuration: ""
[7.195s] -- Execute custom install script
[7.195s] -- Up-to-date symlink: /home/fabiocar/fabiocar/install/vesc_msgs/share/ament_index/resource_index/rosidl_interfaces/vesc_msgs
[7.196s] -- Symlinking: /home/fabiocar/fabiocar/install/vesc_msgs/include/vesc_msgs/vesc_msgs/msg/detail/vesc_imu__functions.h
[7.208s] -- Symlinking: /home/fabiocar/fabiocar/install/vesc_msgs/include/vesc_msgs/vesc_msgs/msg/detail/vesc_imu__struct.h
[7.219s] -- Symlinking: /home/fabiocar/fabiocar/install/vesc_msgs/include/vesc_msgs/vesc_msgs/msg/detail/vesc_imu__type_support.h
[7.234s] -- Symlinking: /home/fabiocar/fabiocar/install/vesc_msgs/include/vesc_msgs/vesc_msgs/msg/detail/vesc_imu_stamped__functions.h
[7.248s] -- Symlinking: /home/fabiocar/fabiocar/install/vesc_msgs/include/vesc_msgs/vesc_msgs/msg/detail/vesc_imu_stamped__struct.h
[7.260s] -- Symlinking: /home/fabiocar/fabiocar/install/vesc_msgs/include/vesc_msgs/vesc_msgs/msg/detail/vesc_imu_stamped__type_support.h
[7.275s] -- Up-to-date symlink: /home/fabiocar/fabiocar/install/vesc_msgs/include/vesc_msgs/vesc_msgs/msg/detail/vesc_state__functions.h
[7.275s] -- Up-to-date symlink: /home/fabiocar/fabiocar/install/vesc_msgs/include/vesc_msgs/vesc_msgs/msg/detail/vesc_state__struct.h
[7.275s] -- Up-to-date symlink: /home/fabiocar/fabiocar/install/vesc_msgs/include/vesc_msgs/vesc_msgs/msg/detail/vesc_state__type_support.h
[7.275s] -- Up-to-date symlink: /home/fabiocar/fabiocar/install/vesc_msgs/include/vesc_msgs/vesc_msgs/msg/detail/vesc_state_stamped__functions.h
[7.275s] -- Up-to-date symlink: /home/fabiocar/fabiocar/install/vesc_msgs/include/vesc_msgs/vesc_msgs/msg/detail/vesc_state_stamped__struct.h
[7.275s] -- Up-to-date symlink: /home/fabiocar/fabiocar/install/vesc_msgs/include/vesc_msgs/vesc_msgs/msg/detail/vesc_state_stamped__type_support.h
[7.275s] -- Up-to-date symlink: /home/fabiocar/fabiocar/install/vesc_msgs/include/vesc_msgs/vesc_msgs/msg/rosidl_generator_c__visibility_control.h
[7.276s] -- Symlinking: /home/fabiocar/fabiocar/install/vesc_msgs/include/vesc_msgs/vesc_msgs/msg/vesc_imu.h
[7.288s] -- Symlinking: /home/fabiocar/fabiocar/install/vesc_msgs/include/vesc_msgs/vesc_msgs/msg/vesc_imu_stamped.h
[7.302s] -- Up-to-date symlink: /home/fabiocar/fabiocar/install/vesc_msgs/include/vesc_msgs/vesc_msgs/msg/vesc_state.h
[7.302s] -- Up-to-date symlink: /home/fabiocar/fabiocar/install/vesc_msgs/include/vesc_msgs/vesc_msgs/msg/vesc_state_stamped.h
[7.302s] -- Up-to-date symlink: /home/fabiocar/fabiocar/install/vesc_msgs/share/vesc_msgs/environment/library_path.sh
[7.302s] -- Up-to-date symlink: /home/fabiocar/fabiocar/install/vesc_msgs/share/vesc_msgs/environment/library_path.dsv
[7.303s] -- Symlinking: /home/fabiocar/fabiocar/install/vesc_msgs/include/vesc_msgs/vesc_msgs/msg/detail/vesc_imu__rosidl_typesupport_fastrtps_c.h
[7.319s] -- Symlinking: /home/fabiocar/fabiocar/install/vesc_msgs/include/vesc_msgs/vesc_msgs/msg/detail/vesc_imu_stamped__rosidl_typesupport_fastrtps_c.h
[7.333s] -- Up-to-date symlink: /home/fabiocar/fabiocar/install/vesc_msgs/include/vesc_msgs/vesc_msgs/msg/detail/vesc_state__rosidl_typesupport_fastrtps_c.h
[7.333s] -- Up-to-date symlink: /home/fabiocar/fabiocar/install/vesc_msgs/include/vesc_msgs/vesc_msgs/msg/detail/vesc_state_stamped__rosidl_typesupport_fastrtps_c.h
[7.333s] -- Up-to-date symlink: /home/fabiocar/fabiocar/install/vesc_msgs/include/vesc_msgs/vesc_msgs/msg/rosidl_typesupport_fastrtps_c__visibility_control.h
[7.333s] -- Symlinking: /home/fabiocar/fabiocar/install/vesc_msgs/include/vesc_msgs/vesc_msgs/msg/detail/vesc_imu__rosidl_typesupport_introspection_c.h
[7.347s] -- Symlinking: /home/fabiocar/fabiocar/install/vesc_msgs/include/vesc_msgs/vesc_msgs/msg/detail/vesc_imu_stamped__rosidl_typesupport_introspection_c.h
[7.361s] -- Up-to-date symlink: /home/fabiocar/fabiocar/install/vesc_msgs/include/vesc_msgs/vesc_msgs/msg/detail/vesc_state__rosidl_typesupport_introspection_c.h
[7.361s] -- Up-to-date symlink: /home/fabiocar/fabiocar/install/vesc_msgs/include/vesc_msgs/vesc_msgs/msg/detail/vesc_state_stamped__rosidl_typesupport_introspection_c.h
[7.361s] -- Up-to-date symlink: /home/fabiocar/fabiocar/install/vesc_msgs/include/vesc_msgs/vesc_msgs/msg/rosidl_typesupport_introspection_c__visibility_control.h
[7.362s] -- Symlinking: /home/fabiocar/fabiocar/install/vesc_msgs/include/vesc_msgs/vesc_msgs/msg/detail/vesc_imu__builder.hpp
[7.376s] -- Symlinking: /home/fabiocar/fabiocar/install/vesc_msgs/include/vesc_msgs/vesc_msgs/msg/detail/vesc_imu__struct.hpp
[7.389s] -- Symlinking: /home/fabiocar/fabiocar/install/vesc_msgs/include/vesc_msgs/vesc_msgs/msg/detail/vesc_imu__traits.hpp
[7.403s] -- Symlinking: /home/fabiocar/fabiocar/install/vesc_msgs/include/vesc_msgs/vesc_msgs/msg/detail/vesc_imu__type_support.hpp
[7.416s] -- Symlinking: /home/fabiocar/fabiocar/install/vesc_msgs/include/vesc_msgs/vesc_msgs/msg/detail/vesc_imu_stamped__builder.hpp
[7.430s] -- Symlinking: /home/fabiocar/fabiocar/install/vesc_msgs/include/vesc_msgs/vesc_msgs/msg/detail/vesc_imu_stamped__struct.hpp
[7.443s] -- Symlinking: /home/fabiocar/fabiocar/install/vesc_msgs/include/vesc_msgs/vesc_msgs/msg/detail/vesc_imu_stamped__traits.hpp
[7.457s] -- Symlinking: /home/fabiocar/fabiocar/install/vesc_msgs/include/vesc_msgs/vesc_msgs/msg/detail/vesc_imu_stamped__type_support.hpp
[7.470s] -- Up-to-date symlink: /home/fabiocar/fabiocar/install/vesc_msgs/include/vesc_msgs/vesc_msgs/msg/detail/vesc_state__builder.hpp
[7.471s] -- Up-to-date symlink: /home/fabiocar/fabiocar/install/vesc_msgs/include/vesc_msgs/vesc_msgs/msg/detail/vesc_state__struct.hpp
[7.471s] -- Up-to-date symlink: /home/fabiocar/fabiocar/install/vesc_msgs/include/vesc_msgs/vesc_msgs/msg/detail/vesc_state__traits.hpp
[7.471s] -- Up-to-date symlink: /home/fabiocar/fabiocar/install/vesc_msgs/include/vesc_msgs/vesc_msgs/msg/detail/vesc_state__type_support.hpp
[7.471s] -- Up-to-date symlink: /home/fabiocar/fabiocar/install/vesc_msgs/include/vesc_msgs/vesc_msgs/msg/detail/vesc_state_stamped__builder.hpp
[7.471s] -- Up-to-date symlink: /home/fabiocar/fabiocar/install/vesc_msgs/include/vesc_msgs/vesc_msgs/msg/detail/vesc_state_stamped__struct.hpp
[7.471s] -- Up-to-date symlink: /home/fabiocar/fabiocar/install/vesc_msgs/include/vesc_msgs/vesc_msgs/msg/detail/vesc_state_stamped__traits.hpp
[7.471s] -- Up-to-date symlink: /home/fabiocar/fabiocar/install/vesc_msgs/include/vesc_msgs/vesc_msgs/msg/detail/vesc_state_stamped__type_support.hpp
[7.472s] -- Up-to-date symlink: /home/fabiocar/fabiocar/install/vesc_msgs/include/vesc_msgs/vesc_msgs/msg/rosidl_generator_cpp__visibility_control.hpp
[7.472s] -- Symlinking: /home/fabiocar/fabiocar/install/vesc_msgs/include/vesc_msgs/vesc_msgs/msg/vesc_imu.hpp
[7.487s] -- Symlinking: /home/fabiocar/fabiocar/install/vesc_msgs/include/vesc_msgs/vesc_msgs/msg/vesc_imu_stamped.hpp
[7.501s] -- Up-to-date symlink: /home/fabiocar/fabiocar/install/vesc_msgs/include/vesc_msgs/vesc_msgs/msg/vesc_state.hpp
[7.502s] -- Up-to-date symlink: /home/fabiocar/fabiocar/install/vesc_msgs/include/vesc_msgs/vesc_msgs/msg/vesc_state_stamped.hpp
[7.502s] -- Symlinking: /home/fabiocar/fabiocar/install/vesc_msgs/include/vesc_msgs/vesc_msgs/msg/detail/vesc_imu__rosidl_typesupport_fastrtps_cpp.hpp
[7.516s] -- Symlinking: /home/fabiocar/fabiocar/install/vesc_msgs/include/vesc_msgs/vesc_msgs/msg/detail/vesc_imu_stamped__rosidl_typesupport_fastrtps_cpp.hpp
[7.530s] -- Up-to-date symlink: /home/fabiocar/fabiocar/install/vesc_msgs/include/vesc_msgs/vesc_msgs/msg/detail/vesc_state__rosidl_typesupport_fastrtps_cpp.hpp
[7.530s] -- Up-to-date symlink: /home/fabiocar/fabiocar/install/vesc_msgs/include/vesc_msgs/vesc_msgs/msg/detail/vesc_state_stamped__rosidl_typesupport_fastrtps_cpp.hpp
[7.530s] -- Up-to-date symlink: /home/fabiocar/fabiocar/install/vesc_msgs/include/vesc_msgs/vesc_msgs/msg/rosidl_typesupport_fastrtps_cpp__visibility_control.h
[7.530s] -- Symlinking: /home/fabiocar/fabiocar/install/vesc_msgs/include/vesc_msgs/vesc_msgs/msg/detail/vesc_imu__rosidl_typesupport_introspection_cpp.hpp
[7.547s] -- Symlinking: /home/fabiocar/fabiocar/install/vesc_msgs/include/vesc_msgs/vesc_msgs/msg/detail/vesc_imu_stamped__rosidl_typesupport_introspection_cpp.hpp
[7.561s] -- Up-to-date symlink: /home/fabiocar/fabiocar/install/vesc_msgs/include/vesc_msgs/vesc_msgs/msg/detail/vesc_state__rosidl_typesupport_introspection_cpp.hpp
[7.562s] -- Up-to-date symlink: /home/fabiocar/fabiocar/install/vesc_msgs/include/vesc_msgs/vesc_msgs/msg/detail/vesc_state_stamped__rosidl_typesupport_introspection_cpp.hpp
[7.562s] -- Up-to-date symlink: /home/fabiocar/fabiocar/install/vesc_msgs/share/vesc_msgs/environment/pythonpath.sh
[7.562s] -- Up-to-date symlink: /home/fabiocar/fabiocar/install/vesc_msgs/share/vesc_msgs/environment/pythonpath.dsv
[7.562s] -- Up-to-date symlink: /home/fabiocar/fabiocar/install/vesc_msgs/local/lib/python3.10/dist-packages/vesc_msgs-1.1.0-py3.10.egg-info/PKG-INFO
[7.562s] -- Up-to-date symlink: /home/fabiocar/fabiocar/install/vesc_msgs/local/lib/python3.10/dist-packages/vesc_msgs-1.1.0-py3.10.egg-info/SOURCES.txt
[7.563s] -- Up-to-date symlink: /home/fabiocar/fabiocar/install/vesc_msgs/local/lib/python3.10/dist-packages/vesc_msgs-1.1.0-py3.10.egg-info/dependency_links.txt
[7.563s] -- Up-to-date symlink: /home/fabiocar/fabiocar/install/vesc_msgs/local/lib/python3.10/dist-packages/vesc_msgs-1.1.0-py3.10.egg-info/top_level.txt
[7.564s] -- Up-to-date symlink: /home/fabiocar/fabiocar/install/vesc_msgs/local/lib/python3.10/dist-packages/vesc_msgs/__init__.py
[7.564s] -- Up-to-date symlink: /home/fabiocar/fabiocar/install/vesc_msgs/local/lib/python3.10/dist-packages/vesc_msgs/_vesc_msgs_s.ep.rosidl_typesupport_c.c
[7.564s] -- Up-to-date symlink: /home/fabiocar/fabiocar/install/vesc_msgs/local/lib/python3.10/dist-packages/vesc_msgs/_vesc_msgs_s.ep.rosidl_typesupport_fastrtps_c.c
[7.564s] -- Up-to-date symlink: /home/fabiocar/fabiocar/install/vesc_msgs/local/lib/python3.10/dist-packages/vesc_msgs/_vesc_msgs_s.ep.rosidl_typesupport_introspection_c.c
[7.564s] -- Up-to-date symlink: /home/fabiocar/fabiocar/install/vesc_msgs/local/lib/python3.10/dist-packages/vesc_msgs/libvesc_msgs__rosidl_generator_py.so
[7.564s] -- Up-to-date symlink: /home/fabiocar/fabiocar/install/vesc_msgs/local/lib/python3.10/dist-packages/vesc_msgs/msg/__init__.py
[7.565s] -- Symlinking: /home/fabiocar/fabiocar/install/vesc_msgs/local/lib/python3.10/dist-packages/vesc_msgs/msg/_vesc_imu.py
[7.581s] -- Symlinking: /home/fabiocar/fabiocar/install/vesc_msgs/local/lib/python3.10/dist-packages/vesc_msgs/msg/_vesc_imu_s.c
[7.595s] -- Symlinking: /home/fabiocar/fabiocar/install/vesc_msgs/local/lib/python3.10/dist-packages/vesc_msgs/msg/_vesc_imu_stamped.py
[7.609s] -- Symlinking: /home/fabiocar/fabiocar/install/vesc_msgs/local/lib/python3.10/dist-packages/vesc_msgs/msg/_vesc_imu_stamped_s.c
[7.623s] -- Up-to-date symlink: /home/fabiocar/fabiocar/install/vesc_msgs/local/lib/python3.10/dist-packages/vesc_msgs/msg/_vesc_state.py
[7.624s] -- Up-to-date symlink: /home/fabiocar/fabiocar/install/vesc_msgs/local/lib/python3.10/dist-packages/vesc_msgs/msg/_vesc_state_s.c
[7.624s] -- Up-to-date symlink: /home/fabiocar/fabiocar/install/vesc_msgs/local/lib/python3.10/dist-packages/vesc_msgs/msg/_vesc_state_stamped.py
[7.624s] -- Up-to-date symlink: /home/fabiocar/fabiocar/install/vesc_msgs/local/lib/python3.10/dist-packages/vesc_msgs/msg/_vesc_state_stamped_s.c
[7.624s] -- Up-to-date symlink: /home/fabiocar/fabiocar/install/vesc_msgs/local/lib/python3.10/dist-packages/vesc_msgs/vesc_msgs_s__rosidl_typesupport_c.cpython-310-aarch64-linux-gnu.so
[7.624s] -- Up-to-date symlink: /home/fabiocar/fabiocar/install/vesc_msgs/local/lib/python3.10/dist-packages/vesc_msgs/vesc_msgs_s__rosidl_typesupport_fastrtps_c.cpython-310-aarch64-linux-gnu.so
[7.624s] -- Up-to-date symlink: /home/fabiocar/fabiocar/install/vesc_msgs/local/lib/python3.10/dist-packages/vesc_msgs/vesc_msgs_s__rosidl_typesupport_introspection_c.cpython-310-aarch64-linux-gnu.so
[7.624s] -- Up-to-date symlink: /home/fabiocar/fabiocar/install/vesc_msgs/local/lib/python3.10/dist-packages/vesc_msgs/vesc_msgs_s__rosidl_typesupport_fastrtps_c.cpython-310-aarch64-linux-gnu.so
[7.625s] -- Up-to-date symlink: /home/fabiocar/fabiocar/install/vesc_msgs/local/lib/python3.10/dist-packages/vesc_msgs/vesc_msgs_s__rosidl_typesupport_introspection_c.cpython-310-aarch64-linux-gnu.so
[7.625s] -- Up-to-date symlink: /home/fabiocar/fabiocar/install/vesc_msgs/local/lib/python3.10/dist-packages/vesc_msgs/vesc_msgs_s__rosidl_typesupport_c.cpython-310-aarch64-linux-gnu.so
[7.625s] -- Up-to-date symlink: /home/fabiocar/fabiocar/install/vesc_msgs/share/vesc_msgs/msg/VescState.idl
[7.625s] -- Up-to-date symlink: /home/fabiocar/fabiocar/install/vesc_msgs/share/vesc_msgs/msg/VescStateStamped.idl
[7.625s] -- Symlinking: /home/fabiocar/fabiocar/install/vesc_msgs/share/vesc_msgs/msg/VescImu.idl
[7.641s] -- Symlinking: /home/fabiocar/fabiocar/install/vesc_msgs/share/vesc_msgs/msg/VescImuStamped.idl
[7.654s] -- Up-to-date symlink: /home/fabiocar/fabiocar/install/vesc_msgs/share/vesc_msgs/msg/VescState.msg
[7.654s] -- Up-to-date symlink: /home/fabiocar/fabiocar/install/vesc_msgs/share/vesc_msgs/msg/VescStateStamped.msg
[7.654s] -- Symlinking: /home/fabiocar/fabiocar/install/vesc_msgs/share/vesc_msgs/msg/VescImu.msg
[7.672s] -- Symlinking: /home/fabiocar/fabiocar/install/vesc_msgs/share/vesc_msgs/msg/VescImuStamped.msg
[7.686s] -- Up-to-date symlink: /home/fabiocar/fabiocar/install/vesc_msgs/share/ament_index/resource_index/package_run_dependencies/vesc_msgs
[7.686s] -- Up-to-date symlink: /home/fabiocar/fabiocar/install/vesc_msgs/share/ament_index/resource_index/parent_prefix_path/vesc_msgs
[7.686s] -- Up-to-date symlink: /home/fabiocar/fabiocar/install/vesc_msgs/share/vesc_msgs/environment/ament_prefix_path.sh
[7.686s] -- Up-to-date symlink: /home/fabiocar/fabiocar/install/vesc_msgs/share/vesc_msgs/environment/ament_prefix_path.dsv
[7.686s] -- Up-to-date symlink: /home/fabiocar/fabiocar/install/vesc_msgs/share/vesc_msgs/environment/path.sh
[7.687s] -- Up-to-date symlink: /home/fabiocar/fabiocar/install/vesc_msgs/share/vesc_msgs/environment/path.dsv
[7.687s] -- Up-to-date symlink: /home/fabiocar/fabiocar/install/vesc_msgs/share/vesc_msgs/local_setup.bash
[7.687s] -- Up-to-date symlink: /home/fabiocar/fabiocar/install/vesc_msgs/share/vesc_msgs/local_setup.sh
[7.687s] -- Up-to-date symlink: /home/fabiocar/fabiocar/install/vesc_msgs/share/vesc_msgs/local_setup.zsh
[7.687s] -- Up-to-date symlink: /home/fabiocar/fabiocar/install/vesc_msgs/share/vesc_msgs/local_setup.dsv
[7.688s] -- Symlinking: /home/fabiocar/fabiocar/install/vesc_msgs/share/vesc_msgs/package.dsv
[7.704s] -- Up-to-date symlink: /home/fabiocar/fabiocar/install/vesc_msgs/share/ament_index/resource_index/packages/vesc_msgs
[7.704s] -- Up-to-date symlink: /home/fabiocar/fabiocar/install/vesc_msgs/share/vesc_msgs/cmake/rosidl_cmake-extras.cmake
[7.704s] -- Up-to-date symlink: /home/fabiocar/fabiocar/install/vesc_msgs/share/vesc_msgs/cmake/ament_cmake_export_dependencies-extras.cmake
[7.704s] -- Up-to-date symlink: /home/fabiocar/fabiocar/install/vesc_msgs/share/vesc_msgs/cmake/ament_cmake_export_include_directories-extras.cmake
[7.705s] -- Up-to-date symlink: /home/fabiocar/fabiocar/install/vesc_msgs/share/vesc_msgs/cmake/ament_cmake_export_libraries-extras.cmake
[7.705s] -- Up-to-date symlink: /home/fabiocar/fabiocar/install/vesc_msgs/share/vesc_msgs/cmake/ament_cmake_export_targets-extras.cmake
[7.705s] -- Up-to-date symlink: /home/fabiocar/fabiocar/install/vesc_msgs/share/vesc_msgs/cmake/rosidl_cmake_export_typesupport_targets-extras.cmake
[7.705s] -- Up-to-date symlink: /home/fabiocar/fabiocar/install/vesc_msgs/share/vesc_msgs/cmake/rosidl_cmake_export_typesupport_libraries-extras.cmake
[7.705s] -- Up-to-date symlink: /home/fabiocar/fabiocar/install/vesc_msgs/share/vesc_msgs/cmake/vesc_msgsConfig.cmake
[7.706s] -- Up-to-date symlink: /home/fabiocar/fabiocar/install/vesc_msgs/share/vesc_msgs/cmake/vesc_msgsConfig-version.cmake
[7.706s] -- Up-to-date symlink: /home/fabiocar/fabiocar/install/vesc_msgs/share/vesc_msgs/package.xml
[7.706s] -- Installing: /home/fabiocar/fabiocar/install/vesc_msgs/lib/libvesc_msgs__rosidl_generator_c.so
[7.707s] -- Set runtime path of "/home/fabiocar/fabiocar/install/vesc_msgs/lib/libvesc_msgs__rosidl_generator_c.so" to ""
[7.707s] -- Installing: /home/fabiocar/fabiocar/install/vesc_msgs/lib/libvesc_msgs__rosidl_typesupport_fastrtps_c.so
[7.707s] -- Set runtime path of "/home/fabiocar/fabiocar/install/vesc_msgs/lib/libvesc_msgs__rosidl_typesupport_fastrtps_c.so" to ""
[7.708s] -- Installing: /home/fabiocar/fabiocar/install/vesc_msgs/lib/libvesc_msgs__rosidl_typesupport_introspection_c.so
[7.708s] -- Set runtime path of "/home/fabiocar/fabiocar/install/vesc_msgs/lib/libvesc_msgs__rosidl_typesupport_introspection_c.so" to ""
[7.708s] -- Installing: /home/fabiocar/fabiocar/install/vesc_msgs/lib/libvesc_msgs__rosidl_typesupport_c.so
[7.709s] -- Set runtime path of "/home/fabiocar/fabiocar/install/vesc_msgs/lib/libvesc_msgs__rosidl_typesupport_c.so" to ""
[7.709s] -- Installing: /home/fabiocar/fabiocar/install/vesc_msgs/lib/libvesc_msgs__rosidl_typesupport_fastrtps_cpp.so
[7.710s] -- Set runtime path of "/home/fabiocar/fabiocar/install/vesc_msgs/lib/libvesc_msgs__rosidl_typesupport_fastrtps_cpp.so" to ""
[7.710s] -- Installing: /home/fabiocar/fabiocar/install/vesc_msgs/lib/libvesc_msgs__rosidl_typesupport_introspection_cpp.so
[7.710s] -- Set runtime path of "/home/fabiocar/fabiocar/install/vesc_msgs/lib/libvesc_msgs__rosidl_typesupport_introspection_cpp.so" to ""
[7.711s] -- Installing: /home/fabiocar/fabiocar/install/vesc_msgs/lib/libvesc_msgs__rosidl_typesupport_cpp.so
[7.711s] -- Set runtime path of "/home/fabiocar/fabiocar/install/vesc_msgs/lib/libvesc_msgs__rosidl_typesupport_cpp.so" to ""
[7.777s] Listing '/home/fabiocar/fabiocar/install/vesc_msgs/local/lib/python3.10/dist-packages/vesc_msgs'...
[7.777s] Compiling '/home/fabiocar/fabiocar/install/vesc_msgs/local/lib/python3.10/dist-packages/vesc_msgs/__init__.py'...
[7.777s] Listing '/home/fabiocar/fabiocar/install/vesc_msgs/local/lib/python3.10/dist-packages/vesc_msgs/msg'...
[7.778s] Compiling '/home/fabiocar/fabiocar/install/vesc_msgs/local/lib/python3.10/dist-packages/vesc_msgs/msg/__init__.py'...
[7.778s] Compiling '/home/fabiocar/fabiocar/install/vesc_msgs/local/lib/python3.10/dist-packages/vesc_msgs/msg/_vesc_imu.py'...
[7.778s] Compiling '/home/fabiocar/fabiocar/install/vesc_msgs/local/lib/python3.10/dist-packages/vesc_msgs/msg/_vesc_imu_stamped.py'...
[7.778s] Compiling '/home/fabiocar/fabiocar/install/vesc_msgs/local/lib/python3.10/dist-packages/vesc_msgs/msg/_vesc_state.py'...
[7.778s] Compiling '/home/fabiocar/fabiocar/install/vesc_msgs/local/lib/python3.10/dist-packages/vesc_msgs/msg/_vesc_state_stamped.py'...
[7.786s] -- Installing: /home/fabiocar/fabiocar/install/vesc_msgs/lib/libvesc_msgs__rosidl_generator_py.so
[7.787s] -- Set runtime path of "/home/fabiocar/fabiocar/install/vesc_msgs/lib/libvesc_msgs__rosidl_generator_py.so" to ""
[7.787s] -- Old export file "/home/fabiocar/fabiocar/install/vesc_msgs/share/vesc_msgs/cmake/export_vesc_msgs__rosidl_generator_cExport.cmake" will be replaced.  Removing files [/home/fabiocar/fabiocar/install/vesc_msgs/share/vesc_msgs/cmake/export_vesc_msgs__rosidl_generator_cExport-noconfig.cmake].
[7.787s] -- Installing: /home/fabiocar/fabiocar/install/vesc_msgs/share/vesc_msgs/cmake/export_vesc_msgs__rosidl_generator_cExport.cmake
[7.787s] -- Installing: /home/fabiocar/fabiocar/install/vesc_msgs/share/vesc_msgs/cmake/export_vesc_msgs__rosidl_generator_cExport-noconfig.cmake
[7.787s] -- Old export file "/home/fabiocar/fabiocar/install/vesc_msgs/share/vesc_msgs/cmake/export_vesc_msgs__rosidl_typesupport_fastrtps_cExport.cmake" will be replaced.  Removing files [/home/fabiocar/fabiocar/install/vesc_msgs/share/vesc_msgs/cmake/export_vesc_msgs__rosidl_typesupport_fastrtps_cExport-noconfig.cmake].
[7.787s] -- Installing: /home/fabiocar/fabiocar/install/vesc_msgs/share/vesc_msgs/cmake/export_vesc_msgs__rosidl_typesupport_fastrtps_cExport.cmake
[7.788s] -- Installing: /home/fabiocar/fabiocar/install/vesc_msgs/share/vesc_msgs/cmake/export_vesc_msgs__rosidl_typesupport_fastrtps_cExport-noconfig.cmake
[7.788s] -- Old export file "/home/fabiocar/fabiocar/install/vesc_msgs/share/vesc_msgs/cmake/vesc_msgs__rosidl_typesupport_introspection_cExport.cmake" will be replaced.  Removing files [/home/fabiocar/fabiocar/install/vesc_msgs/share/vesc_msgs/cmake/vesc_msgs__rosidl_typesupport_introspection_cExport-noconfig.cmake].
[7.788s] -- Installing: /home/fabiocar/fabiocar/install/vesc_msgs/share/vesc_msgs/cmake/vesc_msgs__rosidl_typesupport_introspection_cExport.cmake
[7.788s] -- Installing: /home/fabiocar/fabiocar/install/vesc_msgs/share/vesc_msgs/cmake/vesc_msgs__rosidl_typesupport_introspection_cExport-noconfig.cmake
[7.789s] -- Old export file "/home/fabiocar/fabiocar/install/vesc_msgs/share/vesc_msgs/cmake/vesc_msgs__rosidl_typesupport_cExport.cmake" will be replaced.  Removing files [/home/fabiocar/fabiocar/install/vesc_msgs/share/vesc_msgs/cmake/vesc_msgs__rosidl_typesupport_cExport-noconfig.cmake].
[7.789s] -- Installing: /home/fabiocar/fabiocar/install/vesc_msgs/share/vesc_msgs/cmake/vesc_msgs__rosidl_typesupport_cExport.cmake
[7.789s] -- Installing: /home/fabiocar/fabiocar/install/vesc_msgs/share/vesc_msgs/cmake/vesc_msgs__rosidl_typesupport_cExport-noconfig.cmake
[7.789s] -- Installing: /home/fabiocar/fabiocar/install/vesc_msgs/share/vesc_msgs/cmake/export_vesc_msgs__rosidl_generator_cppExport.cmake
[7.790s] -- Old export file "/home/fabiocar/fabiocar/install/vesc_msgs/share/vesc_msgs/cmake/export_vesc_msgs__rosidl_typesupport_fastrtps_cppExport.cmake" will be replaced.  Removing files [/home/fabiocar/fabiocar/install/vesc_msgs/share/vesc_msgs/cmake/export_vesc_msgs__rosidl_typesupport_fastrtps_cppExport-noconfig.cmake].
[7.790s] -- Installing: /home/fabiocar/fabiocar/install/vesc_msgs/share/vesc_msgs/cmake/export_vesc_msgs__rosidl_typesupport_fastrtps_cppExport.cmake
[7.790s] -- Installing: /home/fabiocar/fabiocar/install/vesc_msgs/share/vesc_msgs/cmake/export_vesc_msgs__rosidl_typesupport_fastrtps_cppExport-noconfig.cmake
[7.790s] -- Old export file "/home/fabiocar/fabiocar/install/vesc_msgs/share/vesc_msgs/cmake/vesc_msgs__rosidl_typesupport_introspection_cppExport.cmake" will be replaced.  Removing files [/home/fabiocar/fabiocar/install/vesc_msgs/share/vesc_msgs/cmake/vesc_msgs__rosidl_typesupport_introspection_cppExport-noconfig.cmake].
[7.790s] -- Installing: /home/fabiocar/fabiocar/install/vesc_msgs/share/vesc_msgs/cmake/vesc_msgs__rosidl_typesupport_introspection_cppExport.cmake
[7.791s] -- Installing: /home/fabiocar/fabiocar/install/vesc_msgs/share/vesc_msgs/cmake/vesc_msgs__rosidl_typesupport_introspection_cppExport-noconfig.cmake
[7.792s] -- Old export file "/home/fabiocar/fabiocar/install/vesc_msgs/share/vesc_msgs/cmake/vesc_msgs__rosidl_typesupport_cppExport.cmake" will be replaced.  Removing files [/home/fabiocar/fabiocar/install/vesc_msgs/share/vesc_msgs/cmake/vesc_msgs__rosidl_typesupport_cppExport-noconfig.cmake].
[7.792s] -- Installing: /home/fabiocar/fabiocar/install/vesc_msgs/share/vesc_msgs/cmake/vesc_msgs__rosidl_typesupport_cppExport.cmake
[7.793s] -- Installing: /home/fabiocar/fabiocar/install/vesc_msgs/share/vesc_msgs/cmake/vesc_msgs__rosidl_typesupport_cppExport-noconfig.cmake
[7.793s] -- Old export file "/home/fabiocar/fabiocar/install/vesc_msgs/share/vesc_msgs/cmake/export_vesc_msgs__rosidl_generator_pyExport.cmake" will be replaced.  Removing files [/home/fabiocar/fabiocar/install/vesc_msgs/share/vesc_msgs/cmake/export_vesc_msgs__rosidl_generator_pyExport-noconfig.cmake].
[7.794s] -- Installing: /home/fabiocar/fabiocar/install/vesc_msgs/share/vesc_msgs/cmake/export_vesc_msgs__rosidl_generator_pyExport.cmake
[7.794s] -- Installing: /home/fabiocar/fabiocar/install/vesc_msgs/share/vesc_msgs/cmake/export_vesc_msgs__rosidl_generator_pyExport-noconfig.cmake
[7.801s] Invoked command in '/home/fabiocar/fabiocar/build/vesc_msgs' returned '0': CMAKE_PREFIX_PATH=/home/fabiocar/roboracer_ws/install/f1tenth_stack:/home/fabiocar/roboracer_ws/install/vesc:/home/fabiocar/roboracer_ws/install/vesc_driver:/home/fabiocar/roboracer_ws/install/vesc_ackermann:/home/fabiocar/roboracer_ws/install/vesc_msgs:/home/fabiocar/roboracer_ws/install/mpc_controller:/home/fabiocar/roboracer_ws/install/llm_mpc_tuner:/home/fabiocar/roboracer_ws/install/ackermann_mux:/opt/ros/humble /usr/bin/cmake --install /home/fabiocar/fabiocar/build/vesc_msgs
