[0.049s] Invoking command in '/home/fabiocar/roboracer_ws/build/ackermann_mux': CMAKE_PREFIX_PATH=${CMAKE_PREFIX_PATH}:/home/fabiocar/roboracer_ws/install/f1tenth_stack:/home/fabiocar/roboracer_ws/install/mpc_controller:/home/fabiocar/roboracer_ws/install/llm_mpc_tuner:/opt/ros/humble /usr/bin/cmake --build /home/fabiocar/roboracer_ws/build/ackermann_mux -- -j12 -l12
[0.375s] -- Found ament_cmake: 1.3.14 (/opt/ros/humble/share/ament_cmake/cmake)
[0.393s] -- Found rclcpp: 16.0.19 (/opt/ros/humble/share/rclcpp/cmake)
[0.466s] -- Found rosidl_generator_c: 3.1.8 (/opt/ros/humble/share/rosidl_generator_c/cmake)
[0.472s] -- Found rosidl_adapter: 3.1.8 (/opt/ros/humble/share/rosidl_adapter/cmake)
[0.488s] -- Found rosidl_generator_cpp: 3.1.8 (/opt/ros/humble/share/rosidl_generator_cpp/cmake)
[0.510s] -- Using all available rosidl_typesupport_c: rosidl_typesupport_fastrtps_c;rosidl_typesupport_introspection_c
[0.538s] -- Using all available rosidl_typesupport_cpp: rosidl_typesupport_fastrtps_cpp;rosidl_typesupport_introspection_cpp
[0.620s] -- Found rmw_implementation_cmake: 6.1.2 (/opt/ros/humble/share/rmw_implementation_cmake/cmake)
[0.626s] -- Found rmw_fastrtps_cpp: 6.2.10 (/opt/ros/humble/share/rmw_fastrtps_cpp/cmake)
[0.808s] -- Using RMW implementation 'rmw_fastrtps_cpp' as default
[0.909s] -- Found ackermann_msgs: 2.0.2 (/opt/ros/humble/share/ackermann_msgs/cmake)
[0.935s] -- Found diagnostic_updater: 4.0.6 (/opt/ros/humble/share/diagnostic_updater/cmake)
[0.972s] -- Found ament_lint_auto: 0.12.15 (/opt/ros/humble/share/ament_lint_auto/cmake)
[1.125s] -- Found python_cmake_module: 0.10.0 (/opt/ros/humble/share/python_cmake_module/cmake)
[1.171s] -- Using PYTHON_EXECUTABLE: /usr/bin/python3
[1.171s] -- Using PYTHON_INCLUDE_DIRS: /usr/include/python3.10
[1.171s] -- Using PYTHON_LIBRARIES: /usr/lib/aarch64-linux-gnu/libpython3.10.so
[1.211s] -- Added test 'xmllint' to check XML markup files
[1.211s] -- Added test 'copyright' to check source files copyright and LICENSE
[1.219s] -- Added test 'cppcheck' to perform static code analysis on C / C++ code
[1.220s] -- Configured cppcheck include dirs: /home/fabiocar/roboracer_ws/src/ackermann_mux/include
[1.220s] -- Configured cppcheck exclude dirs and/or files: 
[1.228s] -- Added test 'cpplint' to check C / C++ code against the Google style
[1.228s] -- Configured cpplint exclude dirs and/or files: 
[1.229s] -- Added test 'flake8' to check Python code syntax and style conventions
[1.232s] -- Added test 'lint_cmake' to check CMake code style
[1.233s] -- Added test 'pep257' to check Python code against some of the docstring style conventions in PEP 257
[1.240s] -- Added test 'uncrustify' to check C / C++ code style
[1.240s] -- Configured uncrustify additional arguments: 
[1.248s] -- Configuring done
[1.280s] -- Generating done
[1.287s] -- Build files have been written to: /home/fabiocar/roboracer_ws/build/ackermann_mux
[1.334s] [35m[1mConsolidate compiler generated dependencies of target ackermann_mux[0m
[1.416s] [ 50%] [32mBuilding CXX object CMakeFiles/ackermann_mux.dir/src/ackermann_mux_node.cpp.o[0m
[1.417s] [ 50%] [32mBuilding CXX object CMakeFiles/ackermann_mux.dir/src/ackermann_mux_diagnostics.cpp.o[0m
[1.417s] [ 75%] [32mBuilding CXX object CMakeFiles/ackermann_mux.dir/src/ackermann_mux.cpp.o[0m
[22.138s] [100%] [32m[1mLinking CXX executable ackermann_mux[0m
[23.105s] [100%] Built target ackermann_mux
[23.124s] Invoked command in '/home/fabiocar/roboracer_ws/build/ackermann_mux' returned '0': CMAKE_PREFIX_PATH=${CMAKE_PREFIX_PATH}:/home/fabiocar/roboracer_ws/install/f1tenth_stack:/home/fabiocar/roboracer_ws/install/mpc_controller:/home/fabiocar/roboracer_ws/install/llm_mpc_tuner:/opt/ros/humble /usr/bin/cmake --build /home/fabiocar/roboracer_ws/build/ackermann_mux -- -j12 -l12
[23.127s] Invoking command in '/home/fabiocar/roboracer_ws/build/ackermann_mux': CMAKE_PREFIX_PATH=${CMAKE_PREFIX_PATH}:/home/fabiocar/roboracer_ws/install/f1tenth_stack:/home/fabiocar/roboracer_ws/install/mpc_controller:/home/fabiocar/roboracer_ws/install/llm_mpc_tuner:/opt/ros/humble /usr/bin/cmake --install /home/fabiocar/roboracer_ws/build/ackermann_mux
[23.140s] -- Install configuration: ""
[23.143s] -- Installing: /home/fabiocar/roboracer_ws/install/ackermann_mux/lib/ackermann_mux/ackermann_mux
[23.155s] -- Set runtime path of "/home/fabiocar/roboracer_ws/install/ackermann_mux/lib/ackermann_mux/ackermann_mux" to ""
[23.155s] -- Up-to-date: /home/fabiocar/roboracer_ws/install/ackermann_mux/share/ackermann_mux/launch
[23.155s] -- Up-to-date: /home/fabiocar/roboracer_ws/install/ackermann_mux/share/ackermann_mux/launch/ackermann_mux_launch.py
[23.155s] -- Up-to-date: /home/fabiocar/roboracer_ws/install/ackermann_mux/share/ackermann_mux/config
[23.155s] -- Up-to-date: /home/fabiocar/roboracer_ws/install/ackermann_mux/share/ackermann_mux/config/ackermann_mux_locks.yaml
[23.156s] -- Up-to-date: /home/fabiocar/roboracer_ws/install/ackermann_mux/share/ackermann_mux/config/ackermann_mux_topics.yaml
[23.156s] -- Up-to-date: /home/fabiocar/roboracer_ws/install/ackermann_mux/share/ackermann_mux/config/joystick.yaml
[23.156s] -- Up-to-date: /home/fabiocar/roboracer_ws/install/ackermann_mux/include
[23.156s] -- Up-to-date: /home/fabiocar/roboracer_ws/install/ackermann_mux/include/ackermann_mux
[23.156s] -- Up-to-date: /home/fabiocar/roboracer_ws/install/ackermann_mux/include/ackermann_mux/params_helpers.hpp
[23.156s] -- Up-to-date: /home/fabiocar/roboracer_ws/install/ackermann_mux/include/ackermann_mux/ackermann_mux_diagnostics.hpp
[23.157s] -- Up-to-date: /home/fabiocar/roboracer_ws/install/ackermann_mux/include/ackermann_mux/topic_handle.hpp
[23.157s] -- Up-to-date: /home/fabiocar/roboracer_ws/install/ackermann_mux/include/ackermann_mux/ackermann_mux_diagnostics_status.hpp
[23.157s] -- Up-to-date: /home/fabiocar/roboracer_ws/install/ackermann_mux/include/ackermann_mux/utils.hpp
[23.157s] -- Up-to-date: /home/fabiocar/roboracer_ws/install/ackermann_mux/include/ackermann_mux/ackermann_mux.hpp
[23.157s] -- Up-to-date: /home/fabiocar/roboracer_ws/install/ackermann_mux/share/ament_index/resource_index/package_run_dependencies/ackermann_mux
[23.157s] -- Installing: /home/fabiocar/roboracer_ws/install/ackermann_mux/share/ament_index/resource_index/parent_prefix_path/ackermann_mux
[23.157s] -- Installing: /home/fabiocar/roboracer_ws/install/ackermann_mux/share/ackermann_mux/environment/ament_prefix_path.sh
[23.158s] -- Installing: /home/fabiocar/roboracer_ws/install/ackermann_mux/share/ackermann_mux/environment/ament_prefix_path.dsv
[23.158s] -- Installing: /home/fabiocar/roboracer_ws/install/ackermann_mux/share/ackermann_mux/environment/path.sh
[23.158s] -- Installing: /home/fabiocar/roboracer_ws/install/ackermann_mux/share/ackermann_mux/environment/path.dsv
[23.159s] -- Up-to-date: /home/fabiocar/roboracer_ws/install/ackermann_mux/share/ackermann_mux/local_setup.bash
[23.159s] -- Up-to-date: /home/fabiocar/roboracer_ws/install/ackermann_mux/share/ackermann_mux/local_setup.sh
[23.159s] -- Up-to-date: /home/fabiocar/roboracer_ws/install/ackermann_mux/share/ackermann_mux/local_setup.zsh
[23.159s] -- Installing: /home/fabiocar/roboracer_ws/install/ackermann_mux/share/ackermann_mux/local_setup.dsv
[23.159s] -- Installing: /home/fabiocar/roboracer_ws/install/ackermann_mux/share/ackermann_mux/package.dsv
[23.160s] -- Up-to-date: /home/fabiocar/roboracer_ws/install/ackermann_mux/share/ament_index/resource_index/packages/ackermann_mux
[23.160s] -- Up-to-date: /home/fabiocar/roboracer_ws/install/ackermann_mux/share/ackermann_mux/cmake/ament_cmake_export_include_directories-extras.cmake
[23.160s] -- Up-to-date: /home/fabiocar/roboracer_ws/install/ackermann_mux/share/ackermann_mux/cmake/ament_cmake_export_dependencies-extras.cmake
[23.160s] -- Up-to-date: /home/fabiocar/roboracer_ws/install/ackermann_mux/share/ackermann_mux/cmake/ackermann_muxConfig.cmake
[23.160s] -- Up-to-date: /home/fabiocar/roboracer_ws/install/ackermann_mux/share/ackermann_mux/cmake/ackermann_muxConfig-version.cmake
[23.161s] -- Up-to-date: /home/fabiocar/roboracer_ws/install/ackermann_mux/share/ackermann_mux/package.xml
[23.165s] Invoked command in '/home/fabiocar/roboracer_ws/build/ackermann_mux' returned '0': CMAKE_PREFIX_PATH=${CMAKE_PREFIX_PATH}:/home/fabiocar/roboracer_ws/install/f1tenth_stack:/home/fabiocar/roboracer_ws/install/mpc_controller:/home/fabiocar/roboracer_ws/install/llm_mpc_tuner:/opt/ros/humble /usr/bin/cmake --install /home/fabiocar/roboracer_ws/build/ackermann_mux
