[1.104s] Invoking command in '/home/fabiocar/fabiocar/src/f1tenth_system/f1tenth_stack': AMENT_PREFIX_PATH=/home/fabiocar/fabiocar/install/vesc:/home/fabiocar/fabiocar/install/vesc_driver:/home/fabiocar/fabiocar/install/vesc_ackermann:/home/fabiocar/fabiocar/install/vesc_msgs:/home/fabiocar/fabiocar/install/ackermann_mux:${AMENT_PREFIX_PATH} CMAKE_PREFIX_PATH=/home/fabiocar/fabiocar/install/vesc:/home/fabiocar/fabiocar/install/vesc_driver:/home/fabiocar/fabiocar/install/vesc_ackermann:/home/fabiocar/fabiocar/install/vesc_msgs:/home/fabiocar/fabiocar/install/ackermann_mux LD_LIBRARY_PATH=/home/fabiocar/fabiocar/install/vesc_driver/lib:/home/fabiocar/fabiocar/install/vesc_ackermann/lib:/home/fabiocar/fabiocar/install/vesc_msgs/lib:${LD_LIBRARY_PATH} PYTHONPATH=/home/fabiocar/fabiocar/build/f1tenth_stack/prefix_override:/usr/lib/python3/dist-packages/colcon_core/task/python/colcon_distutils_commands:/home/fabiocar/fabiocar/install/f1tenth_stack/lib/python3.10/site-packages:/home/fabiocar/fabiocar/install/vesc_msgs/local/lib/python3.10/dist-packages:${PYTHONPATH} /usr/bin/python3 -W ignore:setup.py install is deprecated -W ignore:easy_install command is deprecated setup.py egg_info --egg-base ../../../build/f1tenth_stack build --build-base /home/fabiocar/fabiocar/build/f1tenth_stack/build install --record /home/fabiocar/fabiocar/build/f1tenth_stack/install.log --single-version-externally-managed install_data
[1.469s] running egg_info
[1.491s] creating ../../../build/f1tenth_stack/f1tenth_stack.egg-info
[1.491s] writing ../../../build/f1tenth_stack/f1tenth_stack.egg-info/PKG-INFO
[1.492s] writing dependency_links to ../../../build/f1tenth_stack/f1tenth_stack.egg-info/dependency_links.txt
[1.492s] writing entry points to ../../../build/f1tenth_stack/f1tenth_stack.egg-info/entry_points.txt
[1.493s] writing requirements to ../../../build/f1tenth_stack/f1tenth_stack.egg-info/requires.txt
[1.493s] writing top-level names to ../../../build/f1tenth_stack/f1tenth_stack.egg-info/top_level.txt
[1.493s] writing manifest file '../../../build/f1tenth_stack/f1tenth_stack.egg-info/SOURCES.txt'
[1.539s] reading manifest file '../../../build/f1tenth_stack/f1tenth_stack.egg-info/SOURCES.txt'
[1.541s] writing manifest file '../../../build/f1tenth_stack/f1tenth_stack.egg-info/SOURCES.txt'
[1.541s] running build
[1.542s] running build_py
[1.542s] creating /home/fabiocar/fabiocar/build/f1tenth_stack/build/lib/f1tenth_stack
[1.542s] copying f1tenth_stack/throttle_interpolator.py -> /home/fabiocar/fabiocar/build/f1tenth_stack/build/lib/f1tenth_stack
[1.543s] copying f1tenth_stack/__init__.py -> /home/fabiocar/fabiocar/build/f1tenth_stack/build/lib/f1tenth_stack
[1.543s] copying f1tenth_stack/tf_publisher.py -> /home/fabiocar/fabiocar/build/f1tenth_stack/build/lib/f1tenth_stack
[1.543s] running install
[1.549s] running install_lib
[1.571s] creating /home/fabiocar/fabiocar/install/f1tenth_stack/lib/python3.10/site-packages/f1tenth_stack
[1.572s] copying /home/fabiocar/fabiocar/build/f1tenth_stack/build/lib/f1tenth_stack/throttle_interpolator.py -> /home/fabiocar/fabiocar/install/f1tenth_stack/lib/python3.10/site-packages/f1tenth_stack
[1.572s] copying /home/fabiocar/fabiocar/build/f1tenth_stack/build/lib/f1tenth_stack/__init__.py -> /home/fabiocar/fabiocar/install/f1tenth_stack/lib/python3.10/site-packages/f1tenth_stack
[1.572s] copying /home/fabiocar/fabiocar/build/f1tenth_stack/build/lib/f1tenth_stack/tf_publisher.py -> /home/fabiocar/fabiocar/install/f1tenth_stack/lib/python3.10/site-packages/f1tenth_stack
[1.573s] byte-compiling /home/fabiocar/fabiocar/install/f1tenth_stack/lib/python3.10/site-packages/f1tenth_stack/throttle_interpolator.py to throttle_interpolator.cpython-310.pyc
[1.574s] byte-compiling /home/fabiocar/fabiocar/install/f1tenth_stack/lib/python3.10/site-packages/f1tenth_stack/__init__.py to __init__.cpython-310.pyc
[1.574s] byte-compiling /home/fabiocar/fabiocar/install/f1tenth_stack/lib/python3.10/site-packages/f1tenth_stack/tf_publisher.py to tf_publisher.cpython-310.pyc
[1.575s] running install_data
[1.575s] creating /home/fabiocar/fabiocar/install/f1tenth_stack/share/ament_index/resource_index/packages
[1.575s] copying resource/f1tenth_stack -> /home/fabiocar/fabiocar/install/f1tenth_stack/share/ament_index/resource_index/packages
[1.576s] copying package.xml -> /home/fabiocar/fabiocar/install/f1tenth_stack/share/f1tenth_stack
[1.576s] creating /home/fabiocar/fabiocar/install/f1tenth_stack/share/f1tenth_stack/launch
[1.577s] copying launch/bringup_launch.py -> /home/fabiocar/fabiocar/install/f1tenth_stack/share/f1tenth_stack/launch
[1.577s] creating /home/fabiocar/fabiocar/install/f1tenth_stack/share/f1tenth_stack/config
[1.577s] copying config/joy_teleop.yaml -> /home/fabiocar/fabiocar/install/f1tenth_stack/share/f1tenth_stack/config
[1.578s] copying config/f1tenth_online_async.yaml -> /home/fabiocar/fabiocar/install/f1tenth_stack/share/f1tenth_stack/config
[1.578s] copying config/vesc.yaml -> /home/fabiocar/fabiocar/install/f1tenth_stack/share/f1tenth_stack/config
[1.578s] copying config/sensors.yaml -> /home/fabiocar/fabiocar/install/f1tenth_stack/share/f1tenth_stack/config
[1.578s] copying config/mux.yaml -> /home/fabiocar/fabiocar/install/f1tenth_stack/share/f1tenth_stack/config
[1.579s] running install_egg_info
[1.602s] Copying ../../../build/f1tenth_stack/f1tenth_stack.egg-info to /home/fabiocar/fabiocar/install/f1tenth_stack/lib/python3.10/site-packages/f1tenth_stack-0.0.1-py3.10.egg-info
[1.604s] running install_scripts
[1.795s] Installing tf_publisher script to /home/fabiocar/fabiocar/install/f1tenth_stack/lib/f1tenth_stack
[1.796s] Installing throttle_interpolator script to /home/fabiocar/fabiocar/install/f1tenth_stack/lib/f1tenth_stack
[1.796s] writing list of installed files to '/home/fabiocar/fabiocar/build/f1tenth_stack/install.log'
[1.850s] Invoked command in '/home/fabiocar/fabiocar/src/f1tenth_system/f1tenth_stack' returned '0': AMENT_PREFIX_PATH=/home/fabiocar/fabiocar/install/vesc:/home/fabiocar/fabiocar/install/vesc_driver:/home/fabiocar/fabiocar/install/vesc_ackermann:/home/fabiocar/fabiocar/install/vesc_msgs:/home/fabiocar/fabiocar/install/ackermann_mux:${AMENT_PREFIX_PATH} CMAKE_PREFIX_PATH=/home/fabiocar/fabiocar/install/vesc:/home/fabiocar/fabiocar/install/vesc_driver:/home/fabiocar/fabiocar/install/vesc_ackermann:/home/fabiocar/fabiocar/install/vesc_msgs:/home/fabiocar/fabiocar/install/ackermann_mux LD_LIBRARY_PATH=/home/fabiocar/fabiocar/install/vesc_driver/lib:/home/fabiocar/fabiocar/install/vesc_ackermann/lib:/home/fabiocar/fabiocar/install/vesc_msgs/lib:${LD_LIBRARY_PATH} PYTHONPATH=/home/fabiocar/fabiocar/build/f1tenth_stack/prefix_override:/usr/lib/python3/dist-packages/colcon_core/task/python/colcon_distutils_commands:/home/fabiocar/fabiocar/install/f1tenth_stack/lib/python3.10/site-packages:/home/fabiocar/fabiocar/install/vesc_msgs/local/lib/python3.10/dist-packages:${PYTHONPATH} /usr/bin/python3 -W ignore:setup.py install is deprecated -W ignore:easy_install command is deprecated setup.py egg_info --egg-base ../../../build/f1tenth_stack build --build-base /home/fabiocar/fabiocar/build/f1tenth_stack/build install --record /home/fabiocar/fabiocar/build/f1tenth_stack/install.log --single-version-externally-managed install_data
