[1.712s] Invoking command in '/home/fabiocar/fabiocar/build/mpc_controller': PYTHONPATH=/home/fabiocar/fabiocar/build/mpc_controller/prefix_override:/usr/lib/python3/dist-packages/colcon_core/task/python/colcon_distutils_commands:/home/fabiocar/fabiocar/install/mpc_controller/lib/python3.10/site-packages:${PYTHONPATH} /usr/bin/python3 -W ignore:setup.py install is deprecated -W ignore:easy_install command is deprecated setup.py develop --editable --build-directory /home/fabiocar/fabiocar/build/mpc_controller/build --no-deps symlink_data
[2.201s] running develop
[2.514s] running egg_info
[2.536s] writing mpc_controller.egg-info/PKG-INFO
[2.537s] writing dependency_links to mpc_controller.egg-info/dependency_links.txt
[2.538s] writing entry points to mpc_controller.egg-info/entry_points.txt
[2.538s] writing requirements to mpc_controller.egg-info/requires.txt
[2.538s] writing top-level names to mpc_controller.egg-info/top_level.txt
[2.587s] reading manifest file 'mpc_controller.egg-info/SOURCES.txt'
[2.588s] writing manifest file 'mpc_controller.egg-info/SOURCES.txt'
[2.613s] running build_ext
[2.613s] Creating /home/fabiocar/fabiocar/install/mpc_controller/lib/python3.10/site-packages/mpc-controller.egg-link (link to .)
[2.615s] Installing andre_mpc_node script to /home/fabiocar/fabiocar/install/mpc_controller/lib/mpc_controller
[2.615s] Installing frenet_mpc_node script to /home/fabiocar/fabiocar/install/mpc_controller/lib/mpc_controller
[2.615s] Installing kinematic_mpc_node script to /home/fabiocar/fabiocar/install/mpc_controller/lib/mpc_controller
[2.615s] Installing mpc_node script to /home/fabiocar/fabiocar/install/mpc_controller/lib/mpc_controller
[2.615s] Installing trajectory_mpc_node script to /home/fabiocar/fabiocar/install/mpc_controller/lib/mpc_controller
[2.616s] 
[2.616s] Installed /home/fabiocar/fabiocar/build/mpc_controller
[2.616s] running symlink_data
[2.714s] Invoked command in '/home/fabiocar/fabiocar/build/mpc_controller' returned '0': PYTHONPATH=/home/fabiocar/fabiocar/build/mpc_controller/prefix_override:/usr/lib/python3/dist-packages/colcon_core/task/python/colcon_distutils_commands:/home/fabiocar/fabiocar/install/mpc_controller/lib/python3.10/site-packages:${PYTHONPATH} /usr/bin/python3 -W ignore:setup.py install is deprecated -W ignore:easy_install command is deprecated setup.py develop --editable --build-directory /home/fabiocar/fabiocar/build/mpc_controller/build --no-deps symlink_data
