[0.042s] Invoking command in '/home/fabiocar/fabiocar/build/vesc_msgs': CMAKE_PREFIX_PATH=${CMAKE_PREFIX_PATH}:/home/fabiocar/roboracer_ws/install/f1tenth_stack:/home/fabiocar/roboracer_ws/install/mpc_controller:/home/fabiocar/roboracer_ws/install/llm_mpc_tuner:/opt/ros/humble /usr/bin/cmake /home/fabiocar/fabiocar/src/f1tenth_system/vesc/vesc_msgs -DAMENT_CMAKE_SYMLINK_INSTALL=1 -DCMAKE_INSTALL_PREFIX=/home/fabiocar/fabiocar/install/vesc_msgs
[0.383s] -- Found ament_cmake_auto: 1.3.14 (/opt/ros/humble/share/ament_cmake_auto/cmake)
[0.383s] -- Override CMake install command with custom implementation using symlinks instead of copying resources
[0.473s] -- Using all available rosidl_typesupport_c: rosidl_typesupport_fastrtps_c;rosidl_typesupport_introspection_c
[0.482s] -- Found rosidl_adapter: 3.1.8 (/opt/ros/humble/share/rosidl_adapter/cmake)
[0.557s] -- Using all available rosidl_typesupport_cpp: rosidl_typesupport_fastrtps_cpp;rosidl_typesupport_introspection_cpp
[1.121s] -- Found ament_cmake_ros: 0.10.0 (/opt/ros/humble/share/ament_cmake_ros/cmake)
[1.599s] -- Using all available rosidl_typesupport_c: rosidl_typesupport_fastrtps_c;rosidl_typesupport_introspection_c
[2.334s] -- Using all available rosidl_typesupport_cpp: rosidl_typesupport_fastrtps_cpp;rosidl_typesupport_introspection_cpp
[2.380s] -- Found python_cmake_module: 0.10.0 (/opt/ros/humble/share/python_cmake_module/cmake)
[2.423s] -- Using PYTHON_EXECUTABLE: /usr/bin/python3
[2.423s] -- Using PYTHON_INCLUDE_DIRS: /usr/include/python3.10
[2.423s] -- Using PYTHON_LIBRARIES: /usr/lib/aarch64-linux-gnu/libpython3.10.so
[2.544s] -- Found ament_lint_auto: 0.12.15 (/opt/ros/humble/share/ament_lint_auto/cmake)
[2.572s] -- Added test 'copyright' to check source files copyright and LICENSE
[2.575s] -- Added test 'lint_cmake' to check CMake code style
[2.576s] -- Added test 'xmllint' to check XML markup files
[2.583s] -- Configuring done
[2.663s] -- Generating done
[2.682s] -- Build files have been written to: /home/fabiocar/fabiocar/build/vesc_msgs
[2.697s] Invoked command in '/home/fabiocar/fabiocar/build/vesc_msgs' returned '0': CMAKE_PREFIX_PATH=${CMAKE_PREFIX_PATH}:/home/fabiocar/roboracer_ws/install/f1tenth_stack:/home/fabiocar/roboracer_ws/install/mpc_controller:/home/fabiocar/roboracer_ws/install/llm_mpc_tuner:/opt/ros/humble /usr/bin/cmake /home/fabiocar/fabiocar/src/f1tenth_system/vesc/vesc_msgs -DAMENT_CMAKE_SYMLINK_INSTALL=1 -DCMAKE_INSTALL_PREFIX=/home/fabiocar/fabiocar/install/vesc_msgs
[2.701s] Invoking command in '/home/fabiocar/fabiocar/build/vesc_msgs': CMAKE_PREFIX_PATH=${CMAKE_PREFIX_PATH}:/home/fabiocar/roboracer_ws/install/f1tenth_stack:/home/fabiocar/roboracer_ws/install/mpc_controller:/home/fabiocar/roboracer_ws/install/llm_mpc_tuner:/opt/ros/humble /usr/bin/cmake --build /home/fabiocar/fabiocar/build/vesc_msgs -- -j12 -l12
[2.770s] [35m[1mConsolidate compiler generated dependencies of target vesc_msgs__rosidl_generator_c[0m
[2.787s] [  1%] Built target vesc_msgs__cpp
[2.797s] [  5%] Built target ament_cmake_python_symlink_vesc_msgs
[2.797s] [ 12%] Built target vesc_msgs__rosidl_generator_c
[2.804s] [35m[1mConsolidate compiler generated dependencies of target vesc_msgs__rosidl_typesupport_introspection_cpp[0m
[2.804s] [35m[1mConsolidate compiler generated dependencies of target vesc_msgs__rosidl_typesupport_fastrtps_cpp[0m
[2.805s] [35m[1mConsolidate compiler generated dependencies of target vesc_msgs__rosidl_typesupport_cpp[0m
[2.813s] [35m[1mConsolidate compiler generated dependencies of target vesc_msgs__rosidl_typesupport_fastrtps_c[0m
[2.813s] [35m[1mConsolidate compiler generated dependencies of target vesc_msgs__rosidl_typesupport_c[0m
[2.813s] [35m[1mConsolidate compiler generated dependencies of target vesc_msgs__rosidl_typesupport_introspection_c[0m
[2.830s] [ 23%] Built target vesc_msgs__rosidl_typesupport_introspection_cpp
[2.832s] [ 43%] Built target vesc_msgs__rosidl_typesupport_cpp
[2.832s] [ 45%] Built target vesc_msgs__rosidl_typesupport_c
[2.832s] [ 67%] Built target vesc_msgs__rosidl_typesupport_introspection_c
[2.832s] [ 67%] Built target vesc_msgs__rosidl_typesupport_fastrtps_cpp
[2.840s] [ 78%] Built target vesc_msgs__rosidl_typesupport_fastrtps_c
[2.878s] [ 78%] Built target vesc_msgs
[2.914s] [ 80%] Built target vesc_msgs__py
[2.936s] [35m[1mConsolidate compiler generated dependencies of target vesc_msgs__rosidl_generator_py[0m
[2.973s] [ 89%] Built target vesc_msgs__rosidl_generator_py
[2.988s] [35m[1mConsolidate compiler generated dependencies of target vesc_msgs__rosidl_typesupport_introspection_c__pyext[0m
[2.989s] [35m[1mConsolidate compiler generated dependencies of target vesc_msgs__rosidl_typesupport_fastrtps_c__pyext[0m
[2.989s] [35m[1mConsolidate compiler generated dependencies of target vesc_msgs__rosidl_typesupport_c__pyext[0m
[3.009s] [ 96%] Built target vesc_msgs__rosidl_typesupport_c__pyext
[3.009s] [ 96%] Built target vesc_msgs__rosidl_typesupport_fastrtps_c__pyext
[3.009s] [100%] Built target vesc_msgs__rosidl_typesupport_introspection_c__pyext
[3.118s] running egg_info
[3.142s] writing vesc_msgs.egg-info/PKG-INFO
[3.142s] writing dependency_links to vesc_msgs.egg-info/dependency_links.txt
[3.143s] writing top-level names to vesc_msgs.egg-info/top_level.txt
[3.213s] reading manifest file 'vesc_msgs.egg-info/SOURCES.txt'
[3.214s] writing manifest file 'vesc_msgs.egg-info/SOURCES.txt'
[3.273s] [100%] Built target ament_cmake_python_build_vesc_msgs_egg
[3.293s] Invoked command in '/home/fabiocar/fabiocar/build/vesc_msgs' returned '0': CMAKE_PREFIX_PATH=${CMAKE_PREFIX_PATH}:/home/fabiocar/roboracer_ws/install/f1tenth_stack:/home/fabiocar/roboracer_ws/install/mpc_controller:/home/fabiocar/roboracer_ws/install/llm_mpc_tuner:/opt/ros/humble /usr/bin/cmake --build /home/fabiocar/fabiocar/build/vesc_msgs -- -j12 -l12
[3.297s] Invoking command in '/home/fabiocar/fabiocar/build/vesc_msgs': CMAKE_PREFIX_PATH=${CMAKE_PREFIX_PATH}:/home/fabiocar/roboracer_ws/install/f1tenth_stack:/home/fabiocar/roboracer_ws/install/mpc_controller:/home/fabiocar/roboracer_ws/install/llm_mpc_tuner:/opt/ros/humble /usr/bin/cmake --install /home/fabiocar/fabiocar/build/vesc_msgs
[3.312s] -- Install configuration: ""
[3.313s] -- Execute custom install script
[3.313s] -- Up-to-date symlink: /home/fabiocar/fabiocar/install/vesc_msgs/share/ament_index/resource_index/rosidl_interfaces/vesc_msgs
[3.314s] -- Up-to-date symlink: /home/fabiocar/fabiocar/install/vesc_msgs/include/vesc_msgs/vesc_msgs/msg/detail/vesc_imu__functions.h
[3.315s] -- Up-to-date symlink: /home/fabiocar/fabiocar/install/vesc_msgs/include/vesc_msgs/vesc_msgs/msg/detail/vesc_imu__struct.h
[3.315s] -- Up-to-date symlink: /home/fabiocar/fabiocar/install/vesc_msgs/include/vesc_msgs/vesc_msgs/msg/detail/vesc_imu__type_support.h
[3.315s] -- Up-to-date symlink: /home/fabiocar/fabiocar/install/vesc_msgs/include/vesc_msgs/vesc_msgs/msg/detail/vesc_imu_stamped__functions.h
[3.315s] -- Up-to-date symlink: /home/fabiocar/fabiocar/install/vesc_msgs/include/vesc_msgs/vesc_msgs/msg/detail/vesc_imu_stamped__struct.h
[3.315s] -- Up-to-date symlink: /home/fabiocar/fabiocar/install/vesc_msgs/include/vesc_msgs/vesc_msgs/msg/detail/vesc_imu_stamped__type_support.h
[3.315s] -- Up-to-date symlink: /home/fabiocar/fabiocar/install/vesc_msgs/include/vesc_msgs/vesc_msgs/msg/detail/vesc_state__functions.h
[3.316s] -- Up-to-date symlink: /home/fabiocar/fabiocar/install/vesc_msgs/include/vesc_msgs/vesc_msgs/msg/detail/vesc_state__struct.h
[3.316s] -- Up-to-date symlink: /home/fabiocar/fabiocar/install/vesc_msgs/include/vesc_msgs/vesc_msgs/msg/detail/vesc_state__type_support.h
[3.316s] -- Up-to-date symlink: /home/fabiocar/fabiocar/install/vesc_msgs/include/vesc_msgs/vesc_msgs/msg/detail/vesc_state_stamped__functions.h
[3.316s] -- Up-to-date symlink: /home/fabiocar/fabiocar/install/vesc_msgs/include/vesc_msgs/vesc_msgs/msg/detail/vesc_state_stamped__struct.h
[3.316s] -- Up-to-date symlink: /home/fabiocar/fabiocar/install/vesc_msgs/include/vesc_msgs/vesc_msgs/msg/detail/vesc_state_stamped__type_support.h
[3.317s] -- Up-to-date symlink: /home/fabiocar/fabiocar/install/vesc_msgs/include/vesc_msgs/vesc_msgs/msg/rosidl_generator_c__visibility_control.h
[3.317s] -- Up-to-date symlink: /home/fabiocar/fabiocar/install/vesc_msgs/include/vesc_msgs/vesc_msgs/msg/vesc_imu.h
[3.317s] -- Up-to-date symlink: /home/fabiocar/fabiocar/install/vesc_msgs/include/vesc_msgs/vesc_msgs/msg/vesc_imu_stamped.h
[3.317s] -- Up-to-date symlink: /home/fabiocar/fabiocar/install/vesc_msgs/include/vesc_msgs/vesc_msgs/msg/vesc_state.h
[3.317s] -- Up-to-date symlink: /home/fabiocar/fabiocar/install/vesc_msgs/include/vesc_msgs/vesc_msgs/msg/vesc_state_stamped.h
[3.318s] -- Up-to-date symlink: /home/fabiocar/fabiocar/install/vesc_msgs/share/vesc_msgs/environment/library_path.sh
[3.318s] -- Up-to-date symlink: /home/fabiocar/fabiocar/install/vesc_msgs/share/vesc_msgs/environment/library_path.dsv
[3.319s] -- Up-to-date symlink: /home/fabiocar/fabiocar/install/vesc_msgs/include/vesc_msgs/vesc_msgs/msg/detail/vesc_imu__rosidl_typesupport_fastrtps_c.h
[3.319s] -- Up-to-date symlink: /home/fabiocar/fabiocar/install/vesc_msgs/include/vesc_msgs/vesc_msgs/msg/detail/vesc_imu_stamped__rosidl_typesupport_fastrtps_c.h
[3.320s] -- Up-to-date symlink: /home/fabiocar/fabiocar/install/vesc_msgs/include/vesc_msgs/vesc_msgs/msg/detail/vesc_state__rosidl_typesupport_fastrtps_c.h
[3.320s] -- Up-to-date symlink: /home/fabiocar/fabiocar/install/vesc_msgs/include/vesc_msgs/vesc_msgs/msg/detail/vesc_state_stamped__rosidl_typesupport_fastrtps_c.h
[3.320s] -- Up-to-date symlink: /home/fabiocar/fabiocar/install/vesc_msgs/include/vesc_msgs/vesc_msgs/msg/rosidl_typesupport_fastrtps_c__visibility_control.h
[3.321s] -- Up-to-date symlink: /home/fabiocar/fabiocar/install/vesc_msgs/include/vesc_msgs/vesc_msgs/msg/detail/vesc_imu__rosidl_typesupport_introspection_c.h
[3.321s] -- Up-to-date symlink: /home/fabiocar/fabiocar/install/vesc_msgs/include/vesc_msgs/vesc_msgs/msg/detail/vesc_imu_stamped__rosidl_typesupport_introspection_c.h
[3.321s] -- Up-to-date symlink: /home/fabiocar/fabiocar/install/vesc_msgs/include/vesc_msgs/vesc_msgs/msg/detail/vesc_state__rosidl_typesupport_introspection_c.h
[3.321s] -- Up-to-date symlink: /home/fabiocar/fabiocar/install/vesc_msgs/include/vesc_msgs/vesc_msgs/msg/detail/vesc_state_stamped__rosidl_typesupport_introspection_c.h
[3.321s] -- Up-to-date symlink: /home/fabiocar/fabiocar/install/vesc_msgs/include/vesc_msgs/vesc_msgs/msg/rosidl_typesupport_introspection_c__visibility_control.h
[3.322s] -- Up-to-date symlink: /home/fabiocar/fabiocar/install/vesc_msgs/include/vesc_msgs/vesc_msgs/msg/detail/vesc_imu__builder.hpp
[3.323s] -- Up-to-date symlink: /home/fabiocar/fabiocar/install/vesc_msgs/include/vesc_msgs/vesc_msgs/msg/detail/vesc_imu__struct.hpp
[3.323s] -- Up-to-date symlink: /home/fabiocar/fabiocar/install/vesc_msgs/include/vesc_msgs/vesc_msgs/msg/detail/vesc_imu__traits.hpp
[3.323s] -- Up-to-date symlink: /home/fabiocar/fabiocar/install/vesc_msgs/include/vesc_msgs/vesc_msgs/msg/detail/vesc_imu__type_support.hpp
[3.323s] -- Up-to-date symlink: /home/fabiocar/fabiocar/install/vesc_msgs/include/vesc_msgs/vesc_msgs/msg/detail/vesc_imu_stamped__builder.hpp
[3.324s] -- Up-to-date symlink: /home/fabiocar/fabiocar/install/vesc_msgs/include/vesc_msgs/vesc_msgs/msg/detail/vesc_imu_stamped__struct.hpp
[3.324s] -- Up-to-date symlink: /home/fabiocar/fabiocar/install/vesc_msgs/include/vesc_msgs/vesc_msgs/msg/detail/vesc_imu_stamped__traits.hpp
[3.324s] -- Up-to-date symlink: /home/fabiocar/fabiocar/install/vesc_msgs/include/vesc_msgs/vesc_msgs/msg/detail/vesc_imu_stamped__type_support.hpp
[3.324s] -- Up-to-date symlink: /home/fabiocar/fabiocar/install/vesc_msgs/include/vesc_msgs/vesc_msgs/msg/detail/vesc_state__builder.hpp
[3.324s] -- Up-to-date symlink: /home/fabiocar/fabiocar/install/vesc_msgs/include/vesc_msgs/vesc_msgs/msg/detail/vesc_state__struct.hpp
[3.324s] -- Up-to-date symlink: /home/fabiocar/fabiocar/install/vesc_msgs/include/vesc_msgs/vesc_msgs/msg/detail/vesc_state__traits.hpp
[3.324s] -- Up-to-date symlink: /home/fabiocar/fabiocar/install/vesc_msgs/include/vesc_msgs/vesc_msgs/msg/detail/vesc_state__type_support.hpp
[3.325s] -- Up-to-date symlink: /home/fabiocar/fabiocar/install/vesc_msgs/include/vesc_msgs/vesc_msgs/msg/detail/vesc_state_stamped__builder.hpp
[3.325s] -- Up-to-date symlink: /home/fabiocar/fabiocar/install/vesc_msgs/include/vesc_msgs/vesc_msgs/msg/detail/vesc_state_stamped__struct.hpp
[3.325s] -- Up-to-date symlink: /home/fabiocar/fabiocar/install/vesc_msgs/include/vesc_msgs/vesc_msgs/msg/detail/vesc_state_stamped__traits.hpp
[3.325s] -- Up-to-date symlink: /home/fabiocar/fabiocar/install/vesc_msgs/include/vesc_msgs/vesc_msgs/msg/detail/vesc_state_stamped__type_support.hpp
[3.325s] -- Up-to-date symlink: /home/fabiocar/fabiocar/install/vesc_msgs/include/vesc_msgs/vesc_msgs/msg/rosidl_generator_cpp__visibility_control.hpp
[3.325s] -- Up-to-date symlink: /home/fabiocar/fabiocar/install/vesc_msgs/include/vesc_msgs/vesc_msgs/msg/vesc_imu.hpp
[3.325s] -- Up-to-date symlink: /home/fabiocar/fabiocar/install/vesc_msgs/include/vesc_msgs/vesc_msgs/msg/vesc_imu_stamped.hpp
[3.326s] -- Up-to-date symlink: /home/fabiocar/fabiocar/install/vesc_msgs/include/vesc_msgs/vesc_msgs/msg/vesc_state.hpp
[3.326s] -- Up-to-date symlink: /home/fabiocar/fabiocar/install/vesc_msgs/include/vesc_msgs/vesc_msgs/msg/vesc_state_stamped.hpp
[3.327s] -- Up-to-date symlink: /home/fabiocar/fabiocar/install/vesc_msgs/include/vesc_msgs/vesc_msgs/msg/detail/vesc_imu__rosidl_typesupport_fastrtps_cpp.hpp
[3.327s] -- Up-to-date symlink: /home/fabiocar/fabiocar/install/vesc_msgs/include/vesc_msgs/vesc_msgs/msg/detail/vesc_imu_stamped__rosidl_typesupport_fastrtps_cpp.hpp
[3.327s] -- Up-to-date symlink: /home/fabiocar/fabiocar/install/vesc_msgs/include/vesc_msgs/vesc_msgs/msg/detail/vesc_state__rosidl_typesupport_fastrtps_cpp.hpp
[3.327s] -- Up-to-date symlink: /home/fabiocar/fabiocar/install/vesc_msgs/include/vesc_msgs/vesc_msgs/msg/detail/vesc_state_stamped__rosidl_typesupport_fastrtps_cpp.hpp
[3.328s] -- Up-to-date symlink: /home/fabiocar/fabiocar/install/vesc_msgs/include/vesc_msgs/vesc_msgs/msg/rosidl_typesupport_fastrtps_cpp__visibility_control.h
[3.328s] -- Up-to-date symlink: /home/fabiocar/fabiocar/install/vesc_msgs/include/vesc_msgs/vesc_msgs/msg/detail/vesc_imu__rosidl_typesupport_introspection_cpp.hpp
[3.328s] -- Up-to-date symlink: /home/fabiocar/fabiocar/install/vesc_msgs/include/vesc_msgs/vesc_msgs/msg/detail/vesc_imu_stamped__rosidl_typesupport_introspection_cpp.hpp
[3.328s] -- Up-to-date symlink: /home/fabiocar/fabiocar/install/vesc_msgs/include/vesc_msgs/vesc_msgs/msg/detail/vesc_state__rosidl_typesupport_introspection_cpp.hpp
[3.329s] -- Up-to-date symlink: /home/fabiocar/fabiocar/install/vesc_msgs/include/vesc_msgs/vesc_msgs/msg/detail/vesc_state_stamped__rosidl_typesupport_introspection_cpp.hpp
[3.329s] -- Up-to-date symlink: /home/fabiocar/fabiocar/install/vesc_msgs/share/vesc_msgs/environment/pythonpath.sh
[3.329s] -- Up-to-date symlink: /home/fabiocar/fabiocar/install/vesc_msgs/share/vesc_msgs/environment/pythonpath.dsv
[3.330s] -- Up-to-date symlink: /home/fabiocar/fabiocar/install/vesc_msgs/local/lib/python3.10/dist-packages/vesc_msgs-1.1.0-py3.10.egg-info/PKG-INFO
[3.330s] -- Up-to-date symlink: /home/fabiocar/fabiocar/install/vesc_msgs/local/lib/python3.10/dist-packages/vesc_msgs-1.1.0-py3.10.egg-info/SOURCES.txt
[3.330s] -- Up-to-date symlink: /home/fabiocar/fabiocar/install/vesc_msgs/local/lib/python3.10/dist-packages/vesc_msgs-1.1.0-py3.10.egg-info/dependency_links.txt
[3.330s] -- Up-to-date symlink: /home/fabiocar/fabiocar/install/vesc_msgs/local/lib/python3.10/dist-packages/vesc_msgs-1.1.0-py3.10.egg-info/top_level.txt
[3.331s] -- Up-to-date symlink: /home/fabiocar/fabiocar/install/vesc_msgs/local/lib/python3.10/dist-packages/vesc_msgs/__init__.py
[3.331s] -- Up-to-date symlink: /home/fabiocar/fabiocar/install/vesc_msgs/local/lib/python3.10/dist-packages/vesc_msgs/_vesc_msgs_s.ep.rosidl_typesupport_c.c
[3.331s] -- Up-to-date symlink: /home/fabiocar/fabiocar/install/vesc_msgs/local/lib/python3.10/dist-packages/vesc_msgs/_vesc_msgs_s.ep.rosidl_typesupport_fastrtps_c.c
[3.331s] -- Up-to-date symlink: /home/fabiocar/fabiocar/install/vesc_msgs/local/lib/python3.10/dist-packages/vesc_msgs/_vesc_msgs_s.ep.rosidl_typesupport_introspection_c.c
[3.332s] -- Up-to-date symlink: /home/fabiocar/fabiocar/install/vesc_msgs/local/lib/python3.10/dist-packages/vesc_msgs/libvesc_msgs__rosidl_generator_py.so
[3.332s] -- Up-to-date symlink: /home/fabiocar/fabiocar/install/vesc_msgs/local/lib/python3.10/dist-packages/vesc_msgs/msg/__init__.py
[3.332s] -- Up-to-date symlink: /home/fabiocar/fabiocar/install/vesc_msgs/local/lib/python3.10/dist-packages/vesc_msgs/msg/_vesc_imu.py
[3.332s] -- Up-to-date symlink: /home/fabiocar/fabiocar/install/vesc_msgs/local/lib/python3.10/dist-packages/vesc_msgs/msg/_vesc_imu_s.c
[3.332s] -- Up-to-date symlink: /home/fabiocar/fabiocar/install/vesc_msgs/local/lib/python3.10/dist-packages/vesc_msgs/msg/_vesc_imu_stamped.py
[3.332s] -- Up-to-date symlink: /home/fabiocar/fabiocar/install/vesc_msgs/local/lib/python3.10/dist-packages/vesc_msgs/msg/_vesc_imu_stamped_s.c
[3.333s] -- Up-to-date symlink: /home/fabiocar/fabiocar/install/vesc_msgs/local/lib/python3.10/dist-packages/vesc_msgs/msg/_vesc_state.py
[3.333s] -- Up-to-date symlink: /home/fabiocar/fabiocar/install/vesc_msgs/local/lib/python3.10/dist-packages/vesc_msgs/msg/_vesc_state_s.c
[3.333s] -- Up-to-date symlink: /home/fabiocar/fabiocar/install/vesc_msgs/local/lib/python3.10/dist-packages/vesc_msgs/msg/_vesc_state_stamped.py
[3.333s] -- Up-to-date symlink: /home/fabiocar/fabiocar/install/vesc_msgs/local/lib/python3.10/dist-packages/vesc_msgs/msg/_vesc_state_stamped_s.c
[3.333s] -- Up-to-date symlink: /home/fabiocar/fabiocar/install/vesc_msgs/local/lib/python3.10/dist-packages/vesc_msgs/vesc_msgs_s__rosidl_typesupport_c.cpython-310-aarch64-linux-gnu.so
[3.334s] -- Up-to-date symlink: /home/fabiocar/fabiocar/install/vesc_msgs/local/lib/python3.10/dist-packages/vesc_msgs/vesc_msgs_s__rosidl_typesupport_fastrtps_c.cpython-310-aarch64-linux-gnu.so
[3.334s] -- Up-to-date symlink: /home/fabiocar/fabiocar/install/vesc_msgs/local/lib/python3.10/dist-packages/vesc_msgs/vesc_msgs_s__rosidl_typesupport_introspection_c.cpython-310-aarch64-linux-gnu.so
[3.334s] -- Up-to-date symlink: /home/fabiocar/fabiocar/install/vesc_msgs/local/lib/python3.10/dist-packages/vesc_msgs/vesc_msgs_s__rosidl_typesupport_fastrtps_c.cpython-310-aarch64-linux-gnu.so
[3.335s] -- Up-to-date symlink: /home/fabiocar/fabiocar/install/vesc_msgs/local/lib/python3.10/dist-packages/vesc_msgs/vesc_msgs_s__rosidl_typesupport_introspection_c.cpython-310-aarch64-linux-gnu.so
[3.335s] -- Up-to-date symlink: /home/fabiocar/fabiocar/install/vesc_msgs/local/lib/python3.10/dist-packages/vesc_msgs/vesc_msgs_s__rosidl_typesupport_c.cpython-310-aarch64-linux-gnu.so
[3.335s] -- Up-to-date symlink: /home/fabiocar/fabiocar/install/vesc_msgs/share/vesc_msgs/msg/VescState.idl
[3.335s] -- Up-to-date symlink: /home/fabiocar/fabiocar/install/vesc_msgs/share/vesc_msgs/msg/VescStateStamped.idl
[3.336s] -- Up-to-date symlink: /home/fabiocar/fabiocar/install/vesc_msgs/share/vesc_msgs/msg/VescImu.idl
[3.336s] -- Up-to-date symlink: /home/fabiocar/fabiocar/install/vesc_msgs/share/vesc_msgs/msg/VescImuStamped.idl
[3.336s] -- Up-to-date symlink: /home/fabiocar/fabiocar/install/vesc_msgs/share/vesc_msgs/msg/VescState.msg
[3.336s] -- Up-to-date symlink: /home/fabiocar/fabiocar/install/vesc_msgs/share/vesc_msgs/msg/VescStateStamped.msg
[3.337s] -- Up-to-date symlink: /home/fabiocar/fabiocar/install/vesc_msgs/share/vesc_msgs/msg/VescImu.msg
[3.337s] -- Up-to-date symlink: /home/fabiocar/fabiocar/install/vesc_msgs/share/vesc_msgs/msg/VescImuStamped.msg
[3.337s] -- Up-to-date symlink: /home/fabiocar/fabiocar/install/vesc_msgs/share/ament_index/resource_index/package_run_dependencies/vesc_msgs
[3.337s] -- Up-to-date symlink: /home/fabiocar/fabiocar/install/vesc_msgs/share/ament_index/resource_index/parent_prefix_path/vesc_msgs
[3.338s] -- Up-to-date symlink: /home/fabiocar/fabiocar/install/vesc_msgs/share/vesc_msgs/environment/ament_prefix_path.sh
[3.338s] -- Up-to-date symlink: /home/fabiocar/fabiocar/install/vesc_msgs/share/vesc_msgs/environment/ament_prefix_path.dsv
[3.338s] -- Up-to-date symlink: /home/fabiocar/fabiocar/install/vesc_msgs/share/vesc_msgs/environment/path.sh
[3.338s] -- Up-to-date symlink: /home/fabiocar/fabiocar/install/vesc_msgs/share/vesc_msgs/environment/path.dsv
[3.339s] -- Up-to-date symlink: /home/fabiocar/fabiocar/install/vesc_msgs/share/vesc_msgs/local_setup.bash
[3.339s] -- Up-to-date symlink: /home/fabiocar/fabiocar/install/vesc_msgs/share/vesc_msgs/local_setup.sh
[3.339s] -- Up-to-date symlink: /home/fabiocar/fabiocar/install/vesc_msgs/share/vesc_msgs/local_setup.zsh
[3.339s] -- Up-to-date symlink: /home/fabiocar/fabiocar/install/vesc_msgs/share/vesc_msgs/local_setup.dsv
[3.339s] -- Symlinking: /home/fabiocar/fabiocar/install/vesc_msgs/share/vesc_msgs/package.dsv
[3.356s] -- Up-to-date symlink: /home/fabiocar/fabiocar/install/vesc_msgs/share/ament_index/resource_index/packages/vesc_msgs
[3.356s] -- Up-to-date symlink: /home/fabiocar/fabiocar/install/vesc_msgs/share/vesc_msgs/cmake/rosidl_cmake-extras.cmake
[3.356s] -- Up-to-date symlink: /home/fabiocar/fabiocar/install/vesc_msgs/share/vesc_msgs/cmake/ament_cmake_export_dependencies-extras.cmake
[3.357s] -- Up-to-date symlink: /home/fabiocar/fabiocar/install/vesc_msgs/share/vesc_msgs/cmake/ament_cmake_export_include_directories-extras.cmake
[3.357s] -- Up-to-date symlink: /home/fabiocar/fabiocar/install/vesc_msgs/share/vesc_msgs/cmake/ament_cmake_export_libraries-extras.cmake
[3.357s] -- Up-to-date symlink: /home/fabiocar/fabiocar/install/vesc_msgs/share/vesc_msgs/cmake/ament_cmake_export_targets-extras.cmake
[3.357s] -- Up-to-date symlink: /home/fabiocar/fabiocar/install/vesc_msgs/share/vesc_msgs/cmake/rosidl_cmake_export_typesupport_targets-extras.cmake
[3.357s] -- Up-to-date symlink: /home/fabiocar/fabiocar/install/vesc_msgs/share/vesc_msgs/cmake/rosidl_cmake_export_typesupport_libraries-extras.cmake
[3.358s] -- Up-to-date symlink: /home/fabiocar/fabiocar/install/vesc_msgs/share/vesc_msgs/cmake/vesc_msgsConfig.cmake
[3.358s] -- Up-to-date symlink: /home/fabiocar/fabiocar/install/vesc_msgs/share/vesc_msgs/cmake/vesc_msgsConfig-version.cmake
[3.358s] -- Up-to-date symlink: /home/fabiocar/fabiocar/install/vesc_msgs/share/vesc_msgs/package.xml
[3.359s] -- Up-to-date: /home/fabiocar/fabiocar/install/vesc_msgs/lib/libvesc_msgs__rosidl_generator_c.so
[3.360s] -- Up-to-date: /home/fabiocar/fabiocar/install/vesc_msgs/lib/libvesc_msgs__rosidl_typesupport_fastrtps_c.so
[3.360s] -- Up-to-date: /home/fabiocar/fabiocar/install/vesc_msgs/lib/libvesc_msgs__rosidl_typesupport_introspection_c.so
[3.361s] -- Up-to-date: /home/fabiocar/fabiocar/install/vesc_msgs/lib/libvesc_msgs__rosidl_typesupport_c.so
[3.361s] -- Up-to-date: /home/fabiocar/fabiocar/install/vesc_msgs/lib/libvesc_msgs__rosidl_typesupport_fastrtps_cpp.so
[3.362s] -- Up-to-date: /home/fabiocar/fabiocar/install/vesc_msgs/lib/libvesc_msgs__rosidl_typesupport_introspection_cpp.so
[3.363s] -- Up-to-date: /home/fabiocar/fabiocar/install/vesc_msgs/lib/libvesc_msgs__rosidl_typesupport_cpp.so
[3.432s] Listing '/home/fabiocar/fabiocar/install/vesc_msgs/local/lib/python3.10/dist-packages/vesc_msgs'...
[3.432s] Compiling '/home/fabiocar/fabiocar/install/vesc_msgs/local/lib/python3.10/dist-packages/vesc_msgs/__init__.py'...
[3.433s] Listing '/home/fabiocar/fabiocar/install/vesc_msgs/local/lib/python3.10/dist-packages/vesc_msgs/msg'...
[3.441s] -- Up-to-date: /home/fabiocar/fabiocar/install/vesc_msgs/lib/libvesc_msgs__rosidl_generator_py.so
[3.442s] -- Up-to-date: /home/fabiocar/fabiocar/install/vesc_msgs/share/vesc_msgs/cmake/export_vesc_msgs__rosidl_generator_cExport.cmake
[3.442s] -- Up-to-date: /home/fabiocar/fabiocar/install/vesc_msgs/share/vesc_msgs/cmake/export_vesc_msgs__rosidl_generator_cExport-noconfig.cmake
[3.442s] -- Up-to-date: /home/fabiocar/fabiocar/install/vesc_msgs/share/vesc_msgs/cmake/export_vesc_msgs__rosidl_typesupport_fastrtps_cExport.cmake
[3.443s] -- Up-to-date: /home/fabiocar/fabiocar/install/vesc_msgs/share/vesc_msgs/cmake/export_vesc_msgs__rosidl_typesupport_fastrtps_cExport-noconfig.cmake
[3.443s] -- Up-to-date: /home/fabiocar/fabiocar/install/vesc_msgs/share/vesc_msgs/cmake/vesc_msgs__rosidl_typesupport_introspection_cExport.cmake
[3.444s] -- Up-to-date: /home/fabiocar/fabiocar/install/vesc_msgs/share/vesc_msgs/cmake/vesc_msgs__rosidl_typesupport_introspection_cExport-noconfig.cmake
[3.444s] -- Up-to-date: /home/fabiocar/fabiocar/install/vesc_msgs/share/vesc_msgs/cmake/vesc_msgs__rosidl_typesupport_cExport.cmake
[3.444s] -- Up-to-date: /home/fabiocar/fabiocar/install/vesc_msgs/share/vesc_msgs/cmake/vesc_msgs__rosidl_typesupport_cExport-noconfig.cmake
[3.444s] -- Up-to-date: /home/fabiocar/fabiocar/install/vesc_msgs/share/vesc_msgs/cmake/export_vesc_msgs__rosidl_generator_cppExport.cmake
[3.445s] -- Up-to-date: /home/fabiocar/fabiocar/install/vesc_msgs/share/vesc_msgs/cmake/export_vesc_msgs__rosidl_typesupport_fastrtps_cppExport.cmake
[3.445s] -- Up-to-date: /home/fabiocar/fabiocar/install/vesc_msgs/share/vesc_msgs/cmake/export_vesc_msgs__rosidl_typesupport_fastrtps_cppExport-noconfig.cmake
[3.445s] -- Up-to-date: /home/fabiocar/fabiocar/install/vesc_msgs/share/vesc_msgs/cmake/vesc_msgs__rosidl_typesupport_introspection_cppExport.cmake
[3.445s] -- Up-to-date: /home/fabiocar/fabiocar/install/vesc_msgs/share/vesc_msgs/cmake/vesc_msgs__rosidl_typesupport_introspection_cppExport-noconfig.cmake
[3.446s] -- Up-to-date: /home/fabiocar/fabiocar/install/vesc_msgs/share/vesc_msgs/cmake/vesc_msgs__rosidl_typesupport_cppExport.cmake
[3.446s] -- Up-to-date: /home/fabiocar/fabiocar/install/vesc_msgs/share/vesc_msgs/cmake/vesc_msgs__rosidl_typesupport_cppExport-noconfig.cmake
[3.446s] -- Up-to-date: /home/fabiocar/fabiocar/install/vesc_msgs/share/vesc_msgs/cmake/export_vesc_msgs__rosidl_generator_pyExport.cmake
[3.447s] -- Up-to-date: /home/fabiocar/fabiocar/install/vesc_msgs/share/vesc_msgs/cmake/export_vesc_msgs__rosidl_generator_pyExport-noconfig.cmake
[3.452s] Invoked command in '/home/fabiocar/fabiocar/build/vesc_msgs' returned '0': CMAKE_PREFIX_PATH=${CMAKE_PREFIX_PATH}:/home/fabiocar/roboracer_ws/install/f1tenth_stack:/home/fabiocar/roboracer_ws/install/mpc_controller:/home/fabiocar/roboracer_ws/install/llm_mpc_tuner:/opt/ros/humble /usr/bin/cmake --install /home/fabiocar/fabiocar/build/vesc_msgs
