[0.019s] Invoking command in '/home/fabiocar/fabiocar/build/vesc_driver': AMENT_PREFIX_PATH=/home/fabiocar/fabiocar/install/vesc_msgs:${AMENT_PREFIX_PATH} CMAKE_PREFIX_PATH=/home/fabiocar/fabiocar/install/vesc_msgs:/home/fabiocar/roboracer_ws/install/vesc:/home/fabiocar/roboracer_ws/install/vesc_driver:/home/fabiocar/roboracer_ws/install/vesc_ackermann:/home/fabiocar/roboracer_ws/install/vesc_msgs:/home/fabiocar/roboracer_ws/install/ackermann_mux:/home/fabiocar/roboracer_ws/install/f1tenth_stack:/home/fabiocar/roboracer_ws/install/mpc_controller:/home/fabiocar/roboracer_ws/install/llm_mpc_tuner:/opt/ros/humble LD_LIBRARY_PATH=/home/fabiocar/fabiocar/install/vesc_msgs/lib:${LD_LIBRARY_PATH} PYTHONPATH=/home/fabiocar/fabiocar/install/vesc_msgs/local/lib/python3.10/dist-packages:${PYTHONPATH} /usr/bin/cmake /home/fabiocar/fabiocar/src/f1tenth_system/vesc/vesc_driver -DAMENT_CMAKE_SYMLINK_INSTALL=1 -DCMAKE_INSTALL_PREFIX=/home/fabiocar/fabiocar/install/vesc_driver
[0.106s] -- The C compiler identification is GNU 11.4.0
[0.201s] -- The CXX compiler identification is GNU 11.4.0
[0.222s] -- Detecting C compiler ABI info
[0.362s] -- Detecting C compiler ABI info - done
[0.387s] -- Check for working C compiler: /usr/bin/cc - skipped
[0.387s] -- Detecting C compile features
[0.389s] -- Detecting C compile features - done
[0.399s] -- Detecting CXX compiler ABI info
[0.542s] -- Detecting CXX compiler ABI info - done
[0.557s] -- Check for working CXX compiler: /usr/bin/c++ - skipped
[0.557s] -- Detecting CXX compile features
[0.558s] -- Detecting CXX compile features - done
[0.565s] -- Found ament_cmake_auto: 1.3.14 (/opt/ros/humble/share/ament_cmake_auto/cmake)
[1.173s] -- Found Python3: /usr/bin/python3 (found version "3.10.12") found components: Interpreter 
[1.287s] -- Override CMake install command with custom implementation using symlinks instead of copying resources
[1.588s] -- Found rosidl_generator_c: 3.1.8 (/opt/ros/humble/share/rosidl_generator_c/cmake)
[1.595s] -- Found rosidl_adapter: 3.1.8 (/opt/ros/humble/share/rosidl_adapter/cmake)
[1.607s] -- Found rosidl_generator_cpp: 3.1.8 (/opt/ros/humble/share/rosidl_generator_cpp/cmake)
[1.624s] -- Using all available rosidl_typesupport_c: rosidl_typesupport_fastrtps_c;rosidl_typesupport_introspection_c
[1.647s] -- Using all available rosidl_typesupport_cpp: rosidl_typesupport_fastrtps_cpp;rosidl_typesupport_introspection_cpp
[1.709s] -- Found rmw_implementation_cmake: 6.1.2 (/opt/ros/humble/share/rmw_implementation_cmake/cmake)
[1.713s] -- Found rmw_fastrtps_cpp: 6.2.10 (/opt/ros/humble/share/rmw_fastrtps_cpp/cmake)
[1.860s] -- Found OpenSSL: /usr/lib/aarch64-linux-gnu/libcrypto.so (found version "3.0.2")  
[1.907s] -- Found FastRTPS: /opt/ros/humble/include  
[1.971s] -- Using RMW implementation 'rmw_fastrtps_cpp' as default
[1.985s] -- Looking for pthread.h
[2.127s] -- Looking for pthread.h - found
[2.127s] -- Performing Test CMAKE_HAVE_LIBC_PTHREAD
[2.259s] -- Performing Test CMAKE_HAVE_LIBC_PTHREAD - Success
[2.261s] -- Found Threads: TRUE  
[2.453s] -- Found asio_cmake_module: 1.2.0 (/opt/ros/humble/share/asio_cmake_module/cmake)
[2.455s] -- Found ASIO: /usr/include  
[2.503s] -- Found ament_lint_auto: 0.12.15 (/opt/ros/humble/share/ament_lint_auto/cmake)
[2.531s] [0mIn this package, headers install destination is set to `include` by ament_auto_package. It is recommended to install `include/vesc_driver` instead and will be the default behavior of ament_auto_package from ROS 2 Kilted Kaiju. On distributions before Kilted, ament_auto_package behaves the same way when you use USE_SCOPED_HEADER_INSTALL_DIR option.[0m
[2.538s] -- Added test 'copyright' to check source files copyright and LICENSE
[2.540s] -- Added test 'cppcheck' to perform static code analysis on C / C++ code
[2.541s] -- Configured cppcheck include dirs: /home/fabiocar/fabiocar/src/f1tenth_system/vesc/vesc_driver/include
[2.541s] -- Configured cppcheck exclude dirs and/or files: 
[2.542s] -- Added test 'cpplint' to check C / C++ code against the Google style
[2.543s] -- Configured cpplint exclude dirs and/or files: 
[2.543s] -- Added test 'flake8' to check Python code syntax and style conventions
[2.544s] -- Added test 'lint_cmake' to check CMake code style
[2.545s] -- Added test 'pep257' to check Python code against some of the docstring style conventions in PEP 257
[2.546s] -- Added test 'uncrustify' to check C / C++ code style
[2.547s] -- Configured uncrustify additional arguments: 
[2.547s] -- Added test 'xmllint' to check XML markup files
[2.552s] -- Configuring done
[2.581s] -- Generating done
[2.588s] -- Build files have been written to: /home/fabiocar/fabiocar/build/vesc_driver
[2.606s] Invoked command in '/home/fabiocar/fabiocar/build/vesc_driver' returned '0': AMENT_PREFIX_PATH=/home/fabiocar/fabiocar/install/vesc_msgs:${AMENT_PREFIX_PATH} CMAKE_PREFIX_PATH=/home/fabiocar/fabiocar/install/vesc_msgs:/home/fabiocar/roboracer_ws/install/vesc:/home/fabiocar/roboracer_ws/install/vesc_driver:/home/fabiocar/roboracer_ws/install/vesc_ackermann:/home/fabiocar/roboracer_ws/install/vesc_msgs:/home/fabiocar/roboracer_ws/install/ackermann_mux:/home/fabiocar/roboracer_ws/install/f1tenth_stack:/home/fabiocar/roboracer_ws/install/mpc_controller:/home/fabiocar/roboracer_ws/install/llm_mpc_tuner:/opt/ros/humble LD_LIBRARY_PATH=/home/fabiocar/fabiocar/install/vesc_msgs/lib:${LD_LIBRARY_PATH} PYTHONPATH=/home/fabiocar/fabiocar/install/vesc_msgs/local/lib/python3.10/dist-packages:${PYTHONPATH} /usr/bin/cmake /home/fabiocar/fabiocar/src/f1tenth_system/vesc/vesc_driver -DAMENT_CMAKE_SYMLINK_INSTALL=1 -DCMAKE_INSTALL_PREFIX=/home/fabiocar/fabiocar/install/vesc_driver
[2.610s] Invoking command in '/home/fabiocar/fabiocar/build/vesc_driver': AMENT_PREFIX_PATH=/home/fabiocar/fabiocar/install/vesc_msgs:${AMENT_PREFIX_PATH} CMAKE_PREFIX_PATH=/home/fabiocar/fabiocar/install/vesc_msgs:/home/fabiocar/roboracer_ws/install/vesc:/home/fabiocar/roboracer_ws/install/vesc_driver:/home/fabiocar/roboracer_ws/install/vesc_ackermann:/home/fabiocar/roboracer_ws/install/vesc_msgs:/home/fabiocar/roboracer_ws/install/ackermann_mux:/home/fabiocar/roboracer_ws/install/f1tenth_stack:/home/fabiocar/roboracer_ws/install/mpc_controller:/home/fabiocar/roboracer_ws/install/llm_mpc_tuner:/opt/ros/humble LD_LIBRARY_PATH=/home/fabiocar/fabiocar/install/vesc_msgs/lib:${LD_LIBRARY_PATH} PYTHONPATH=/home/fabiocar/fabiocar/install/vesc_msgs/local/lib/python3.10/dist-packages:${PYTHONPATH} /usr/bin/cmake --build /home/fabiocar/fabiocar/build/vesc_driver -- -j12 -l12
[2.692s] [ 42%] [32mBuilding CXX object CMakeFiles/vesc_driver.dir/src/vesc_interface.cpp.o[0m
[2.693s] [ 42%] [32mBuilding CXX object CMakeFiles/vesc_driver_node.dir/rclcpp_components/node_main_vesc_driver_node.cpp.o[0m
[2.693s] [ 57%] [32mBuilding CXX object CMakeFiles/vesc_driver.dir/src/vesc_driver.cpp.o[0m
[2.693s] [ 57%] [32mBuilding CXX object CMakeFiles/vesc_driver.dir/src/vesc_packet_factory.cpp.o[0m
[2.693s] [ 71%] [32mBuilding CXX object CMakeFiles/vesc_driver.dir/src/vesc_packet.cpp.o[0m
[7.593s] [ 85%] [32m[1mLinking CXX executable vesc_driver_node[0m
[7.785s] [ 85%] Built target vesc_driver_node
[16.506s] [100%] [32m[1mLinking CXX shared library libvesc_driver.so[0m
[17.327s] [100%] Built target vesc_driver
[17.349s] Invoked command in '/home/fabiocar/fabiocar/build/vesc_driver' returned '0': AMENT_PREFIX_PATH=/home/fabiocar/fabiocar/install/vesc_msgs:${AMENT_PREFIX_PATH} CMAKE_PREFIX_PATH=/home/fabiocar/fabiocar/install/vesc_msgs:/home/fabiocar/roboracer_ws/install/vesc:/home/fabiocar/roboracer_ws/install/vesc_driver:/home/fabiocar/roboracer_ws/install/vesc_ackermann:/home/fabiocar/roboracer_ws/install/vesc_msgs:/home/fabiocar/roboracer_ws/install/ackermann_mux:/home/fabiocar/roboracer_ws/install/f1tenth_stack:/home/fabiocar/roboracer_ws/install/mpc_controller:/home/fabiocar/roboracer_ws/install/llm_mpc_tuner:/opt/ros/humble LD_LIBRARY_PATH=/home/fabiocar/fabiocar/install/vesc_msgs/lib:${LD_LIBRARY_PATH} PYTHONPATH=/home/fabiocar/fabiocar/install/vesc_msgs/local/lib/python3.10/dist-packages:${PYTHONPATH} /usr/bin/cmake --build /home/fabiocar/fabiocar/build/vesc_driver -- -j12 -l12
[17.368s] Invoking command in '/home/fabiocar/fabiocar/build/vesc_driver': AMENT_PREFIX_PATH=/home/fabiocar/fabiocar/install/vesc_msgs:${AMENT_PREFIX_PATH} CMAKE_PREFIX_PATH=/home/fabiocar/fabiocar/install/vesc_msgs:/home/fabiocar/roboracer_ws/install/vesc:/home/fabiocar/roboracer_ws/install/vesc_driver:/home/fabiocar/roboracer_ws/install/vesc_ackermann:/home/fabiocar/roboracer_ws/install/vesc_msgs:/home/fabiocar/roboracer_ws/install/ackermann_mux:/home/fabiocar/roboracer_ws/install/f1tenth_stack:/home/fabiocar/roboracer_ws/install/mpc_controller:/home/fabiocar/roboracer_ws/install/llm_mpc_tuner:/opt/ros/humble LD_LIBRARY_PATH=/home/fabiocar/fabiocar/install/vesc_msgs/lib:${LD_LIBRARY_PATH} PYTHONPATH=/home/fabiocar/fabiocar/install/vesc_msgs/local/lib/python3.10/dist-packages:${PYTHONPATH} /usr/bin/cmake --install /home/fabiocar/fabiocar/build/vesc_driver
[17.382s] -- Install configuration: ""
[17.383s] -- Execute custom install script
[17.384s] -- Symlinking: /home/fabiocar/fabiocar/install/vesc_driver/lib/vesc_driver/vesc_driver_node
[17.400s] -- Symlinking: /home/fabiocar/fabiocar/install/vesc_driver/include/vesc_driver/crc.hpp
[17.414s] -- Symlinking: /home/fabiocar/fabiocar/install/vesc_driver/include/vesc_driver/datatypes.hpp
[17.430s] -- Symlinking: /home/fabiocar/fabiocar/install/vesc_driver/include/vesc_driver/vesc_driver.hpp
[17.445s] -- Symlinking: /home/fabiocar/fabiocar/install/vesc_driver/include/vesc_driver/vesc_interface.hpp
[17.461s] -- Symlinking: /home/fabiocar/fabiocar/install/vesc_driver/include/vesc_driver/vesc_packet.hpp
[17.476s] -- Symlinking: /home/fabiocar/fabiocar/install/vesc_driver/include/vesc_driver/vesc_packet_factory.hpp
[17.495s] -- Symlinking: /home/fabiocar/fabiocar/install/vesc_driver/share/vesc_driver/environment/library_path.sh
[17.511s] -- Symlinking: /home/fabiocar/fabiocar/install/vesc_driver/share/vesc_driver/environment/library_path.dsv
[17.526s] -- Symlinking: /home/fabiocar/fabiocar/install/vesc_driver/lib/libvesc_driver.so
[17.541s] -- Symlinking: /home/fabiocar/fabiocar/install/vesc_driver/share/vesc_driver/launch/vesc_driver_node.launch.py
[17.557s] -- Symlinking: /home/fabiocar/fabiocar/install/vesc_driver/share/vesc_driver/params/vesc_config.yaml
[17.572s] -- Symlinking: /home/fabiocar/fabiocar/install/vesc_driver/share/ament_index/resource_index/package_run_dependencies/vesc_driver
[17.588s] -- Symlinking: /home/fabiocar/fabiocar/install/vesc_driver/share/ament_index/resource_index/parent_prefix_path/vesc_driver
[17.604s] -- Symlinking: /home/fabiocar/fabiocar/install/vesc_driver/share/vesc_driver/environment/ament_prefix_path.sh
[17.617s] -- Symlinking: /home/fabiocar/fabiocar/install/vesc_driver/share/vesc_driver/environment/ament_prefix_path.dsv
[17.634s] -- Symlinking: /home/fabiocar/fabiocar/install/vesc_driver/share/vesc_driver/environment/path.sh
[17.651s] -- Symlinking: /home/fabiocar/fabiocar/install/vesc_driver/share/vesc_driver/environment/path.dsv
[17.666s] -- Symlinking: /home/fabiocar/fabiocar/install/vesc_driver/share/vesc_driver/local_setup.bash
[17.680s] -- Symlinking: /home/fabiocar/fabiocar/install/vesc_driver/share/vesc_driver/local_setup.sh
[17.695s] -- Symlinking: /home/fabiocar/fabiocar/install/vesc_driver/share/vesc_driver/local_setup.zsh
[17.714s] -- Symlinking: /home/fabiocar/fabiocar/install/vesc_driver/share/vesc_driver/local_setup.dsv
[17.729s] -- Symlinking: /home/fabiocar/fabiocar/install/vesc_driver/share/vesc_driver/package.dsv
[17.743s] -- Symlinking: /home/fabiocar/fabiocar/install/vesc_driver/share/ament_index/resource_index/packages/vesc_driver
[17.761s] -- Symlinking: /home/fabiocar/fabiocar/install/vesc_driver/share/ament_index/resource_index/rclcpp_components/vesc_driver
[17.776s] -- Symlinking: /home/fabiocar/fabiocar/install/vesc_driver/share/vesc_driver/cmake/ament_cmake_export_dependencies-extras.cmake
[17.793s] -- Symlinking: /home/fabiocar/fabiocar/install/vesc_driver/share/vesc_driver/cmake/ament_cmake_export_include_directories-extras.cmake
[17.809s] -- Symlinking: /home/fabiocar/fabiocar/install/vesc_driver/share/vesc_driver/cmake/ament_cmake_export_libraries-extras.cmake
[17.825s] -- Symlinking: /home/fabiocar/fabiocar/install/vesc_driver/share/vesc_driver/cmake/vesc_driverConfig.cmake
[17.840s] -- Symlinking: /home/fabiocar/fabiocar/install/vesc_driver/share/vesc_driver/cmake/vesc_driverConfig-version.cmake
[17.856s] -- Symlinking: /home/fabiocar/fabiocar/install/vesc_driver/share/vesc_driver/package.xml
[17.878s] Invoked command in '/home/fabiocar/fabiocar/build/vesc_driver' returned '0': AMENT_PREFIX_PATH=/home/fabiocar/fabiocar/install/vesc_msgs:${AMENT_PREFIX_PATH} CMAKE_PREFIX_PATH=/home/fabiocar/fabiocar/install/vesc_msgs:/home/fabiocar/roboracer_ws/install/vesc:/home/fabiocar/roboracer_ws/install/vesc_driver:/home/fabiocar/roboracer_ws/install/vesc_ackermann:/home/fabiocar/roboracer_ws/install/vesc_msgs:/home/fabiocar/roboracer_ws/install/ackermann_mux:/home/fabiocar/roboracer_ws/install/f1tenth_stack:/home/fabiocar/roboracer_ws/install/mpc_controller:/home/fabiocar/roboracer_ws/install/llm_mpc_tuner:/opt/ros/humble LD_LIBRARY_PATH=/home/fabiocar/fabiocar/install/vesc_msgs/lib:${LD_LIBRARY_PATH} PYTHONPATH=/home/fabiocar/fabiocar/install/vesc_msgs/local/lib/python3.10/dist-packages:${PYTHONPATH} /usr/bin/cmake --install /home/fabiocar/fabiocar/build/vesc_driver
