running develop
running egg_info
writing f1tenth_stack.egg-info/PKG-INFO
writing dependency_links to f1tenth_stack.egg-info/dependency_links.txt
writing entry points to f1tenth_stack.egg-info/entry_points.txt
writing requirements to f1tenth_stack.egg-info/requires.txt
writing top-level names to f1tenth_stack.egg-info/top_level.txt
reading manifest file 'f1tenth_stack.egg-info/SOURCES.txt'
writing manifest file 'f1tenth_stack.egg-info/SOURCES.txt'
running build_ext
Creating /home/fabiocar/fabiocar/install/f1tenth_stack/lib/python3.10/site-packages/f1tenth-stack.egg-link (link to .)
Installing tf_publisher script to /home/fabiocar/fabiocar/install/f1tenth_stack/lib/f1tenth_stack
Installing throttle_interpolator script to /home/fabiocar/fabiocar/install/f1tenth_stack/lib/f1tenth_stack

Installed /home/fabiocar/fabiocar/build/f1tenth_stack
running symlink_data
symbolically linking /home/fabiocar/fabiocar/build/f1tenth_stack/resource/f1tenth_stack -> /home/fabiocar/fabiocar/install/f1tenth_stack/share/ament_index/resource_index/packages
symbolically linking /home/fabiocar/fabiocar/build/f1tenth_stack/package.xml -> /home/fabiocar/fabiocar/install/f1tenth_stack/share/f1tenth_stack
symbolically linking /home/fabiocar/fabiocar/build/f1tenth_stack/launch/bringup_launch.py -> /home/fabiocar/fabiocar/install/f1tenth_stack/share/f1tenth_stack/launch
symbolically linking /home/fabiocar/fabiocar/build/f1tenth_stack/config/joy_teleop.yaml -> /home/fabiocar/fabiocar/install/f1tenth_stack/share/f1tenth_stack/config
symbolically linking /home/fabiocar/fabiocar/build/f1tenth_stack/config/f1tenth_online_async.yaml -> /home/fabiocar/fabiocar/install/f1tenth_stack/share/f1tenth_stack/config
symbolically linking /home/fabiocar/fabiocar/build/f1tenth_stack/config/vesc.yaml -> /home/fabiocar/fabiocar/install/f1tenth_stack/share/f1tenth_stack/config
symbolically linking /home/fabiocar/fabiocar/build/f1tenth_stack/config/sensors.yaml -> /home/fabiocar/fabiocar/install/f1tenth_stack/share/f1tenth_stack/config
symbolically linking /home/fabiocar/fabiocar/build/f1tenth_stack/config/mux.yaml -> /home/fabiocar/fabiocar/install/f1tenth_stack/share/f1tenth_stack/config
