[1.146s] Invoking command in '/home/fabiocar/fabiocar/build/f1tenth_stack': AMENT_PREFIX_PATH=/home/fabiocar/fabiocar/install/vesc:/home/fabiocar/fabiocar/install/vesc_driver:/home/fabiocar/fabiocar/install/vesc_ackermann:/home/fabiocar/fabiocar/install/vesc_msgs:/home/fabiocar/fabiocar/install/ackermann_mux:${AMENT_PREFIX_PATH} CMAKE_PREFIX_PATH=/home/fabiocar/fabiocar/install/vesc:/home/fabiocar/fabiocar/install/vesc_driver:/home/fabiocar/fabiocar/install/vesc_ackermann:/home/fabiocar/fabiocar/install/vesc_msgs:/home/fabiocar/fabiocar/install/ackermann_mux:${CMAKE_PREFIX_PATH} LD_LIBRARY_PATH=/home/fabiocar/fabiocar/install/vesc_driver/lib:/home/fabiocar/fabiocar/install/vesc_ackermann/lib:/home/fabiocar/fabiocar/install/vesc_msgs/lib:${LD_LIBRARY_PATH} PYTHONPATH=/home/fabiocar/fabiocar/build/f1tenth_stack/prefix_override:/usr/lib/python3/dist-packages/colcon_core/task/python/colcon_distutils_commands:/home/fabiocar/fabiocar/install/f1tenth_stack/lib/python3.10/site-packages:/home/fabiocar/fabiocar/install/vesc_msgs/local/lib/python3.10/dist-packages:${PYTHONPATH} /usr/bin/python3 -W ignore:setup.py install is deprecated -W ignore:easy_install command is deprecated setup.py develop --editable --build-directory /home/fabiocar/fabiocar/build/f1tenth_stack/build --no-deps symlink_data --force
[1.619s] running develop
[1.931s] running egg_info
[1.954s] writing f1tenth_stack.egg-info/PKG-INFO
[1.954s] writing dependency_links to f1tenth_stack.egg-info/dependency_links.txt
[1.955s] writing entry points to f1tenth_stack.egg-info/entry_points.txt
[1.955s] writing requirements to f1tenth_stack.egg-info/requires.txt
[1.955s] writing top-level names to f1tenth_stack.egg-info/top_level.txt
[2.003s] reading manifest file 'f1tenth_stack.egg-info/SOURCES.txt'
[2.005s] writing manifest file 'f1tenth_stack.egg-info/SOURCES.txt'
[2.029s] running build_ext
[2.029s] Creating /home/fabiocar/fabiocar/install/f1tenth_stack/lib/python3.10/site-packages/f1tenth-stack.egg-link (link to .)
[2.030s] Installing tf_publisher script to /home/fabiocar/fabiocar/install/f1tenth_stack/lib/f1tenth_stack
[2.031s] Installing throttle_interpolator script to /home/fabiocar/fabiocar/install/f1tenth_stack/lib/f1tenth_stack
[2.031s] 
[2.031s] Installed /home/fabiocar/fabiocar/build/f1tenth_stack
[2.031s] running symlink_data
[2.031s] symbolically linking /home/fabiocar/fabiocar/build/f1tenth_stack/resource/f1tenth_stack -> /home/fabiocar/fabiocar/install/f1tenth_stack/share/ament_index/resource_index/packages
[2.032s] symbolically linking /home/fabiocar/fabiocar/build/f1tenth_stack/package.xml -> /home/fabiocar/fabiocar/install/f1tenth_stack/share/f1tenth_stack
[2.032s] symbolically linking /home/fabiocar/fabiocar/build/f1tenth_stack/launch/bringup_launch.py -> /home/fabiocar/fabiocar/install/f1tenth_stack/share/f1tenth_stack/launch
[2.032s] symbolically linking /home/fabiocar/fabiocar/build/f1tenth_stack/config/joy_teleop.yaml -> /home/fabiocar/fabiocar/install/f1tenth_stack/share/f1tenth_stack/config
[2.033s] symbolically linking /home/fabiocar/fabiocar/build/f1tenth_stack/config/f1tenth_online_async.yaml -> /home/fabiocar/fabiocar/install/f1tenth_stack/share/f1tenth_stack/config
[2.033s] symbolically linking /home/fabiocar/fabiocar/build/f1tenth_stack/config/vesc.yaml -> /home/fabiocar/fabiocar/install/f1tenth_stack/share/f1tenth_stack/config
[2.033s] symbolically linking /home/fabiocar/fabiocar/build/f1tenth_stack/config/sensors.yaml -> /home/fabiocar/fabiocar/install/f1tenth_stack/share/f1tenth_stack/config
[2.033s] symbolically linking /home/fabiocar/fabiocar/build/f1tenth_stack/config/mux.yaml -> /home/fabiocar/fabiocar/install/f1tenth_stack/share/f1tenth_stack/config
[2.094s] Invoked command in '/home/fabiocar/fabiocar/build/f1tenth_stack' returned '0': AMENT_PREFIX_PATH=/home/fabiocar/fabiocar/install/vesc:/home/fabiocar/fabiocar/install/vesc_driver:/home/fabiocar/fabiocar/install/vesc_ackermann:/home/fabiocar/fabiocar/install/vesc_msgs:/home/fabiocar/fabiocar/install/ackermann_mux:${AMENT_PREFIX_PATH} CMAKE_PREFIX_PATH=/home/fabiocar/fabiocar/install/vesc:/home/fabiocar/fabiocar/install/vesc_driver:/home/fabiocar/fabiocar/install/vesc_ackermann:/home/fabiocar/fabiocar/install/vesc_msgs:/home/fabiocar/fabiocar/install/ackermann_mux:${CMAKE_PREFIX_PATH} LD_LIBRARY_PATH=/home/fabiocar/fabiocar/install/vesc_driver/lib:/home/fabiocar/fabiocar/install/vesc_ackermann/lib:/home/fabiocar/fabiocar/install/vesc_msgs/lib:${LD_LIBRARY_PATH} PYTHONPATH=/home/fabiocar/fabiocar/build/f1tenth_stack/prefix_override:/usr/lib/python3/dist-packages/colcon_core/task/python/colcon_distutils_commands:/home/fabiocar/fabiocar/install/f1tenth_stack/lib/python3.10/site-packages:/home/fabiocar/fabiocar/install/vesc_msgs/local/lib/python3.10/dist-packages:${PYTHONPATH} /usr/bin/python3 -W ignore:setup.py install is deprecated -W ignore:easy_install command is deprecated setup.py develop --editable --build-directory /home/fabiocar/fabiocar/build/f1tenth_stack/build --no-deps symlink_data --force
