[2.232s] Invoking command in '/home/fabiocar/fabiocar/build/mpc_controller': PYTHONPATH=/home/fabiocar/fabiocar/build/mpc_controller/prefix_override:/usr/lib/python3/dist-packages/colcon_core/task/python/colcon_distutils_commands:/home/fabiocar/fabiocar/install/mpc_controller/lib/python3.10/site-packages:${PYTHONPATH} /usr/bin/python3 -W ignore:setup.py install is deprecated -W ignore:easy_install command is deprecated setup.py develop --editable --build-directory /home/fabiocar/fabiocar/build/mpc_controller/build --no-deps symlink_data
[2.739s] running develop
[3.066s] running egg_info
[3.089s] creating mpc_controller.egg-info
[3.090s] writing mpc_controller.egg-info/PKG-INFO
[3.091s] writing dependency_links to mpc_controller.egg-info/dependency_links.txt
[3.092s] writing entry points to mpc_controller.egg-info/entry_points.txt
[3.092s] writing requirements to mpc_controller.egg-info/requires.txt
[3.092s] writing top-level names to mpc_controller.egg-info/top_level.txt
[3.093s] writing manifest file 'mpc_controller.egg-info/SOURCES.txt'
[3.147s] reading manifest file 'mpc_controller.egg-info/SOURCES.txt'
[3.150s] writing manifest file 'mpc_controller.egg-info/SOURCES.txt'
[3.176s] running build_ext
[3.177s] Creating /home/fabiocar/fabiocar/install/mpc_controller/lib/python3.10/site-packages/mpc-controller.egg-link (link to .)
[3.178s] Installing frenet_mpc_node script to /home/fabiocar/fabiocar/install/mpc_controller/lib/mpc_controller
[3.179s] Installing kinematic_mpc_node script to /home/fabiocar/fabiocar/install/mpc_controller/lib/mpc_controller
[3.179s] Installing mpc_node script to /home/fabiocar/fabiocar/install/mpc_controller/lib/mpc_controller
[3.180s] Installing trajectory_mpc_node script to /home/fabiocar/fabiocar/install/mpc_controller/lib/mpc_controller
[3.181s] 
[3.181s] Installed /home/fabiocar/fabiocar/build/mpc_controller
[3.181s] running symlink_data
[3.181s] creating /home/fabiocar/fabiocar/install/mpc_controller/share/ament_index/resource_index/packages
[3.182s] symbolically linking /home/fabiocar/fabiocar/build/mpc_controller/resource/mpc_controller -> /home/fabiocar/fabiocar/install/mpc_controller/share/ament_index/resource_index/packages
[3.183s] symbolically linking /home/fabiocar/fabiocar/build/mpc_controller/package.xml -> /home/fabiocar/fabiocar/install/mpc_controller/share/mpc_controller
[3.312s] Invoked command in '/home/fabiocar/fabiocar/build/mpc_controller' returned '0': PYTHONPATH=/home/fabiocar/fabiocar/build/mpc_controller/prefix_override:/usr/lib/python3/dist-packages/colcon_core/task/python/colcon_distutils_commands:/home/fabiocar/fabiocar/install/mpc_controller/lib/python3.10/site-packages:${PYTHONPATH} /usr/bin/python3 -W ignore:setup.py install is deprecated -W ignore:easy_install command is deprecated setup.py develop --editable --build-directory /home/fabiocar/fabiocar/build/mpc_controller/build --no-deps symlink_data
