/home/fabiocar/.local/lib/python3.10/site-packages/setuptools/dist.py:599: SetuptoolsDeprecationWarning: Invalid dash-separated key 'script-dir' in 'develop' (setup.cfg), please use the underscore name 'script_dir' instead.
!!

        ********************************************************************************
        Usage of dash-separated 'script-dir' will not be supported in future
        versions. Please use the underscore name 'script_dir' instead.

        This deprecation is overdue, please update your project and remove deprecated
        calls to avoid build errors in the future.

        See https://setuptools.pypa.io/en/latest/userguide/declarative_config.html for details.
        ********************************************************************************

!!
  opt = self._enforce_underscore(opt, section)
/home/fabiocar/.local/lib/python3.10/site-packages/setuptools/_distutils/dist.py:289: UserWarning: Unknown distribution option: 'tests_require'
  warnings.warn(msg)
/home/fabiocar/.local/lib/python3.10/site-packages/setuptools/dist.py:599: SetuptoolsDeprecationWarning: Invalid dash-separated key 'script-dir' in 'develop' (setup.cfg), please use the underscore name 'script_dir' instead.
!!

        ********************************************************************************
        Usage of dash-separated 'script-dir' will not be supported in future
        versions. Please use the underscore name 'script_dir' instead.
        (Affected: mouse_teleop).

        This deprecation is overdue, please update your project and remove deprecated
        calls to avoid build errors in the future.

        See https://setuptools.pypa.io/en/latest/userguide/declarative_config.html for details.
        ********************************************************************************

!!
  opt = self._enforce_underscore(opt, section)
/home/fabiocar/.local/lib/python3.10/site-packages/setuptools/dist.py:759: SetuptoolsDeprecationWarning: License classifiers are deprecated.
!!

        ********************************************************************************
        Please consider removing the following classifiers in favor of a SPDX license expression:

        License :: OSI Approved :: BSD

        See https://packaging.python.org/en/latest/guides/writing-pyproject-toml/#license for details.
        ********************************************************************************

!!
  self._finalize_license_expression()
running develop
running egg_info
creating mouse_teleop.egg-info
writing mouse_teleop.egg-info/PKG-INFO
writing dependency_links to mouse_teleop.egg-info/dependency_links.txt
writing entry points to mouse_teleop.egg-info/entry_points.txt
writing requirements to mouse_teleop.egg-info/requires.txt
writing top-level names to mouse_teleop.egg-info/top_level.txt
writing manifest file 'mouse_teleop.egg-info/SOURCES.txt'
reading manifest file 'mouse_teleop.egg-info/SOURCES.txt'
writing manifest file 'mouse_teleop.egg-info/SOURCES.txt'
running build_ext
Creating /home/fabiocar/fabiocar/install/mouse_teleop/lib/python3.10/site-packages/mouse-teleop.egg-link (link to .)
Installing mouse_teleop script to /home/fabiocar/fabiocar/install/mouse_teleop/lib/mouse_teleop

Installed /home/fabiocar/fabiocar/build/mouse_teleop
running symlink_data
symbolically linking /home/fabiocar/fabiocar/build/mouse_teleop/package.xml -> /home/fabiocar/fabiocar/install/mouse_teleop/share/mouse_teleop
creating /home/fabiocar/fabiocar/install/mouse_teleop/share/mouse_teleop/config
symbolically linking /home/fabiocar/fabiocar/build/mouse_teleop/config/mouse_teleop.yaml -> /home/fabiocar/fabiocar/install/mouse_teleop/share/mouse_teleop/config
creating /home/fabiocar/fabiocar/install/mouse_teleop/share/mouse_teleop/launch
symbolically linking /home/fabiocar/fabiocar/build/mouse_teleop/launch/mouse_teleop.launch.py -> /home/fabiocar/fabiocar/install/mouse_teleop/share/mouse_teleop/launch
creating /home/fabiocar/fabiocar/install/mouse_teleop/share/ament_index/resource_index/packages
symbolically linking /home/fabiocar/fabiocar/build/mouse_teleop/resource/mouse_teleop -> /home/fabiocar/fabiocar/install/mouse_teleop/share/ament_index/resource_index/packages
