[2.243s] Invoking command in '/home/fabiocar/fabiocar/build/mouse_teleop': PYTHONPATH=/home/fabiocar/fabiocar/build/mouse_teleop/prefix_override:/usr/lib/python3/dist-packages/colcon_core/task/python/colcon_distutils_commands:/home/fabiocar/fabiocar/install/mouse_teleop/lib/python3.10/site-packages:${PYTHONPATH} /usr/bin/python3 -W ignore:setup.py install is deprecated -W ignore:easy_install command is deprecated setup.py develop --editable --build-directory /home/fabiocar/fabiocar/build/mouse_teleop/build --no-deps symlink_data
[2.467s] /home/fabiocar/.local/lib/python3.10/site-packages/setuptools/dist.py:599: SetuptoolsDeprecationWarning: Invalid dash-separated key 'script-dir' in 'develop' (setup.cfg), please use the underscore name 'script_dir' instead.
[2.467s] !!
[2.467s] 
[2.467s]         ********************************************************************************
[2.467s]         Usage of dash-separated 'script-dir' will not be supported in future
[2.468s]         versions. Please use the underscore name 'script_dir' instead.
[2.468s] 
[2.468s]         This deprecation is overdue, please update your project and remove deprecated
[2.468s]         calls to avoid build errors in the future.
[2.468s] 
[2.468s]         See https://setuptools.pypa.io/en/latest/userguide/declarative_config.html for details.
[2.468s]         ********************************************************************************
[2.468s] 
[2.468s] !!
[2.468s]   opt = self._enforce_underscore(opt, section)
[2.491s] /home/fabiocar/.local/lib/python3.10/site-packages/setuptools/_distutils/dist.py:289: UserWarning: Unknown distribution option: 'tests_require'
[2.491s]   warnings.warn(msg)
[2.542s] /home/fabiocar/.local/lib/python3.10/site-packages/setuptools/dist.py:599: SetuptoolsDeprecationWarning: Invalid dash-separated key 'script-dir' in 'develop' (setup.cfg), please use the underscore name 'script_dir' instead.
[2.542s] !!
[2.542s] 
[2.542s]         ********************************************************************************
[2.542s]         Usage of dash-separated 'script-dir' will not be supported in future
[2.542s]         versions. Please use the underscore name 'script_dir' instead.
[2.542s]         (Affected: mouse_teleop).
[2.542s] 
[2.542s]         This deprecation is overdue, please update your project and remove deprecated
[2.542s]         calls to avoid build errors in the future.
[2.543s] 
[2.543s]         See https://setuptools.pypa.io/en/latest/userguide/declarative_config.html for details.
[2.543s]         ********************************************************************************
[2.543s] 
[2.543s] !!
[2.543s]   opt = self._enforce_underscore(opt, section)
[2.543s] /home/fabiocar/.local/lib/python3.10/site-packages/setuptools/dist.py:759: SetuptoolsDeprecationWarning: License classifiers are deprecated.
[2.543s] !!
[2.543s] 
[2.543s]         ********************************************************************************
[2.543s]         Please consider removing the following classifiers in favor of a SPDX license expression:
[2.544s] 
[2.544s]         License :: OSI Approved :: BSD
[2.544s] 
[2.544s]         See https://packaging.python.org/en/latest/guides/writing-pyproject-toml/#license for details.
[2.544s]         ********************************************************************************
[2.544s] 
[2.544s] !!
[2.544s]   self._finalize_license_expression()
[2.753s] running develop
[3.077s] running egg_info
[3.100s] creating mouse_teleop.egg-info
[3.100s] writing mouse_teleop.egg-info/PKG-INFO
[3.101s] writing dependency_links to mouse_teleop.egg-info/dependency_links.txt
[3.102s] writing entry points to mouse_teleop.egg-info/entry_points.txt
[3.102s] writing requirements to mouse_teleop.egg-info/requires.txt
[3.102s] writing top-level names to mouse_teleop.egg-info/top_level.txt
[3.103s] writing manifest file 'mouse_teleop.egg-info/SOURCES.txt'
[3.154s] reading manifest file 'mouse_teleop.egg-info/SOURCES.txt'
[3.156s] writing manifest file 'mouse_teleop.egg-info/SOURCES.txt'
[3.183s] running build_ext
[3.183s] Creating /home/fabiocar/fabiocar/install/mouse_teleop/lib/python3.10/site-packages/mouse-teleop.egg-link (link to .)
[3.184s] Installing mouse_teleop script to /home/fabiocar/fabiocar/install/mouse_teleop/lib/mouse_teleop
[3.185s] 
[3.185s] Installed /home/fabiocar/fabiocar/build/mouse_teleop
[3.186s] running symlink_data
[3.186s] symbolically linking /home/fabiocar/fabiocar/build/mouse_teleop/package.xml -> /home/fabiocar/fabiocar/install/mouse_teleop/share/mouse_teleop
[3.186s] creating /home/fabiocar/fabiocar/install/mouse_teleop/share/mouse_teleop/config
[3.187s] symbolically linking /home/fabiocar/fabiocar/build/mouse_teleop/config/mouse_teleop.yaml -> /home/fabiocar/fabiocar/install/mouse_teleop/share/mouse_teleop/config
[3.187s] creating /home/fabiocar/fabiocar/install/mouse_teleop/share/mouse_teleop/launch
[3.187s] symbolically linking /home/fabiocar/fabiocar/build/mouse_teleop/launch/mouse_teleop.launch.py -> /home/fabiocar/fabiocar/install/mouse_teleop/share/mouse_teleop/launch
[3.187s] creating /home/fabiocar/fabiocar/install/mouse_teleop/share/ament_index/resource_index/packages
[3.187s] symbolically linking /home/fabiocar/fabiocar/build/mouse_teleop/resource/mouse_teleop -> /home/fabiocar/fabiocar/install/mouse_teleop/share/ament_index/resource_index/packages
[3.286s] Invoked command in '/home/fabiocar/fabiocar/build/mouse_teleop' returned '0': PYTHONPATH=/home/fabiocar/fabiocar/build/mouse_teleop/prefix_override:/usr/lib/python3/dist-packages/colcon_core/task/python/colcon_distutils_commands:/home/fabiocar/fabiocar/install/mouse_teleop/lib/python3.10/site-packages:${PYTHONPATH} /usr/bin/python3 -W ignore:setup.py install is deprecated -W ignore:easy_install command is deprecated setup.py develop --editable --build-directory /home/fabiocar/fabiocar/build/mouse_teleop/build --no-deps symlink_data
