[0.032s] Invoking command in '/home/fabiocar/fabiocar/build/ackermann_mux': CMAKE_PREFIX_PATH=/home/fabiocar/roboracer_ws/install/f1tenth_stack:/home/fabiocar/roboracer_ws/install/vesc:/home/fabiocar/roboracer_ws/install/vesc_driver:/home/fabiocar/roboracer_ws/install/vesc_ackermann:/home/fabiocar/roboracer_ws/install/vesc_msgs:/home/fabiocar/roboracer_ws/install/mpc_controller:/home/fabiocar/roboracer_ws/install/llm_mpc_tuner:/home/fabiocar/roboracer_ws/install/ackermann_mux:/opt/ros/humble /usr/bin/cmake /home/fabiocar/fabiocar/src/f1tenth_system/ackermann_mux -DCMAKE_INSTALL_PREFIX=/home/fabiocar/fabiocar/install/ackermann_mux
[0.357s] -- Found ament_cmake: 1.3.14 (/opt/ros/humble/share/ament_cmake/cmake)
[0.357s] -- Override CMake install command with custom implementation using symlinks instead of copying resources
[0.357s] -- Found rclcpp: 16.0.19 (/opt/ros/humble/share/rclcpp/cmake)
[0.357s] -- Found rosidl_generator_c: 3.1.8 (/opt/ros/humble/share/rosidl_generator_c/cmake)
[0.358s] -- Found rosidl_adapter: 3.1.8 (/opt/ros/humble/share/rosidl_adapter/cmake)
[0.361s] -- Found rosidl_generator_cpp: 3.1.8 (/opt/ros/humble/share/rosidl_generator_cpp/cmake)
[0.375s] -- Using all available rosidl_typesupport_c: rosidl_typesupport_fastrtps_c;rosidl_typesupport_introspection_c
[0.391s] -- Using all available rosidl_typesupport_cpp: rosidl_typesupport_fastrtps_cpp;rosidl_typesupport_introspection_cpp
[0.433s] -- Found rmw_implementation_cmake: 6.1.2 (/opt/ros/humble/share/rmw_implementation_cmake/cmake)
[0.434s] -- Found rmw_fastrtps_cpp: 6.2.10 (/opt/ros/humble/share/rmw_fastrtps_cpp/cmake)
[0.570s] -- Using RMW implementation 'rmw_fastrtps_cpp' as default
[0.634s] -- Found ackermann_msgs: 2.0.2 (/opt/ros/humble/share/ackermann_msgs/cmake)
[0.649s] -- Found diagnostic_updater: 4.0.6 (/opt/ros/humble/share/diagnostic_updater/cmake)
[0.673s] -- Found ament_lint_auto: 0.12.15 (/opt/ros/humble/share/ament_lint_auto/cmake)
[0.799s] -- Found python_cmake_module: 0.10.0 (/opt/ros/humble/share/python_cmake_module/cmake)
[0.839s] -- Using PYTHON_EXECUTABLE: /usr/bin/python3
[0.839s] -- Using PYTHON_INCLUDE_DIRS: /usr/include/python3.10
[0.839s] -- Using PYTHON_LIBRARIES: /usr/lib/aarch64-linux-gnu/libpython3.10.so
[0.861s] -- Added test 'xmllint' to check XML markup files
[0.862s] -- Added test 'copyright' to check source files copyright and LICENSE
[0.867s] -- Added test 'cppcheck' to perform static code analysis on C / C++ code
[0.867s] -- Configured cppcheck include dirs: /home/fabiocar/fabiocar/src/f1tenth_system/ackermann_mux/include
[0.868s] -- Configured cppcheck exclude dirs and/or files: 
[0.873s] -- Added test 'cpplint' to check C / C++ code against the Google style
[0.873s] -- Configured cpplint exclude dirs and/or files: 
[0.874s] -- Added test 'flake8' to check Python code syntax and style conventions
[0.876s] -- Added test 'lint_cmake' to check CMake code style
[0.877s] -- Added test 'pep257' to check Python code against some of the docstring style conventions in PEP 257
[0.882s] -- Added test 'uncrustify' to check C / C++ code style
[0.882s] -- Configured uncrustify additional arguments: 
[0.885s] -- Configuring done
[0.902s] -- Generating done
[0.908s] -- Build files have been written to: /home/fabiocar/fabiocar/build/ackermann_mux
[0.922s] Invoked command in '/home/fabiocar/fabiocar/build/ackermann_mux' returned '0': CMAKE_PREFIX_PATH=/home/fabiocar/roboracer_ws/install/f1tenth_stack:/home/fabiocar/roboracer_ws/install/vesc:/home/fabiocar/roboracer_ws/install/vesc_driver:/home/fabiocar/roboracer_ws/install/vesc_ackermann:/home/fabiocar/roboracer_ws/install/vesc_msgs:/home/fabiocar/roboracer_ws/install/mpc_controller:/home/fabiocar/roboracer_ws/install/llm_mpc_tuner:/home/fabiocar/roboracer_ws/install/ackermann_mux:/opt/ros/humble /usr/bin/cmake /home/fabiocar/fabiocar/src/f1tenth_system/ackermann_mux -DCMAKE_INSTALL_PREFIX=/home/fabiocar/fabiocar/install/ackermann_mux
[0.925s] Invoking command in '/home/fabiocar/fabiocar/build/ackermann_mux': CMAKE_PREFIX_PATH=/home/fabiocar/roboracer_ws/install/f1tenth_stack:/home/fabiocar/roboracer_ws/install/vesc:/home/fabiocar/roboracer_ws/install/vesc_driver:/home/fabiocar/roboracer_ws/install/vesc_ackermann:/home/fabiocar/roboracer_ws/install/vesc_msgs:/home/fabiocar/roboracer_ws/install/mpc_controller:/home/fabiocar/roboracer_ws/install/llm_mpc_tuner:/home/fabiocar/roboracer_ws/install/ackermann_mux:/opt/ros/humble /usr/bin/cmake --build /home/fabiocar/fabiocar/build/ackermann_mux -- -j12 -l12
[0.989s] [35m[1mConsolidate compiler generated dependencies of target ackermann_mux[0m
[1.027s] [ 50%] [32mBuilding CXX object CMakeFiles/ackermann_mux.dir/src/ackermann_mux_node.cpp.o[0m
[1.027s] [ 50%] [32mBuilding CXX object CMakeFiles/ackermann_mux.dir/src/ackermann_mux.cpp.o[0m
[1.028s] [ 75%] [32mBuilding CXX object CMakeFiles/ackermann_mux.dir/src/ackermann_mux_diagnostics.cpp.o[0m
[20.330s] [100%] [32m[1mLinking CXX executable ackermann_mux[0m
[21.297s] [100%] Built target ackermann_mux
[21.317s] Invoked command in '/home/fabiocar/fabiocar/build/ackermann_mux' returned '0': CMAKE_PREFIX_PATH=/home/fabiocar/roboracer_ws/install/f1tenth_stack:/home/fabiocar/roboracer_ws/install/vesc:/home/fabiocar/roboracer_ws/install/vesc_driver:/home/fabiocar/roboracer_ws/install/vesc_ackermann:/home/fabiocar/roboracer_ws/install/vesc_msgs:/home/fabiocar/roboracer_ws/install/mpc_controller:/home/fabiocar/roboracer_ws/install/llm_mpc_tuner:/home/fabiocar/roboracer_ws/install/ackermann_mux:/opt/ros/humble /usr/bin/cmake --build /home/fabiocar/fabiocar/build/ackermann_mux -- -j12 -l12
[21.321s] Invoking command in '/home/fabiocar/fabiocar/build/ackermann_mux': CMAKE_PREFIX_PATH=/home/fabiocar/roboracer_ws/install/f1tenth_stack:/home/fabiocar/roboracer_ws/install/vesc:/home/fabiocar/roboracer_ws/install/vesc_driver:/home/fabiocar/roboracer_ws/install/vesc_ackermann:/home/fabiocar/roboracer_ws/install/vesc_msgs:/home/fabiocar/roboracer_ws/install/mpc_controller:/home/fabiocar/roboracer_ws/install/llm_mpc_tuner:/home/fabiocar/roboracer_ws/install/ackermann_mux:/opt/ros/humble /usr/bin/cmake --install /home/fabiocar/fabiocar/build/ackermann_mux
[21.334s] -- Install configuration: ""
[21.334s] -- Execute custom install script
[21.335s] -- Symlinking: /home/fabiocar/fabiocar/install/ackermann_mux/lib/ackermann_mux/ackermann_mux
[21.350s] -- Symlinking: /home/fabiocar/fabiocar/install/ackermann_mux/share/ackermann_mux/launch/ackermann_mux_launch.py
[21.365s] -- Symlinking: /home/fabiocar/fabiocar/install/ackermann_mux/share/ackermann_mux/config/ackermann_mux_locks.yaml
[21.380s] -- Symlinking: /home/fabiocar/fabiocar/install/ackermann_mux/share/ackermann_mux/config/ackermann_mux_topics.yaml
[21.394s] -- Symlinking: /home/fabiocar/fabiocar/install/ackermann_mux/share/ackermann_mux/config/joystick.yaml
[21.411s] -- Symlinking: /home/fabiocar/fabiocar/install/ackermann_mux/include/ackermann_mux/ackermann_mux.hpp
[21.426s] -- Symlinking: /home/fabiocar/fabiocar/install/ackermann_mux/include/ackermann_mux/ackermann_mux_diagnostics.hpp
[21.441s] -- Symlinking: /home/fabiocar/fabiocar/install/ackermann_mux/include/ackermann_mux/ackermann_mux_diagnostics_status.hpp
[21.454s] -- Symlinking: /home/fabiocar/fabiocar/install/ackermann_mux/include/ackermann_mux/params_helpers.hpp
[21.468s] -- Symlinking: /home/fabiocar/fabiocar/install/ackermann_mux/include/ackermann_mux/topic_handle.hpp
[21.480s] -- Symlinking: /home/fabiocar/fabiocar/install/ackermann_mux/include/ackermann_mux/utils.hpp
[21.495s] -- Symlinking: /home/fabiocar/fabiocar/install/ackermann_mux/share/ament_index/resource_index/package_run_dependencies/ackermann_mux
[21.510s] -- Symlinking: /home/fabiocar/fabiocar/install/ackermann_mux/share/ament_index/resource_index/parent_prefix_path/ackermann_mux
[21.524s] -- Symlinking: /home/fabiocar/fabiocar/install/ackermann_mux/share/ackermann_mux/environment/ament_prefix_path.sh
[21.539s] -- Symlinking: /home/fabiocar/fabiocar/install/ackermann_mux/share/ackermann_mux/environment/ament_prefix_path.dsv
[21.553s] -- Symlinking: /home/fabiocar/fabiocar/install/ackermann_mux/share/ackermann_mux/environment/path.sh
[21.565s] -- Symlinking: /home/fabiocar/fabiocar/install/ackermann_mux/share/ackermann_mux/environment/path.dsv
[21.580s] -- Symlinking: /home/fabiocar/fabiocar/install/ackermann_mux/share/ackermann_mux/local_setup.bash
[21.594s] -- Symlinking: /home/fabiocar/fabiocar/install/ackermann_mux/share/ackermann_mux/local_setup.sh
[21.608s] -- Symlinking: /home/fabiocar/fabiocar/install/ackermann_mux/share/ackermann_mux/local_setup.zsh
[21.622s] -- Symlinking: /home/fabiocar/fabiocar/install/ackermann_mux/share/ackermann_mux/local_setup.dsv
[21.636s] -- Symlinking: /home/fabiocar/fabiocar/install/ackermann_mux/share/ackermann_mux/package.dsv
[21.651s] -- Symlinking: /home/fabiocar/fabiocar/install/ackermann_mux/share/ament_index/resource_index/packages/ackermann_mux
[21.665s] -- Symlinking: /home/fabiocar/fabiocar/install/ackermann_mux/share/ackermann_mux/cmake/ament_cmake_export_include_directories-extras.cmake
[21.683s] -- Symlinking: /home/fabiocar/fabiocar/install/ackermann_mux/share/ackermann_mux/cmake/ament_cmake_export_dependencies-extras.cmake
[21.697s] -- Symlinking: /home/fabiocar/fabiocar/install/ackermann_mux/share/ackermann_mux/cmake/ackermann_muxConfig.cmake
[21.715s] -- Symlinking: /home/fabiocar/fabiocar/install/ackermann_mux/share/ackermann_mux/cmake/ackermann_muxConfig-version.cmake
[21.729s] -- Symlinking: /home/fabiocar/fabiocar/install/ackermann_mux/share/ackermann_mux/package.xml
[21.745s] Invoked command in '/home/fabiocar/fabiocar/build/ackermann_mux' returned '0': CMAKE_PREFIX_PATH=/home/fabiocar/roboracer_ws/install/f1tenth_stack:/home/fabiocar/roboracer_ws/install/vesc:/home/fabiocar/roboracer_ws/install/vesc_driver:/home/fabiocar/roboracer_ws/install/vesc_ackermann:/home/fabiocar/roboracer_ws/install/vesc_msgs:/home/fabiocar/roboracer_ws/install/mpc_controller:/home/fabiocar/roboracer_ws/install/llm_mpc_tuner:/home/fabiocar/roboracer_ws/install/ackermann_mux:/opt/ros/humble /usr/bin/cmake --install /home/fabiocar/fabiocar/build/ackermann_mux
