[1.084s] Invoking command in '/home/fabiocar/fabiocar/src/f1tenth_system/f1tenth_stack': AMENT_PREFIX_PATH=/home/fabiocar/fabiocar/install/vesc:/home/fabiocar/fabiocar/install/vesc_driver:/home/fabiocar/fabiocar/install/vesc_ackermann:/home/fabiocar/fabiocar/install/vesc_msgs:/home/fabiocar/fabiocar/install/ackermann_mux:${AMENT_PREFIX_PATH} CMAKE_PREFIX_PATH=/home/fabiocar/fabiocar/install/vesc:/home/fabiocar/fabiocar/install/vesc_driver:/home/fabiocar/fabiocar/install/vesc_ackermann:/home/fabiocar/fabiocar/install/vesc_msgs:/home/fabiocar/fabiocar/install/ackermann_mux:${CMAKE_PREFIX_PATH} LD_LIBRARY_PATH=/home/fabiocar/fabiocar/install/vesc_driver/lib:/home/fabiocar/fabiocar/install/vesc_ackermann/lib:/home/fabiocar/fabiocar/install/vesc_msgs/lib:${LD_LIBRARY_PATH} PYTHONPATH=/home/fabiocar/fabiocar/build/f1tenth_stack/prefix_override:/usr/lib/python3/dist-packages/colcon_core/task/python/colcon_distutils_commands:/home/fabiocar/fabiocar/install/f1tenth_stack/lib/python3.10/site-packages:/home/fabiocar/fabiocar/install/vesc_msgs/local/lib/python3.10/dist-packages:${PYTHONPATH} /usr/bin/python3 -W ignore:setup.py install is deprecated -W ignore:easy_install command is deprecated setup.py egg_info --egg-base ../../../build/f1tenth_stack build --build-base /home/fabiocar/fabiocar/build/f1tenth_stack/build install --record /home/fabiocar/fabiocar/build/f1tenth_stack/install.log --single-version-externally-managed install_data
[1.456s] running egg_info
[1.478s] writing ../../../build/f1tenth_stack/f1tenth_stack.egg-info/PKG-INFO
[1.479s] writing dependency_links to ../../../build/f1tenth_stack/f1tenth_stack.egg-info/dependency_links.txt
[1.479s] writing entry points to ../../../build/f1tenth_stack/f1tenth_stack.egg-info/entry_points.txt
[1.480s] writing requirements to ../../../build/f1tenth_stack/f1tenth_stack.egg-info/requires.txt
[1.480s] writing top-level names to ../../../build/f1tenth_stack/f1tenth_stack.egg-info/top_level.txt
[1.527s] reading manifest file '../../../build/f1tenth_stack/f1tenth_stack.egg-info/SOURCES.txt'
[1.529s] writing manifest file '../../../build/f1tenth_stack/f1tenth_stack.egg-info/SOURCES.txt'
[1.529s] running build
[1.530s] running build_py
[1.530s] copying f1tenth_stack/throttle_interpolator.py -> /home/fabiocar/fabiocar/build/f1tenth_stack/build/lib/f1tenth_stack
[1.530s] copying f1tenth_stack/__init__.py -> /home/fabiocar/fabiocar/build/f1tenth_stack/build/lib/f1tenth_stack
[1.531s] copying f1tenth_stack/tf_publisher.py -> /home/fabiocar/fabiocar/build/f1tenth_stack/build/lib/f1tenth_stack
[1.531s] running install
[1.537s] running install_lib
[1.560s] running install_data
[1.560s] copying resource/f1tenth_stack -> /home/fabiocar/fabiocar/install/f1tenth_stack/share/ament_index/resource_index/packages
[1.561s] copying package.xml -> /home/fabiocar/fabiocar/install/f1tenth_stack/share/f1tenth_stack
[1.561s] copying launch/bringup_launch.py -> /home/fabiocar/fabiocar/install/f1tenth_stack/share/f1tenth_stack/launch
[1.561s] copying config/joy_teleop.yaml -> /home/fabiocar/fabiocar/install/f1tenth_stack/share/f1tenth_stack/config
[1.562s] copying config/f1tenth_online_async.yaml -> /home/fabiocar/fabiocar/install/f1tenth_stack/share/f1tenth_stack/config
[1.562s] copying config/vesc.yaml -> /home/fabiocar/fabiocar/install/f1tenth_stack/share/f1tenth_stack/config
[1.562s] copying config/sensors.yaml -> /home/fabiocar/fabiocar/install/f1tenth_stack/share/f1tenth_stack/config
[1.563s] copying config/mux.yaml -> /home/fabiocar/fabiocar/install/f1tenth_stack/share/f1tenth_stack/config
[1.563s] running install_egg_info
[1.587s] removing '/home/fabiocar/fabiocar/install/f1tenth_stack/lib/python3.10/site-packages/f1tenth_stack-0.0.1-py3.10.egg-info' (and everything under it)
[1.587s] Copying ../../../build/f1tenth_stack/f1tenth_stack.egg-info to /home/fabiocar/fabiocar/install/f1tenth_stack/lib/python3.10/site-packages/f1tenth_stack-0.0.1-py3.10.egg-info
[1.589s] running install_scripts
[1.783s] Installing tf_publisher script to /home/fabiocar/fabiocar/install/f1tenth_stack/lib/f1tenth_stack
[1.783s] Installing throttle_interpolator script to /home/fabiocar/fabiocar/install/f1tenth_stack/lib/f1tenth_stack
[1.784s] writing list of installed files to '/home/fabiocar/fabiocar/build/f1tenth_stack/install.log'
[1.839s] Invoked command in '/home/fabiocar/fabiocar/src/f1tenth_system/f1tenth_stack' returned '0': AMENT_PREFIX_PATH=/home/fabiocar/fabiocar/install/vesc:/home/fabiocar/fabiocar/install/vesc_driver:/home/fabiocar/fabiocar/install/vesc_ackermann:/home/fabiocar/fabiocar/install/vesc_msgs:/home/fabiocar/fabiocar/install/ackermann_mux:${AMENT_PREFIX_PATH} CMAKE_PREFIX_PATH=/home/fabiocar/fabiocar/install/vesc:/home/fabiocar/fabiocar/install/vesc_driver:/home/fabiocar/fabiocar/install/vesc_ackermann:/home/fabiocar/fabiocar/install/vesc_msgs:/home/fabiocar/fabiocar/install/ackermann_mux:${CMAKE_PREFIX_PATH} LD_LIBRARY_PATH=/home/fabiocar/fabiocar/install/vesc_driver/lib:/home/fabiocar/fabiocar/install/vesc_ackermann/lib:/home/fabiocar/fabiocar/install/vesc_msgs/lib:${LD_LIBRARY_PATH} PYTHONPATH=/home/fabiocar/fabiocar/build/f1tenth_stack/prefix_override:/usr/lib/python3/dist-packages/colcon_core/task/python/colcon_distutils_commands:/home/fabiocar/fabiocar/install/f1tenth_stack/lib/python3.10/site-packages:/home/fabiocar/fabiocar/install/vesc_msgs/local/lib/python3.10/dist-packages:${PYTHONPATH} /usr/bin/python3 -W ignore:setup.py install is deprecated -W ignore:easy_install command is deprecated setup.py egg_info --egg-base ../../../build/f1tenth_stack build --build-base /home/fabiocar/fabiocar/build/f1tenth_stack/build install --record /home/fabiocar/fabiocar/build/f1tenth_stack/install.log --single-version-externally-managed install_data
