[0.020s] Invoking command in '/home/fabiocar/fabiocar/build/vesc': AMENT_PREFIX_PATH=/home/fabiocar/fabiocar/install/vesc_driver:/home/fabiocar/fabiocar/install/vesc_ackermann:/home/fabiocar/fabiocar/install/vesc_msgs:${AMENT_PREFIX_PATH} CMAKE_PREFIX_PATH=/home/fabiocar/fabiocar/install/vesc_driver:/home/fabiocar/fabiocar/install/vesc_ackermann:/home/fabiocar/fabiocar/install/vesc_msgs:/home/fabiocar/roboracer_ws/install/vesc:/home/fabiocar/roboracer_ws/install/vesc_driver:/home/fabiocar/roboracer_ws/install/vesc_ackermann:/home/fabiocar/roboracer_ws/install/vesc_msgs:/home/fabiocar/roboracer_ws/install/ackermann_mux:/home/fabiocar/roboracer_ws/install/f1tenth_stack:/home/fabiocar/roboracer_ws/install/mpc_controller:/home/fabiocar/roboracer_ws/install/llm_mpc_tuner:/opt/ros/humble LD_LIBRARY_PATH=/home/fabiocar/fabiocar/install/vesc_driver/lib:/home/fabiocar/fabiocar/install/vesc_ackermann/lib:/home/fabiocar/fabiocar/install/vesc_msgs/lib:${LD_LIBRARY_PATH} PYTHONPATH=/home/fabiocar/fabiocar/install/vesc_msgs/local/lib/python3.10/dist-packages:${PYTHONPATH} /usr/bin/cmake --build /home/fabiocar/fabiocar/build/vesc -- -j12 -l12
[0.077s] Invoked command in '/home/fabiocar/fabiocar/build/vesc' returned '0': AMENT_PREFIX_PATH=/home/fabiocar/fabiocar/install/vesc_driver:/home/fabiocar/fabiocar/install/vesc_ackermann:/home/fabiocar/fabiocar/install/vesc_msgs:${AMENT_PREFIX_PATH} CMAKE_PREFIX_PATH=/home/fabiocar/fabiocar/install/vesc_driver:/home/fabiocar/fabiocar/install/vesc_ackermann:/home/fabiocar/fabiocar/install/vesc_msgs:/home/fabiocar/roboracer_ws/install/vesc:/home/fabiocar/roboracer_ws/install/vesc_driver:/home/fabiocar/roboracer_ws/install/vesc_ackermann:/home/fabiocar/roboracer_ws/install/vesc_msgs:/home/fabiocar/roboracer_ws/install/ackermann_mux:/home/fabiocar/roboracer_ws/install/f1tenth_stack:/home/fabiocar/roboracer_ws/install/mpc_controller:/home/fabiocar/roboracer_ws/install/llm_mpc_tuner:/opt/ros/humble LD_LIBRARY_PATH=/home/fabiocar/fabiocar/install/vesc_driver/lib:/home/fabiocar/fabiocar/install/vesc_ackermann/lib:/home/fabiocar/fabiocar/install/vesc_msgs/lib:${LD_LIBRARY_PATH} PYTHONPATH=/home/fabiocar/fabiocar/install/vesc_msgs/local/lib/python3.10/dist-packages:${PYTHONPATH} /usr/bin/cmake --build /home/fabiocar/fabiocar/build/vesc -- -j12 -l12
[0.079s] Invoking command in '/home/fabiocar/fabiocar/build/vesc': AMENT_PREFIX_PATH=/home/fabiocar/fabiocar/install/vesc_driver:/home/fabiocar/fabiocar/install/vesc_ackermann:/home/fabiocar/fabiocar/install/vesc_msgs:${AMENT_PREFIX_PATH} CMAKE_PREFIX_PATH=/home/fabiocar/fabiocar/install/vesc_driver:/home/fabiocar/fabiocar/install/vesc_ackermann:/home/fabiocar/fabiocar/install/vesc_msgs:/home/fabiocar/roboracer_ws/install/vesc:/home/fabiocar/roboracer_ws/install/vesc_driver:/home/fabiocar/roboracer_ws/install/vesc_ackermann:/home/fabiocar/roboracer_ws/install/vesc_msgs:/home/fabiocar/roboracer_ws/install/ackermann_mux:/home/fabiocar/roboracer_ws/install/f1tenth_stack:/home/fabiocar/roboracer_ws/install/mpc_controller:/home/fabiocar/roboracer_ws/install/llm_mpc_tuner:/opt/ros/humble LD_LIBRARY_PATH=/home/fabiocar/fabiocar/install/vesc_driver/lib:/home/fabiocar/fabiocar/install/vesc_ackermann/lib:/home/fabiocar/fabiocar/install/vesc_msgs/lib:${LD_LIBRARY_PATH} PYTHONPATH=/home/fabiocar/fabiocar/install/vesc_msgs/local/lib/python3.10/dist-packages:${PYTHONPATH} /usr/bin/cmake --install /home/fabiocar/fabiocar/build/vesc
[0.094s] -- Install configuration: ""
[0.095s] -- Execute custom install script
[0.095s] -- Up-to-date symlink: /home/fabiocar/fabiocar/install/vesc/share/ament_index/resource_index/package_run_dependencies/vesc
[0.096s] -- Up-to-date symlink: /home/fabiocar/fabiocar/install/vesc/share/ament_index/resource_index/parent_prefix_path/vesc
[0.096s] -- Up-to-date symlink: /home/fabiocar/fabiocar/install/vesc/share/vesc/environment/ament_prefix_path.sh
[0.096s] -- Up-to-date symlink: /home/fabiocar/fabiocar/install/vesc/share/vesc/environment/ament_prefix_path.dsv
[0.096s] -- Up-to-date symlink: /home/fabiocar/fabiocar/install/vesc/share/vesc/environment/path.sh
[0.097s] -- Up-to-date symlink: /home/fabiocar/fabiocar/install/vesc/share/vesc/environment/path.dsv
[0.097s] -- Up-to-date symlink: /home/fabiocar/fabiocar/install/vesc/share/vesc/local_setup.bash
[0.097s] -- Up-to-date symlink: /home/fabiocar/fabiocar/install/vesc/share/vesc/local_setup.sh
[0.097s] -- Up-to-date symlink: /home/fabiocar/fabiocar/install/vesc/share/vesc/local_setup.zsh
[0.097s] -- Up-to-date symlink: /home/fabiocar/fabiocar/install/vesc/share/vesc/local_setup.dsv
[0.098s] -- Symlinking: /home/fabiocar/fabiocar/install/vesc/share/vesc/package.dsv
[0.112s] -- Up-to-date symlink: /home/fabiocar/fabiocar/install/vesc/share/ament_index/resource_index/packages/vesc
[0.112s] -- Up-to-date symlink: /home/fabiocar/fabiocar/install/vesc/share/vesc/cmake/vescConfig.cmake
[0.112s] -- Up-to-date symlink: /home/fabiocar/fabiocar/install/vesc/share/vesc/cmake/vescConfig-version.cmake
[0.113s] -- Up-to-date symlink: /home/fabiocar/fabiocar/install/vesc/share/vesc/package.xml
[0.116s] Invoked command in '/home/fabiocar/fabiocar/build/vesc' returned '0': AMENT_PREFIX_PATH=/home/fabiocar/fabiocar/install/vesc_driver:/home/fabiocar/fabiocar/install/vesc_ackermann:/home/fabiocar/fabiocar/install/vesc_msgs:${AMENT_PREFIX_PATH} CMAKE_PREFIX_PATH=/home/fabiocar/fabiocar/install/vesc_driver:/home/fabiocar/fabiocar/install/vesc_ackermann:/home/fabiocar/fabiocar/install/vesc_msgs:/home/fabiocar/roboracer_ws/install/vesc:/home/fabiocar/roboracer_ws/install/vesc_driver:/home/fabiocar/roboracer_ws/install/vesc_ackermann:/home/fabiocar/roboracer_ws/install/vesc_msgs:/home/fabiocar/roboracer_ws/install/ackermann_mux:/home/fabiocar/roboracer_ws/install/f1tenth_stack:/home/fabiocar/roboracer_ws/install/mpc_controller:/home/fabiocar/roboracer_ws/install/llm_mpc_tuner:/opt/ros/humble LD_LIBRARY_PATH=/home/fabiocar/fabiocar/install/vesc_driver/lib:/home/fabiocar/fabiocar/install/vesc_ackermann/lib:/home/fabiocar/fabiocar/install/vesc_msgs/lib:${LD_LIBRARY_PATH} PYTHONPATH=/home/fabiocar/fabiocar/install/vesc_msgs/local/lib/python3.10/dist-packages:${PYTHONPATH} /usr/bin/cmake --install /home/fabiocar/fabiocar/build/vesc
