[0.015s] Invoking command in '/home/fabiocar/fabiocar/build/vesc_driver': AMENT_PREFIX_PATH=/home/fabiocar/fabiocar/install/vesc_msgs:${AMENT_PREFIX_PATH} CMAKE_PREFIX_PATH=/home/fabiocar/fabiocar/install/vesc_msgs:/home/fabiocar/roboracer_ws/install/f1tenth_stack:/home/fabiocar/roboracer_ws/install/vesc:/home/fabiocar/roboracer_ws/install/vesc_driver:/home/fabiocar/roboracer_ws/install/vesc_ackermann:/home/fabiocar/roboracer_ws/install/vesc_msgs:/home/fabiocar/roboracer_ws/install/mpc_controller:/home/fabiocar/roboracer_ws/install/llm_mpc_tuner:/home/fabiocar/roboracer_ws/install/ackermann_mux:/opt/ros/humble LD_LIBRARY_PATH=/home/fabiocar/fabiocar/install/vesc_msgs/lib:${LD_LIBRARY_PATH} PYTHONPATH=/home/fabiocar/fabiocar/install/vesc_msgs/local/lib/python3.10/dist-packages:${PYTHONPATH} /usr/bin/cmake /home/fabiocar/fabiocar/src/f1tenth_system/vesc/vesc_driver -DCMAKE_INSTALL_PREFIX=/home/fabiocar/fabiocar/install/vesc_driver
[0.037s] -- Found ament_cmake_auto: 1.3.14 (/opt/ros/humble/share/ament_cmake_auto/cmake)
[0.237s] -- Override CMake install command with custom implementation using symlinks instead of copying resources
[0.394s] -- Found rosidl_generator_c: 3.1.8 (/opt/ros/humble/share/rosidl_generator_c/cmake)
[0.397s] -- Found rosidl_adapter: 3.1.8 (/opt/ros/humble/share/rosidl_adapter/cmake)
[0.405s] -- Found rosidl_generator_cpp: 3.1.8 (/opt/ros/humble/share/rosidl_generator_cpp/cmake)
[0.418s] -- Using all available rosidl_typesupport_c: rosidl_typesupport_fastrtps_c;rosidl_typesupport_introspection_c
[0.435s] -- Using all available rosidl_typesupport_cpp: rosidl_typesupport_fastrtps_cpp;rosidl_typesupport_introspection_cpp
[0.479s] -- Found rmw_implementation_cmake: 6.1.2 (/opt/ros/humble/share/rmw_implementation_cmake/cmake)
[0.480s] -- Found rmw_fastrtps_cpp: 6.2.10 (/opt/ros/humble/share/rmw_fastrtps_cpp/cmake)
[0.613s] -- Using RMW implementation 'rmw_fastrtps_cpp' as default
[0.768s] -- Found asio_cmake_module: 1.2.0 (/opt/ros/humble/share/asio_cmake_module/cmake)
[0.848s] -- Found ament_lint_auto: 0.12.15 (/opt/ros/humble/share/ament_lint_auto/cmake)
[0.856s] [0mIn this package, headers install destination is set to `include` by ament_auto_package. It is recommended to install `include/vesc_driver` instead and will be the default behavior of ament_auto_package from ROS 2 Kilted Kaiju. On distributions before Kilted, ament_auto_package behaves the same way when you use USE_SCOPED_HEADER_INSTALL_DIR option.[0m
[0.864s] -- Added test 'copyright' to check source files copyright and LICENSE
[0.866s] -- Added test 'cppcheck' to perform static code analysis on C / C++ code
[0.867s] -- Configured cppcheck include dirs: /home/fabiocar/fabiocar/src/f1tenth_system/vesc/vesc_driver/include
[0.867s] -- Configured cppcheck exclude dirs and/or files: 
[0.869s] -- Added test 'cpplint' to check C / C++ code against the Google style
[0.869s] -- Configured cpplint exclude dirs and/or files: 
[0.869s] -- Added test 'flake8' to check Python code syntax and style conventions
[0.871s] -- Added test 'lint_cmake' to check CMake code style
[0.871s] -- Added test 'pep257' to check Python code against some of the docstring style conventions in PEP 257
[0.873s] -- Added test 'uncrustify' to check C / C++ code style
[0.873s] -- Configured uncrustify additional arguments: 
[0.873s] -- Added test 'xmllint' to check XML markup files
[0.877s] -- Configuring done
[0.926s] -- Generating done
[0.939s] -- Build files have been written to: /home/fabiocar/fabiocar/build/vesc_driver
[0.958s] Invoked command in '/home/fabiocar/fabiocar/build/vesc_driver' returned '0': AMENT_PREFIX_PATH=/home/fabiocar/fabiocar/install/vesc_msgs:${AMENT_PREFIX_PATH} CMAKE_PREFIX_PATH=/home/fabiocar/fabiocar/install/vesc_msgs:/home/fabiocar/roboracer_ws/install/f1tenth_stack:/home/fabiocar/roboracer_ws/install/vesc:/home/fabiocar/roboracer_ws/install/vesc_driver:/home/fabiocar/roboracer_ws/install/vesc_ackermann:/home/fabiocar/roboracer_ws/install/vesc_msgs:/home/fabiocar/roboracer_ws/install/mpc_controller:/home/fabiocar/roboracer_ws/install/llm_mpc_tuner:/home/fabiocar/roboracer_ws/install/ackermann_mux:/opt/ros/humble LD_LIBRARY_PATH=/home/fabiocar/fabiocar/install/vesc_msgs/lib:${LD_LIBRARY_PATH} PYTHONPATH=/home/fabiocar/fabiocar/install/vesc_msgs/local/lib/python3.10/dist-packages:${PYTHONPATH} /usr/bin/cmake /home/fabiocar/fabiocar/src/f1tenth_system/vesc/vesc_driver -DCMAKE_INSTALL_PREFIX=/home/fabiocar/fabiocar/install/vesc_driver
[0.961s] Invoking command in '/home/fabiocar/fabiocar/build/vesc_driver': AMENT_PREFIX_PATH=/home/fabiocar/fabiocar/install/vesc_msgs:${AMENT_PREFIX_PATH} CMAKE_PREFIX_PATH=/home/fabiocar/fabiocar/install/vesc_msgs:/home/fabiocar/roboracer_ws/install/f1tenth_stack:/home/fabiocar/roboracer_ws/install/vesc:/home/fabiocar/roboracer_ws/install/vesc_driver:/home/fabiocar/roboracer_ws/install/vesc_ackermann:/home/fabiocar/roboracer_ws/install/vesc_msgs:/home/fabiocar/roboracer_ws/install/mpc_controller:/home/fabiocar/roboracer_ws/install/llm_mpc_tuner:/home/fabiocar/roboracer_ws/install/ackermann_mux:/opt/ros/humble LD_LIBRARY_PATH=/home/fabiocar/fabiocar/install/vesc_msgs/lib:${LD_LIBRARY_PATH} PYTHONPATH=/home/fabiocar/fabiocar/install/vesc_msgs/local/lib/python3.10/dist-packages:${PYTHONPATH} /usr/bin/cmake --build /home/fabiocar/fabiocar/build/vesc_driver -- -j12 -l12
[1.014s] [35m[1mConsolidate compiler generated dependencies of target vesc_driver_node[0m
[1.016s] [35m[1mConsolidate compiler generated dependencies of target vesc_driver[0m
[1.041s] [ 20%] Built target vesc_driver_node
[1.053s] [ 60%] [32mBuilding CXX object CMakeFiles/vesc_driver.dir/src/vesc_interface.cpp.o[0m
[1.053s] [ 60%] [32mBuilding CXX object CMakeFiles/vesc_driver.dir/src/vesc_packet.cpp.o[0m
[1.054s] [ 60%] [32mBuilding CXX object CMakeFiles/vesc_driver.dir/src/vesc_driver.cpp.o[0m
[1.054s] [ 60%] [32mBuilding CXX object CMakeFiles/vesc_driver.dir/src/vesc_packet_factory.cpp.o[0m
[16.645s] [ 70%] [32m[1mLinking CXX shared library libvesc_driver.so[0m
[17.626s] [ 70%] Built target vesc_driver
[17.664s] [ 90%] [32mBuilding CXX object CMakeFiles/vesc_device_namer.dir/src/vesc_device_uuid_lookup.cpp.o[0m
[17.665s] [ 90%] [32mBuilding CXX object CMakeFiles/vesc_device_namer.dir/src/vesc_device_namer.cpp.o[0m
[18.952s] [100%] [32m[1mLinking CXX executable vesc_device_namer[0m
[19.380s] [100%] Built target vesc_device_namer
[19.401s] Invoked command in '/home/fabiocar/fabiocar/build/vesc_driver' returned '0': AMENT_PREFIX_PATH=/home/fabiocar/fabiocar/install/vesc_msgs:${AMENT_PREFIX_PATH} CMAKE_PREFIX_PATH=/home/fabiocar/fabiocar/install/vesc_msgs:/home/fabiocar/roboracer_ws/install/f1tenth_stack:/home/fabiocar/roboracer_ws/install/vesc:/home/fabiocar/roboracer_ws/install/vesc_driver:/home/fabiocar/roboracer_ws/install/vesc_ackermann:/home/fabiocar/roboracer_ws/install/vesc_msgs:/home/fabiocar/roboracer_ws/install/mpc_controller:/home/fabiocar/roboracer_ws/install/llm_mpc_tuner:/home/fabiocar/roboracer_ws/install/ackermann_mux:/opt/ros/humble LD_LIBRARY_PATH=/home/fabiocar/fabiocar/install/vesc_msgs/lib:${LD_LIBRARY_PATH} PYTHONPATH=/home/fabiocar/fabiocar/install/vesc_msgs/local/lib/python3.10/dist-packages:${PYTHONPATH} /usr/bin/cmake --build /home/fabiocar/fabiocar/build/vesc_driver -- -j12 -l12
[19.406s] Invoking command in '/home/fabiocar/fabiocar/build/vesc_driver': AMENT_PREFIX_PATH=/home/fabiocar/fabiocar/install/vesc_msgs:${AMENT_PREFIX_PATH} CMAKE_PREFIX_PATH=/home/fabiocar/fabiocar/install/vesc_msgs:/home/fabiocar/roboracer_ws/install/f1tenth_stack:/home/fabiocar/roboracer_ws/install/vesc:/home/fabiocar/roboracer_ws/install/vesc_driver:/home/fabiocar/roboracer_ws/install/vesc_ackermann:/home/fabiocar/roboracer_ws/install/vesc_msgs:/home/fabiocar/roboracer_ws/install/mpc_controller:/home/fabiocar/roboracer_ws/install/llm_mpc_tuner:/home/fabiocar/roboracer_ws/install/ackermann_mux:/opt/ros/humble LD_LIBRARY_PATH=/home/fabiocar/fabiocar/install/vesc_msgs/lib:${LD_LIBRARY_PATH} PYTHONPATH=/home/fabiocar/fabiocar/install/vesc_msgs/local/lib/python3.10/dist-packages:${PYTHONPATH} /usr/bin/cmake --install /home/fabiocar/fabiocar/build/vesc_driver
[19.418s] -- Install configuration: ""
[19.419s] -- Execute custom install script
[19.419s] -- Up-to-date symlink: /home/fabiocar/fabiocar/install/vesc_driver/lib/vesc_driver/vesc_driver_node
[19.420s] -- Up-to-date symlink: /home/fabiocar/fabiocar/install/vesc_driver/include/vesc_driver/crc.hpp
[19.420s] -- Up-to-date symlink: /home/fabiocar/fabiocar/install/vesc_driver/include/vesc_driver/datatypes.hpp
[19.421s] -- Symlinking: /home/fabiocar/fabiocar/install/vesc_driver/include/vesc_driver/vesc_device_uuid_lookup.hpp
[19.437s] -- Up-to-date symlink: /home/fabiocar/fabiocar/install/vesc_driver/include/vesc_driver/vesc_driver.hpp
[19.437s] -- Up-to-date symlink: /home/fabiocar/fabiocar/install/vesc_driver/include/vesc_driver/vesc_interface.hpp
[19.437s] -- Up-to-date symlink: /home/fabiocar/fabiocar/install/vesc_driver/include/vesc_driver/vesc_packet.hpp
[19.437s] -- Up-to-date symlink: /home/fabiocar/fabiocar/install/vesc_driver/include/vesc_driver/vesc_packet_factory.hpp
[19.438s] -- Up-to-date symlink: /home/fabiocar/fabiocar/install/vesc_driver/share/vesc_driver/environment/library_path.sh
[19.438s] -- Up-to-date symlink: /home/fabiocar/fabiocar/install/vesc_driver/share/vesc_driver/environment/library_path.dsv
[19.438s] -- Up-to-date symlink: /home/fabiocar/fabiocar/install/vesc_driver/lib/libvesc_driver.so
[19.438s] -- Symlinking: /home/fabiocar/fabiocar/install/vesc_driver/lib/vesc_driver/vesc_device_namer
[19.454s] -- Up-to-date symlink: /home/fabiocar/fabiocar/install/vesc_driver/share/vesc_driver/launch/vesc_driver_node.launch.py
[19.454s] -- Up-to-date symlink: /home/fabiocar/fabiocar/install/vesc_driver/share/vesc_driver/params/vesc_config.yaml
[19.454s] -- Up-to-date symlink: /home/fabiocar/fabiocar/install/vesc_driver/share/ament_index/resource_index/package_run_dependencies/vesc_driver
[19.455s] -- Up-to-date symlink: /home/fabiocar/fabiocar/install/vesc_driver/share/ament_index/resource_index/parent_prefix_path/vesc_driver
[19.455s] -- Up-to-date symlink: /home/fabiocar/fabiocar/install/vesc_driver/share/vesc_driver/environment/ament_prefix_path.sh
[19.455s] -- Up-to-date symlink: /home/fabiocar/fabiocar/install/vesc_driver/share/vesc_driver/environment/ament_prefix_path.dsv
[19.456s] -- Up-to-date symlink: /home/fabiocar/fabiocar/install/vesc_driver/share/vesc_driver/environment/path.sh
[19.456s] -- Up-to-date symlink: /home/fabiocar/fabiocar/install/vesc_driver/share/vesc_driver/environment/path.dsv
[19.456s] -- Up-to-date symlink: /home/fabiocar/fabiocar/install/vesc_driver/share/vesc_driver/local_setup.bash
[19.457s] -- Up-to-date symlink: /home/fabiocar/fabiocar/install/vesc_driver/share/vesc_driver/local_setup.sh
[19.457s] -- Up-to-date symlink: /home/fabiocar/fabiocar/install/vesc_driver/share/vesc_driver/local_setup.zsh
[19.457s] -- Up-to-date symlink: /home/fabiocar/fabiocar/install/vesc_driver/share/vesc_driver/local_setup.dsv
[19.457s] -- Symlinking: /home/fabiocar/fabiocar/install/vesc_driver/share/vesc_driver/package.dsv
[19.476s] -- Up-to-date symlink: /home/fabiocar/fabiocar/install/vesc_driver/share/ament_index/resource_index/packages/vesc_driver
[19.476s] -- Up-to-date symlink: /home/fabiocar/fabiocar/install/vesc_driver/share/ament_index/resource_index/rclcpp_components/vesc_driver
[19.476s] -- Up-to-date symlink: /home/fabiocar/fabiocar/install/vesc_driver/share/vesc_driver/cmake/ament_cmake_export_dependencies-extras.cmake
[19.477s] -- Up-to-date symlink: /home/fabiocar/fabiocar/install/vesc_driver/share/vesc_driver/cmake/ament_cmake_export_include_directories-extras.cmake
[19.477s] -- Up-to-date symlink: /home/fabiocar/fabiocar/install/vesc_driver/share/vesc_driver/cmake/ament_cmake_export_libraries-extras.cmake
[19.477s] -- Up-to-date symlink: /home/fabiocar/fabiocar/install/vesc_driver/share/vesc_driver/cmake/vesc_driverConfig.cmake
[19.478s] -- Up-to-date symlink: /home/fabiocar/fabiocar/install/vesc_driver/share/vesc_driver/cmake/vesc_driverConfig-version.cmake
[19.478s] -- Up-to-date symlink: /home/fabiocar/fabiocar/install/vesc_driver/share/vesc_driver/package.xml
[19.484s] Invoked command in '/home/fabiocar/fabiocar/build/vesc_driver' returned '0': AMENT_PREFIX_PATH=/home/fabiocar/fabiocar/install/vesc_msgs:${AMENT_PREFIX_PATH} CMAKE_PREFIX_PATH=/home/fabiocar/fabiocar/install/vesc_msgs:/home/fabiocar/roboracer_ws/install/f1tenth_stack:/home/fabiocar/roboracer_ws/install/vesc:/home/fabiocar/roboracer_ws/install/vesc_driver:/home/fabiocar/roboracer_ws/install/vesc_ackermann:/home/fabiocar/roboracer_ws/install/vesc_msgs:/home/fabiocar/roboracer_ws/install/mpc_controller:/home/fabiocar/roboracer_ws/install/llm_mpc_tuner:/home/fabiocar/roboracer_ws/install/ackermann_mux:/opt/ros/humble LD_LIBRARY_PATH=/home/fabiocar/fabiocar/install/vesc_msgs/lib:${LD_LIBRARY_PATH} PYTHONPATH=/home/fabiocar/fabiocar/install/vesc_msgs/local/lib/python3.10/dist-packages:${PYTHONPATH} /usr/bin/cmake --install /home/fabiocar/fabiocar/build/vesc_driver
