[1.622s] Invoking command in '/home/fabiocar/fabiocar/build/mpc_controller': PYTHONPATH=/home/fabiocar/fabiocar/build/mpc_controller/prefix_override:/usr/lib/python3/dist-packages/colcon_core/task/python/colcon_distutils_commands:/home/fabiocar/fabiocar/install/mpc_controller/lib/python3.10/site-packages:${PYTHONPATH} /usr/bin/python3 -W ignore:setup.py install is deprecated -W ignore:easy_install command is deprecated setup.py develop --editable --build-directory /home/fabiocar/fabiocar/build/mpc_controller/build --no-deps symlink_data --force
[2.105s] running develop
[2.422s] running egg_info
[2.445s] writing mpc_controller.egg-info/PKG-INFO
[2.446s] writing dependency_links to mpc_controller.egg-info/dependency_links.txt
[2.446s] writing entry points to mpc_controller.egg-info/entry_points.txt
[2.447s] writing requirements to mpc_controller.egg-info/requires.txt
[2.447s] writing top-level names to mpc_controller.egg-info/top_level.txt
[2.495s] reading manifest file 'mpc_controller.egg-info/SOURCES.txt'
[2.497s] writing manifest file 'mpc_controller.egg-info/SOURCES.txt'
[2.521s] running build_ext
[2.522s] Creating /home/fabiocar/fabiocar/install/mpc_controller/lib/python3.10/site-packages/mpc-controller.egg-link (link to .)
[2.523s] Installing frenet_mpc_node script to /home/fabiocar/fabiocar/install/mpc_controller/lib/mpc_controller
[2.523s] Installing kinematic_mpc_node script to /home/fabiocar/fabiocar/install/mpc_controller/lib/mpc_controller
[2.524s] Installing mpc_node script to /home/fabiocar/fabiocar/install/mpc_controller/lib/mpc_controller
[2.524s] Installing trajectory_mpc_node script to /home/fabiocar/fabiocar/install/mpc_controller/lib/mpc_controller
[2.524s] 
[2.525s] Installed /home/fabiocar/fabiocar/build/mpc_controller
[2.525s] running symlink_data
[2.525s] symbolically linking /home/fabiocar/fabiocar/build/mpc_controller/resource/mpc_controller -> /home/fabiocar/fabiocar/install/mpc_controller/share/ament_index/resource_index/packages
[2.525s] symbolically linking /home/fabiocar/fabiocar/build/mpc_controller/package.xml -> /home/fabiocar/fabiocar/install/mpc_controller/share/mpc_controller
[2.612s] Invoked command in '/home/fabiocar/fabiocar/build/mpc_controller' returned '0': PYTHONPATH=/home/fabiocar/fabiocar/build/mpc_controller/prefix_override:/usr/lib/python3/dist-packages/colcon_core/task/python/colcon_distutils_commands:/home/fabiocar/fabiocar/install/mpc_controller/lib/python3.10/site-packages:${PYTHONPATH} /usr/bin/python3 -W ignore:setup.py install is deprecated -W ignore:easy_install command is deprecated setup.py develop --editable --build-directory /home/fabiocar/fabiocar/build/mpc_controller/build --no-deps symlink_data --force
