/home/fabiocar/fabiocar/install/mpc_controller/lib/python3.10/site-packages/mpc_controller/__init__.py
/home/fabiocar/fabiocar/install/mpc_controller/lib/python3.10/site-packages/mpc_controller/mpc_node.py
/home/fabiocar/fabiocar/install/mpc_controller/lib/python3.10/site-packages/mpc_controller/frenet_mpc_node.py
/home/fabiocar/fabiocar/install/mpc_controller/lib/python3.10/site-packages/mpc_controller/kinematic_mpc_node.py
/home/fabiocar/fabiocar/install/mpc_controller/lib/python3.10/site-packages/mpc_controller/trajectory_mpc_node.py
/home/fabiocar/fabiocar/install/mpc_controller/lib/python3.10/site-packages/mpc_controller/__pycache__/__init__.cpython-310.pyc
/home/fabiocar/fabiocar/install/mpc_controller/lib/python3.10/site-packages/mpc_controller/__pycache__/mpc_node.cpython-310.pyc
/home/fabiocar/fabiocar/install/mpc_controller/lib/python3.10/site-packages/mpc_controller/__pycache__/frenet_mpc_node.cpython-310.pyc
/home/fabiocar/fabiocar/install/mpc_controller/lib/python3.10/site-packages/mpc_controller/__pycache__/kinematic_mpc_node.cpython-310.pyc
/home/fabiocar/fabiocar/install/mpc_controller/lib/python3.10/site-packages/mpc_controller/__pycache__/trajectory_mpc_node.cpython-310.pyc
/home/fabiocar/fabiocar/install/mpc_controller/share/ament_index/resource_index/packages/mpc_controller
/home/fabiocar/fabiocar/install/mpc_controller/share/mpc_controller/package.xml
/home/fabiocar/fabiocar/install/mpc_controller/lib/python3.10/site-packages/mpc_controller-0.0.0-py3.10.egg-info/SOURCES.txt
/home/fabiocar/fabiocar/install/mpc_controller/lib/python3.10/site-packages/mpc_controller-0.0.0-py3.10.egg-info/dependency_links.txt
/home/fabiocar/fabiocar/install/mpc_controller/lib/python3.10/site-packages/mpc_controller-0.0.0-py3.10.egg-info/zip-safe
/home/fabiocar/fabiocar/install/mpc_controller/lib/python3.10/site-packages/mpc_controller-0.0.0-py3.10.egg-info/requires.txt
/home/fabiocar/fabiocar/install/mpc_controller/lib/python3.10/site-packages/mpc_controller-0.0.0-py3.10.egg-info/entry_points.txt
/home/fabiocar/fabiocar/install/mpc_controller/lib/python3.10/site-packages/mpc_controller-0.0.0-py3.10.egg-info/PKG-INFO
/home/fabiocar/fabiocar/install/mpc_controller/lib/python3.10/site-packages/mpc_controller-0.0.0-py3.10.egg-info/top_level.txt
/home/fabiocar/fabiocar/install/mpc_controller/lib/mpc_controller/frenet_mpc_node
/home/fabiocar/fabiocar/install/mpc_controller/lib/mpc_controller/kinematic_mpc_node
/home/fabiocar/fabiocar/install/mpc_controller/lib/mpc_controller/mpc_node
/home/fabiocar/fabiocar/install/mpc_controller/lib/mpc_controller/trajectory_mpc_node
