[0.033s] Invoking command in '/home/fabiocar/fabiocar/build/ackermann_mux': CMAKE_PREFIX_PATH=${CMAKE_PREFIX_PATH}:/home/fabiocar/roboracer_ws/install/f1tenth_stack:/home/fabiocar/roboracer_ws/install/mpc_controller:/home/fabiocar/roboracer_ws/install/llm_mpc_tuner:/opt/ros/humble /usr/bin/cmake --build /home/fabiocar/fabiocar/build/ackermann_mux -- -j12 -l12
[0.371s] [100%] Built target ackermann_mux
[0.372s] Invoked command in '/home/fabiocar/fabiocar/build/ackermann_mux' returned '0': CMAKE_PREFIX_PATH=${CMAKE_PREFIX_PATH}:/home/fabiocar/roboracer_ws/install/f1tenth_stack:/home/fabiocar/roboracer_ws/install/mpc_controller:/home/fabiocar/roboracer_ws/install/llm_mpc_tuner:/opt/ros/humble /usr/bin/cmake --build /home/fabiocar/fabiocar/build/ackermann_mux -- -j12 -l12
[0.386s] Invoking command in '/home/fabiocar/fabiocar/build/ackermann_mux': CMAKE_PREFIX_PATH=${CMAKE_PREFIX_PATH}:/home/fabiocar/roboracer_ws/install/f1tenth_stack:/home/fabiocar/roboracer_ws/install/mpc_controller:/home/fabiocar/roboracer_ws/install/llm_mpc_tuner:/opt/ros/humble /usr/bin/cmake --install /home/fabiocar/fabiocar/build/ackermann_mux
[0.725s] -- Install configuration: ""
[0.726s] -- Execute custom install script
[0.726s] -- Up-to-date symlink: /home/fabiocar/fabiocar/install/ackermann_mux/lib/ackermann_mux/ackermann_mux
[0.726s] -- Up-to-date symlink: /home/fabiocar/fabiocar/install/ackermann_mux/share/ackermann_mux/launch/ackermann_mux_launch.py
[0.728s] -- Up-to-date symlink: /home/fabiocar/fabiocar/install/ackermann_mux/share/ackermann_mux/config/ackermann_mux_locks.yaml
[0.729s] -- Up-to-date symlink: /home/fabiocar/fabiocar/install/ackermann_mux/share/ackermann_mux/config/ackermann_mux_topics.yaml
[0.730s] -- Up-to-date symlink: /home/fabiocar/fabiocar/install/ackermann_mux/share/ackermann_mux/config/joystick.yaml
[0.731s] -- Up-to-date symlink: /home/fabiocar/fabiocar/install/ackermann_mux/include/ackermann_mux/ackermann_mux.hpp
[0.733s] -- Up-to-date symlink: /home/fabiocar/fabiocar/install/ackermann_mux/include/ackermann_mux/ackermann_mux_diagnostics.hpp
[0.734s] -- Up-to-date symlink: /home/fabiocar/fabiocar/install/ackermann_mux/include/ackermann_mux/ackermann_mux_diagnostics_status.hpp
[0.736s] -- Up-to-date symlink: /home/fabiocar/fabiocar/install/ackermann_mux/include/ackermann_mux/params_helpers.hpp
[0.736s] -- Up-to-date symlink: /home/fabiocar/fabiocar/install/ackermann_mux/include/ackermann_mux/topic_handle.hpp
[0.737s] -- Up-to-date symlink: /home/fabiocar/fabiocar/install/ackermann_mux/include/ackermann_mux/utils.hpp
[0.737s] -- Up-to-date symlink: /home/fabiocar/fabiocar/install/ackermann_mux/share/ament_index/resource_index/package_run_dependencies/ackermann_mux
[0.738s] -- Up-to-date symlink: /home/fabiocar/fabiocar/install/ackermann_mux/share/ament_index/resource_index/parent_prefix_path/ackermann_mux
[0.738s] -- Up-to-date symlink: /home/fabiocar/fabiocar/install/ackermann_mux/share/ackermann_mux/environment/ament_prefix_path.sh
[0.739s] -- Up-to-date symlink: /home/fabiocar/fabiocar/install/ackermann_mux/share/ackermann_mux/environment/ament_prefix_path.dsv
[0.739s] -- Up-to-date symlink: /home/fabiocar/fabiocar/install/ackermann_mux/share/ackermann_mux/environment/path.sh
[0.740s] -- Up-to-date symlink: /home/fabiocar/fabiocar/install/ackermann_mux/share/ackermann_mux/environment/path.dsv
[0.740s] -- Up-to-date symlink: /home/fabiocar/fabiocar/install/ackermann_mux/share/ackermann_mux/local_setup.bash
[0.741s] -- Up-to-date symlink: /home/fabiocar/fabiocar/install/ackermann_mux/share/ackermann_mux/local_setup.sh
[0.741s] -- Up-to-date symlink: /home/fabiocar/fabiocar/install/ackermann_mux/share/ackermann_mux/local_setup.zsh
[0.741s] -- Up-to-date symlink: /home/fabiocar/fabiocar/install/ackermann_mux/share/ackermann_mux/local_setup.dsv
[0.742s] -- Symlinking: /home/fabiocar/fabiocar/install/ackermann_mux/share/ackermann_mux/package.dsv
[0.742s] -- Up-to-date symlink: /home/fabiocar/fabiocar/install/ackermann_mux/share/ament_index/resource_index/packages/ackermann_mux
[0.743s] -- Up-to-date symlink: /home/fabiocar/fabiocar/install/ackermann_mux/share/ackermann_mux/cmake/ament_cmake_export_include_directories-extras.cmake
[0.743s] -- Up-to-date symlink: /home/fabiocar/fabiocar/install/ackermann_mux/share/ackermann_mux/cmake/ament_cmake_export_dependencies-extras.cmake
[0.744s] -- Up-to-date symlink: /home/fabiocar/fabiocar/install/ackermann_mux/share/ackermann_mux/cmake/ackermann_muxConfig.cmake
[0.744s] -- Up-to-date symlink: /home/fabiocar/fabiocar/install/ackermann_mux/share/ackermann_mux/cmake/ackermann_muxConfig-version.cmake
[0.745s] -- Up-to-date symlink: /home/fabiocar/fabiocar/install/ackermann_mux/share/ackermann_mux/package.xml
[0.746s] Invoked command in '/home/fabiocar/fabiocar/build/ackermann_mux' returned '0': CMAKE_PREFIX_PATH=${CMAKE_PREFIX_PATH}:/home/fabiocar/roboracer_ws/install/f1tenth_stack:/home/fabiocar/roboracer_ws/install/mpc_controller:/home/fabiocar/roboracer_ws/install/llm_mpc_tuner:/opt/ros/humble /usr/bin/cmake --install /home/fabiocar/fabiocar/build/ackermann_mux
